<html>
<body>
<pre>
<h1>µVision Build Log</h1>
<h2>Tool Versions:</h2>
IDE-Version: ¦ÌVision V5.41.0.0
Copyright (C) 2024 ARM Ltd and ARM Germany GmbH. All rights reserved.
License Information: Yang yufei, Zhejiang University, LIC=IK1BF-6IS5Y-GKQBG-VMX2R-DWAZS-W72YJ
 
Tool Versions:
Toolchain:       MDK-ARM Plus  Version: 5.41.0.0
Toolchain Path:  D:\Keil5\ARM\ARMCC\Bin
C Compiler:      Armcc.exe V5.06 update 7 (build 960)
Assembler:       Armasm.exe V5.06 update 7 (build 960)
Linker/Locator:  ArmLink.exe V5.06 update 7 (build 960)
Library Manager: ArmAr.exe V5.06 update 7 (build 960)
Hex Converter:   FromElf.exe V5.06 update 7 (build 960)
CPU DLL:         SARMCM3.DLL V5.41.0.0
Dialog DLL:      DCM.DLL V1.17.5.0
Target DLL:      STLink\ST-LINKIII-KEIL_SWO.dll V3.3.0.0
Dialog DLL:      TCM.DLL V1.56.4.0
 
<h2>Project:</h2>
F:\Course_Project\2019\stm32f407\AmpPerfEval\MDK-ARM\AmpPerfEval.uvprojx
Project File Date:  07/23/2025

<h2>Output:</h2>
*** Using Compiler 'V5.06 update 7 (build 960)', folder: 'D:\Keil5\ARM\ARMCC\Bin'
Build target 'AmpPerfEval'
compiling sweep_freq_response.c...
..\Users\data_process\sweep_freq_response.c(354): warning:  #550-D: variable "result_valid"  was set but never used
          bool result_valid = true;
..\Users\data_process\sweep_freq_response.c(397): warning:  #1035-D: single-precision operand implicitly converted to double-precision
      float Rin = (V_s * 1e-3 * 0.5 - res->adc_in_Result.amplitude/V_Rs_Gain)/(res->adc_in_Result.amplitude/V_Rs_Gain) * R_s;
..\Users\data_process\sweep_freq_response.c(633): warning:  #1035-D: single-precision operand implicitly converted to double-precision
      float gain = (data_at_1k.adc_ac_out_Result.amplitude * 247 /(11.0 * 47.0)) / (V_s * 1e-3 * 0.5 - data_at_1k.adc_in_Result.amplitude/V_Rs_Gain) ;
..\Users\data_process\sweep_freq_response.c(657): warning:  #225-D: the format string ends before this argument
          sprintf(dispBuff, "%.3f V", v_out.amplitude, "(measured)");
..\Users\data_process\sweep_freq_response.c(833): warning:  #1035-D: single-precision operand implicitly converted to double-precision
              result->gain_db = 20.0f * log10f(result->output_amp /2.07 / ( V_s * 1e-3 * 0.5 - result->input_amp/V_Rs_Gain ));
..\Users\data_process\sweep_freq_response.c(833): warning:  #1035-D: single-precision operand implicitly converted to double-precision
              result->gain_db = 20.0f * log10f(result->output_amp /2.07 / ( V_s * 1e-3 * 0.5 - result->input_amp/V_Rs_Gain ));
..\Users\data_process\sweep_freq_response.c(1308): warning:  #1035-D: single-precision operand implicitly converted to double-precision
      float input_amp = V_s * 1e-3 * 0.5 - data_at_1k.adc_in_Result.amplitude/V_Rs_Gain;
..\Users\data_process\sweep_freq_response.c(77): warning:  #177-D: function "average_float_array"  was declared but never referenced
  static float average_float_array(const float *arr, int N)
..\Users\data_process\sweep_freq_response.c(671): warning:  #177-D: function "DisplayRout"  was declared but never referenced
  static void DisplayRout(float Rout)
..\Users\data_process\sweep_freq_response.c: 9 warnings, 0 errors
linking...
Program Size: Code=53264 RO-data=127364 RW-data=12376 ZI-data=41096  
FromELF: creating hex file...
"AmpPerfEval\AmpPerfEval.axf" - 0 Error(s), 9 Warning(s).

<h2>Software Packages used:</h2>

Package Vendor: ARM
                https://www.keil.com/pack/ARM.CMSIS.6.1.0.pack
                ARM::CMSIS@6.1.0
                CMSIS (Common Microcontroller Software Interface Standard)
   * Component: CORE Version: 6.1.0

Package Vendor: Keil
                https://www.keil.com/pack/Keil.STM32F4xx_DFP.3.0.0.pack
                Keil::STM32F4xx_DFP@3.0.0
                STMicroelectronics STM32F4 Series Device Support

<h2>Collection of Component include folders:</h2>
  ./RTE/_AmpPerfEval
  D:/Keil5/ARM/PACK/ARM/CMSIS/6.1.0/CMSIS/Core/Include

<h2>Collection of Component Files used:</h2>

   * Component: ARM::CMSIS:CORE@6.1.0
      Include file:  CMSIS/Core/Include/tz_context.h
Build Time Elapsed:  00:00:05
</pre>
</body>
</html>
