Component: ARM Compiler 5.06 update 7 (build 960) Tool: armlink [4d3601]

==============================================================================

Section Cross References

    startup_stm32f407xx.o(RESET) refers to startup_stm32f407xx.o(STACK) for __initial_sp
    startup_stm32f407xx.o(RESET) refers to startup_stm32f407xx.o(.text) for Reset_Handler
    startup_stm32f407xx.o(RESET) refers to stm32f4xx_it.o(i.NMI_Handler) for NMI_Handler
    startup_stm32f407xx.o(RESET) refers to stm32f4xx_it.o(i.HardFault_Handler) for HardFault_Handler
    startup_stm32f407xx.o(RESET) refers to stm32f4xx_it.o(i.MemManage_Handler) for MemManage_Handler
    startup_stm32f407xx.o(RESET) refers to stm32f4xx_it.o(i.BusFault_Handler) for BusFault_Handler
    startup_stm32f407xx.o(RESET) refers to stm32f4xx_it.o(i.UsageFault_Handler) for UsageFault_Handler
    startup_stm32f407xx.o(RESET) refers to stm32f4xx_it.o(i.SVC_Handler) for SVC_Handler
    startup_stm32f407xx.o(RESET) refers to stm32f4xx_it.o(i.DebugMon_Handler) for DebugMon_Handler
    startup_stm32f407xx.o(RESET) refers to stm32f4xx_it.o(i.PendSV_Handler) for PendSV_Handler
    startup_stm32f407xx.o(RESET) refers to stm32f4xx_it.o(i.SysTick_Handler) for SysTick_Handler
    startup_stm32f407xx.o(RESET) refers to stm32f4xx_it.o(i.USART1_IRQHandler) for USART1_IRQHandler
    startup_stm32f407xx.o(RESET) refers to stm32f4xx_it.o(i.DMA2_Stream0_IRQHandler) for DMA2_Stream0_IRQHandler
    startup_stm32f407xx.o(.text) refers to system_stm32f4xx.o(i.SystemInit) for SystemInit
    startup_stm32f407xx.o(.text) refers to entry.o(.ARM.Collect$$$$00000000) for __main
    main.o(i.SystemClock_Config) refers to memseta.o(.text) for __aeabi_memclr4
    main.o(i.SystemClock_Config) refers to stm32f4xx_hal_rcc.o(i.HAL_RCC_OscConfig) for HAL_RCC_OscConfig
    main.o(i.SystemClock_Config) refers to stm32f4xx_hal_rcc.o(i.HAL_RCC_ClockConfig) for HAL_RCC_ClockConfig
    main.o(i.main) refers to stm32f4xx_hal.o(i.HAL_Init) for HAL_Init
    main.o(i.main) refers to main.o(i.SystemClock_Config) for SystemClock_Config
    main.o(i.main) refers to gpio.o(i.MX_GPIO_Init) for MX_GPIO_Init
    main.o(i.main) refers to dma.o(i.MX_DMA_Init) for MX_DMA_Init
    main.o(i.main) refers to adc.o(i.MX_ADC1_Init) for MX_ADC1_Init
    main.o(i.main) refers to usart.o(i.MX_USART1_UART_Init) for MX_USART1_UART_Init
    main.o(i.main) refers to fsmc.o(i.MX_FSMC_Init) for MX_FSMC_Init
    main.o(i.main) refers to tim.o(i.MX_TIM2_Init) for MX_TIM2_Init
    main.o(i.main) refers to printfa.o(i.__0printf) for __2printf
    main.o(i.main) refers to lcd.o(i.LCD_Init) for LCD_Init
    main.o(i.main) refers to lcd.o(i.LCD_ShowString) for LCD_ShowString
    main.o(i.main) refers to key.o(i.KEY_Scan) for KEY_Scan
    main.o(i.main) refers to sweep_freq_response.o(i.Basic_Measurement) for Basic_Measurement
    main.o(i.main) refers to sweep_freq_response.o(i.Auto_Frequency_Response_Measurement) for Auto_Frequency_Response_Measurement
    main.o(i.main) refers to stm32f4xx_hal.o(i.HAL_Delay) for HAL_Delay
    main.o(i.main) refers to key.o(.data) for current_system_state
    gpio.o(i.MX_GPIO_Init) refers to memseta.o(.text) for __aeabi_memclr4
    gpio.o(i.MX_GPIO_Init) refers to stm32f4xx_hal_gpio.o(i.HAL_GPIO_WritePin) for HAL_GPIO_WritePin
    gpio.o(i.MX_GPIO_Init) refers to stm32f4xx_hal_gpio.o(i.HAL_GPIO_Init) for HAL_GPIO_Init
    adc.o(i.HAL_ADC_ConvCpltCallback) refers to adc.o(.data) for .data
    adc.o(i.HAL_ADC_MspDeInit) refers to stm32f4xx_hal_gpio.o(i.HAL_GPIO_DeInit) for HAL_GPIO_DeInit
    adc.o(i.HAL_ADC_MspDeInit) refers to stm32f4xx_hal_dma.o(i.HAL_DMA_DeInit) for HAL_DMA_DeInit
    adc.o(i.HAL_ADC_MspInit) refers to memseta.o(.text) for __aeabi_memclr4
    adc.o(i.HAL_ADC_MspInit) refers to stm32f4xx_hal_gpio.o(i.HAL_GPIO_Init) for HAL_GPIO_Init
    adc.o(i.HAL_ADC_MspInit) refers to stm32f4xx_hal_dma.o(i.HAL_DMA_Init) for HAL_DMA_Init
    adc.o(i.HAL_ADC_MspInit) refers to main.o(i.Error_Handler) for Error_Handler
    adc.o(i.HAL_ADC_MspInit) refers to adc.o(.bss) for .bss
    adc.o(i.MX_ADC1_Init) refers to memseta.o(.text) for __aeabi_memclr4
    adc.o(i.MX_ADC1_Init) refers to stm32f4xx_hal_adc.o(i.HAL_ADC_Init) for HAL_ADC_Init
    adc.o(i.MX_ADC1_Init) refers to main.o(i.Error_Handler) for Error_Handler
    adc.o(i.MX_ADC1_Init) refers to stm32f4xx_hal_adc.o(i.HAL_ADC_ConfigChannel) for HAL_ADC_ConfigChannel
    adc.o(i.MX_ADC1_Init) refers to stm32f4xx_hal_adc_ex.o(i.HAL_ADCEx_InjectedConfigChannel) for HAL_ADCEx_InjectedConfigChannel
    adc.o(i.MX_ADC1_Init) refers to adc.o(.bss) for .bss
    dma.o(i.MX_DMA_Init) refers to stm32f4xx_hal_cortex.o(i.HAL_NVIC_SetPriority) for HAL_NVIC_SetPriority
    dma.o(i.MX_DMA_Init) refers to stm32f4xx_hal_cortex.o(i.HAL_NVIC_EnableIRQ) for HAL_NVIC_EnableIRQ
    fsmc.o(i.HAL_FSMC_MspInit) refers to memseta.o(.text) for __aeabi_memclr4
    fsmc.o(i.HAL_FSMC_MspInit) refers to stm32f4xx_hal_gpio.o(i.HAL_GPIO_Init) for HAL_GPIO_Init
[...]
    i.TIM_TI1_ConfigInputStage               0x0800a174   Section        0  stm32f4xx_hal_tim.o(i.TIM_TI1_ConfigInputStage)
    TIM_TI1_ConfigInputStage                 0x0800a175   Thumb Code    34  stm32f4xx_hal_tim.o(i.TIM_TI1_ConfigInputStage)
    i.TIM_TI2_ConfigInputStage               0x0800a196   Section        0  stm32f4xx_hal_tim.o(i.TIM_TI2_ConfigInputStage)
    TIM_TI2_ConfigInputStage                 0x0800a197   Thumb Code    36  stm32f4xx_hal_tim.o(i.TIM_TI2_ConfigInputStage)
    i.Tim2_Config_AutoFs                     0x0800a1bc   Section        0  tim.o(i.Tim2_Config_AutoFs)
    i.UART_DMAAbortOnError                   0x0800a2b0   Section        0  stm32f4xx_hal_uart.o(i.UART_DMAAbortOnError)
    UART_DMAAbortOnError                     0x0800a2b1   Thumb Code    14  stm32f4xx_hal_uart.o(i.UART_DMAAbortOnError)
    i.UART_EndRxTransfer                     0x0800a2be   Section        0  stm32f4xx_hal_uart.o(i.UART_EndRxTransfer)
    UART_EndRxTransfer                       0x0800a2bf   Thumb Code    78  stm32f4xx_hal_uart.o(i.UART_EndRxTransfer)
    i.UART_Receive_IT                        0x0800a30c   Section        0  stm32f4xx_hal_uart.o(i.UART_Receive_IT)
    UART_Receive_IT                          0x0800a30d   Thumb Code   194  stm32f4xx_hal_uart.o(i.UART_Receive_IT)
    i.UART_SetConfig                         0x0800a3d0   Section        0  stm32f4xx_hal_uart.o(i.UART_SetConfig)
    UART_SetConfig                           0x0800a3d1   Thumb Code   344  stm32f4xx_hal_uart.o(i.UART_SetConfig)
    i.UART_Start_Receive_IT                  0x0800a570   Section        0  stm32f4xx_hal_uart.o(i.UART_Start_Receive_IT)
    i.UART_WaitOnFlagUntilTimeout            0x0800a5a6   Section        0  stm32f4xx_hal_uart.o(i.UART_WaitOnFlagUntilTimeout)
    UART_WaitOnFlagUntilTimeout              0x0800a5a7   Thumb Code   114  stm32f4xx_hal_uart.o(i.UART_WaitOnFlagUntilTimeout)
    i.USART1_IRQHandler                      0x0800a618   Section        0  stm32f4xx_it.o(i.USART1_IRQHandler)
    i.UsageFault_Handler                     0x0800a624   Section        0  stm32f4xx_it.o(i.UsageFault_Handler)
    i.__0printf                              0x0800a628   Section        0  printfa.o(i.__0printf)
    i.__0sprintf                             0x0800a648   Section        0  printfa.o(i.__0sprintf)
    i.__ARM_fpclassifyf                      0x0800a670   Section        0  fpclassifyf.o(i.__ARM_fpclassifyf)
    i.__NVIC_SetPriority                     0x0800a696   Section        0  stm32f4xx_hal_cortex.o(i.__NVIC_SetPriority)
    __NVIC_SetPriority                       0x0800a697   Thumb Code    32  stm32f4xx_hal_cortex.o(i.__NVIC_SetPriority)
    i.__hardfp_log10f                        0x0800a6b8   Section        0  log10f.o(i.__hardfp_log10f)
    i.__hardfp_powf                          0x0800a838   Section        0  powf.o(i.__hardfp_powf)
    i.__hardfp_sinf                          0x0800ae9c   Section        0  sinf.o(i.__hardfp_sinf)
    i.__hardfp_sqrtf                         0x0800b02c   Section        0  sqrtf.o(i.__hardfp_sqrtf)
    i.__mathlib_flt_divzero                  0x0800b068   Section        0  funder.o(i.__mathlib_flt_divzero)
    i.__mathlib_flt_infnan                   0x0800b07c   Section        0  funder.o(i.__mathlib_flt_infnan)
    i.__mathlib_flt_infnan2                  0x0800b082   Section        0  funder.o(i.__mathlib_flt_infnan2)
    i.__mathlib_flt_invalid                  0x0800b088   Section        0  funder.o(i.__mathlib_flt_invalid)
    i.__mathlib_flt_overflow                 0x0800b098   Section        0  funder.o(i.__mathlib_flt_overflow)
    i.__mathlib_flt_underflow                0x0800b0a8   Section        0  funder.o(i.__mathlib_flt_underflow)
    i.__mathlib_rredf2                       0x0800b0b8   Section        0  rredf.o(i.__mathlib_rredf2)
    i.__scatterload_copy                     0x0800b20c   Section       14  handlers.o(i.__scatterload_copy)
    i.__scatterload_null                     0x0800b21a   Section        2  handlers.o(i.__scatterload_null)
    i.__scatterload_zeroinit                 0x0800b21c   Section       14  handlers.o(i.__scatterload_zeroinit)
    i.__set_errno                            0x0800b22c   Section        0  errno.o(i.__set_errno)
    i._fp_digits                             0x0800b238   Section        0  printfa.o(i._fp_digits)
    _fp_digits                               0x0800b239   Thumb Code   366  printfa.o(i._fp_digits)
    i._printf_core                           0x0800b3bc   Section        0  printfa.o(i._printf_core)
    _printf_core                             0x0800b3bd   Thumb Code  1704  printfa.o(i._printf_core)
    i._printf_post_padding                   0x0800ba70   Section        0  printfa.o(i._printf_post_padding)
    _printf_post_padding                     0x0800ba71   Thumb Code    36  printfa.o(i._printf_post_padding)
    i._printf_pre_padding                    0x0800ba94   Section        0  printfa.o(i._printf_pre_padding)
    _printf_pre_padding                      0x0800ba95   Thumb Code    46  printfa.o(i._printf_pre_padding)
    i._sputc                                 0x0800bac2   Section        0  printfa.o(i._sputc)
    _sputc                                   0x0800bac3   Thumb Code    10  printfa.o(i._sputc)
    i.ad9851_wr_parallel                     0x0800bacc   Section        0  bsp_ad9851.o(i.ad9851_wr_parallel)
    i.ad9851_wr_serial                       0x0800bb20   Section        0  bsp_ad9851.o(i.ad9851_wr_serial)
    i.assert_failed                          0x0800bc98   Section        0  main.o(i.assert_failed)
    i.fputc                                  0x0800bc9c   Section        0  usart.o(i.fputc)
    i.main                                   0x0800bcb4   Section        0  main.o(i.main)
    i.plot_Frequency_Response_Point          0x0800bd34   Section        0  sweep_freq_response.o(i.plot_Frequency_Response_Point)
    i.spectrum_analysis                      0x0800be4c   Section        0  spectrum_analysis.o(i.spectrum_analysis)
    i.tim2_set_fs                            0x0800c060   Section        0  tim.o(i.tim2_set_fs)
    tim2_set_fs                              0x0800c061   Thumb Code   190  tim.o(i.tim2_set_fs)
    .constdata                               0x0800c130   Section        8  stm32f4xx_hal_dma.o(.constdata)
    flagBitshiftOffset                       0x0800c130   Data           8  stm32f4xx_hal_dma.o(.constdata)
    .constdata                               0x0800c138   Section       16  system_stm32f4xx.o(.constdata)
    .constdata                               0x0800c148   Section        8  system_stm32f4xx.o(.constdata)
    .constdata                               0x0800c150   Section     6080  lcd.o(.constdata)
    .constdata                               0x0800d910   Section       60  sweep_freq_response.o(.constdata)
    .constdata                               0x0800d94c   Section       64  log10f.o(.constdata)
    logahi                                   0x0800d94c   Data          32  log10f.o(.constdata)
    logalo                                   0x0800d96c   Data          32  log10f.o(.constdata)
    .constdata                               0x0800d98c   Section      320  powf.o(.constdata)
    table                                    0x0800d98c   Data         128  powf.o(.constdata)
    powersof2to1over16top                    0x0800da0c   Data          64  powf.o(.constdata)
    powersof2to1over16bot                    0x0800da4c   Data          64  powf.o(.constdata)
    powersof2to1over16all                    0x0800da8c   Data          64  powf.o(.constdata)
    .constdata                               0x0800dacc   Section       32  rredf.o(.constdata)
    twooverpi                                0x0800dacc   Data          32  rredf.o(.constdata)
    .conststring                             0x0800daec   Section       19  sweep_freq_response.o(.conststring)
    .data                                    0x20000000   Section        1  adc.o(.data)
    .data                                    0x20000004   Section        8  fsmc.o(.data)
    FSMC_Initialized                         0x20000004   Data           4  fsmc.o(.data)
    FSMC_DeInitialized                       0x20000008   Data           4  fsmc.o(.data)
    .data                                    0x2000000c   Section        4  tim.o(.data)
    .data                                    0x20000010   Section        1  usart.o(.data)
    .data                                    0x20000014   Section       12  stm32f4xx_hal.o(.data)
    .data                                    0x20000020   Section        4  system_stm32f4xx.o(.data)
    .data                                    0x20000024   Section        4  lcd.o(.data)
    .data                                    0x20000028   Section       16  sweep_freq_response.o(.data)
    measurement_complete                     0x20000028   Data           1  sweep_freq_response.o(.data)
    current_point                            0x20000029   Data           1  sweep_freq_response.o(.data)
    r_out_measured                           0x2000002a   Data           1  sweep_freq_response.o(.data)
    first_refresh                            0x2000002b   Data           1  sweep_freq_response.o(.data)
    process_counter                          0x2000002c   Data           1  sweep_freq_response.o(.data)
    first_refresh                            0x2000002d   Data           1  sweep_freq_response.o(.data)
    r_out_value                              0x20000030   Data           4  sweep_freq_response.o(.data)
    current_fs                               0x20000034   Data           4  sweep_freq_response.o(.data)
    .data                                    0x20000038   Section       16  key.o(.data)
    key0_last_state                          0x2000003c   Data           1  key.o(.data)
    key1_last_state                          0x2000003d   Data           1  key.o(.data)
    last_tick0                               0x20000040   Data           4  key.o(.data)
    last_tick1                               0x20000044   Data           4  key.o(.data)
    .data                                    0x20000048   Section        4  stdout.o(.data)
    .data                                    0x2000004c   Section        4  errno.o(.data)
    _errno                                   0x2000004c   Data           4  errno.o(.data)
    .bss                                     0x20000050   Section    12288  adc.o(.bss)
    .bss                                     0x20003050   Section      168  adc.o(.bss)
    .bss                                     0x200030f8   Section       80  fsmc.o(.bss)
    .bss                                     0x20003148   Section       72  tim.o(.bss)
    .bss                                     0x20003190   Section       72  usart.o(.bss)
    .bss                                     0x200031d8   Section       14  lcd.o(.bss)
    .bss                                     0x200031e8   Section    25936  sweep_freq_response.o(.bss)
    v_out_with_load                          0x200031e8   Data         288  sweep_freq_response.o(.bss)
    adc_in_buffer                            0x20003308   Data        8192  sweep_freq_response.o(.bss)
    adc_ac_out_buffer                        0x20005308   Data        8192  sweep_freq_response.o(.bss)
    adc_dc_out_buffer                        0x20007308   Data        8192  sweep_freq_response.o(.bss)
    single_result                            0x20009308   Data          36  sweep_freq_response.o(.bss)
    data_at_1k                               0x2000932c   Data          36  sweep_freq_response.o(.bss)
    freq_response                            0x20009350   Data        1000  sweep_freq_response.o(.bss)
    .bss                                     0x20009738   Section     6148  spectrum_analysis.o(.bss)
    g_fft_workbuf                            0x20009738   Data        4096  spectrum_analysis.o(.bss)
    g_mag_buf                                0x2000a738   Data        2052  spectrum_analysis.o(.bss)
    STACK                                    0x2000af40   Section     1024  startup_stm32f407xx.o(STACK)

    Global Symbols

    Symbol Name                              Value     Ov Type        Size  Object(Section)

    BuildAttributes$$THM_ISAv4$E$P$D$K$B$S$7EM$VFPi3$EXTD16$VFPS$VFMA$PE$A:L22UL41UL21$X:L11$S22US41US21$IEEE1$IW$USESV6$~STKCKD$USESV7$~SHL$OTIME$ROPI$IEEEX$EBA8$MICROLIB$REQ8$PRES8$EABIv2 0x00000000   Number         0  anon$$obj.o ABSOLUTE
    __ARM_use_no_argv                        0x00000000   Number         0  main.o ABSOLUTE
    _printf_a                                0x00000000   Number         0  stubs.o ABSOLUTE
    _printf_c                                0x00000000   Number         0  stubs.o ABSOLUTE
    _printf_charcount                        0x00000000   Number         0  stubs.o ABSOLUTE
    _printf_d                                0x00000000   Number         0  stubs.o ABSOLUTE
    _printf_e                                0x00000000   Number         0  stubs.o ABSOLUTE
    _printf_f                                0x00000000   Number         0  stubs.o ABSOLUTE
    _printf_flags                            0x00000000   Number         0  stubs.o ABSOLUTE
    _printf_fp_dec                           0x00000000   Number         0  stubs.o ABSOLUTE
    _printf_fp_hex                           0x00000000   Number         0  stubs.o ABSOLUTE
    _printf_g                                0x00000000   Number         0  stubs.o ABSOLUTE
    _printf_i                                0x00000000   Number         0  stubs.o ABSOLUTE
    _printf_int_dec                          0x00000000   Number         0  stubs.o ABSOLUTE
    _printf_l                                0x00000000   Number         0  stubs.o ABSOLUTE
    _printf_lc                               0x00000000   Number         0  stubs.o ABSOLUTE
    _printf_ll                               0x00000000   Number         0  stubs.o ABSOLUTE
    _printf_lld                              0x00000000   Number         0  stubs.o ABSOLUTE
    _printf_lli                              0x00000000   Number         0  stubs.o ABSOLUTE
    _printf_llo                              0x00000000   Number         0  stubs.o ABSOLUTE
    _printf_llu                              0x00000000   Number         0  stubs.o ABSOLUTE
    _printf_llx                              0x00000000   Number         0  stubs.o ABSOLUTE
    _printf_longlong_dec                     0x00000000   Number         0  stubs.o ABSOLUTE
    _printf_longlong_hex                     0x00000000   Number         0  stubs.o ABSOLUTE
    _printf_longlong_oct                     0x00000000   Number         0  stubs.o ABSOLUTE
    _printf_ls                               0x00000000   Number         0  stubs.o ABSOLUTE
    _printf_mbtowc                           0x00000000   Number         0  stubs.o ABSOLUTE
    _printf_n                                0x00000000   Number         0  stubs.o ABSOLUTE
    _printf_o                                0x00000000   Number         0  stubs.o ABSOLUTE
    _printf_p                                0x00000000   Number         0  stubs.o ABSOLUTE
    _printf_percent                          0x00000000   Number         0  stubs.o ABSOLUTE
    _printf_pre_padding                      0x00000000   Number         0  stubs.o ABSOLUTE
    _printf_return_value                     0x00000000   Number         0  stubs.o ABSOLUTE
    _printf_s                                0x00000000   Number         0  stubs.o ABSOLUTE
    _printf_sizespec                         0x00000000   Number         0  stubs.o ABSOLUTE
    _printf_str                              0x00000000   Number         0  stubs.o ABSOLUTE
    _printf_truncate_signed                  0x00000000   Number         0  stubs.o ABSOLUTE
    _printf_truncate_unsigned                0x00000000   Number         0  stubs.o ABSOLUTE
    _printf_u                                0x00000000   Number         0  stubs.o ABSOLUTE
    _printf_wc                               0x00000000   Number         0  stubs.o ABSOLUTE
    _printf_wctomb                           0x00000000   Number         0  stubs.o ABSOLUTE
    _printf_widthprec                        0x00000000   Number         0  stubs.o ABSOLUTE
    _printf_x                                0x00000000   Number         0  stubs.o ABSOLUTE
    __arm_fini_                               - Undefined Weak Reference
    __cpp_initialize__aeabi_                  - Undefined Weak Reference
    __cxa_finalize                            - Undefined Weak Reference
    __decompress                              - Undefined Weak Reference
    _clock_init                               - Undefined Weak Reference
    _microlib_exit                            - Undefined Weak Reference
    __Vectors_Size                           0x00000188   Number         0  startup_stm32f407xx.o ABSOLUTE
    __Vectors                                0x08000000   Data           4  startup_stm32f407xx.o(RESET)
    __Vectors_End                            0x08000188   Data           0  startup_stm32f407xx.o(RESET)
    __main                                   0x08000189   Thumb Code     0  entry.o(.ARM.Collect$$$$00000000)
    _main_stk                                0x08000189   Thumb Code     0  entry2.o(.ARM.Collect$$$$00000001)
    _main_scatterload                        0x0800018d   Thumb Code     0  entry5.o(.ARM.Collect$$$$00000004)
    __main_after_scatterload                 0x08000191   Thumb Code     0  entry5.o(.ARM.Collect$$$$00000004)
    _main_clock                              0x08000191   Thumb Code     0  entry7b.o(.ARM.Collect$$$$00000008)
    _main_cpp_init                           0x08000191   Thumb Code     0  entry8b.o(.ARM.Collect$$$$0000000A)
    _main_init                               0x08000191   Thumb Code     0  entry9a.o(.ARM.Collect$$$$0000000B)
    __rt_lib_shutdown_fini                   0x08000199   Thumb Code     0  entry12b.o(.ARM.Collect$$$$0000000E)
    __rt_final_cpp                           0x0800019d   Thumb Code     0  entry10a.o(.ARM.Collect$$$$0000000F)
    __rt_final_exit                          0x0800019d   Thumb Code     0  entry11a.o(.ARM.Collect$$$$00000011)
    Reset_Handler                            0x080001a1   Thumb Code     8  startup_stm32f407xx.o(.text)
    ADC_IRQHandler                           0x080001bb   Thumb Code     0  startup_stm32f407xx.o(.text)
    CAN1_RX0_IRQHandler                      0x080001bb   Thumb Code     0  startup_stm32f407xx.o(.text)
    CAN1_RX1_IRQHandler                      0x080001bb   Thumb Code     0  startup_stm32f407xx.o(.text)
    CAN1_SCE_IRQHandler                      0x080001bb   Thumb Code     0  startup_stm32f407xx.o(.text)
    CAN1_TX_IRQHandler                       0x080001bb   Thumb Code     0  startup_stm32f407xx.o(.text)
    CAN2_RX0_IRQHandler                      0x080001bb   Thumb Code     0  startup_stm32f407xx.o(.text)
    CAN2_RX1_IRQHandler                      0x080001bb   Thumb Code     0  startup_stm32f407xx.o(.text)
    CAN2_SCE_IRQHandler                      0x080001bb   Thumb Code     0  startup_stm32f407xx.o(.text)
    CAN2_TX_IRQHandler                       0x080001bb   Thumb Code     0  startup_stm32f407xx.o(.text)
    DCMI_IRQHandler                          0x080001bb   Thumb Code     0  startup_stm32f407xx.o(.text)
    DMA1_Stream0_IRQHandler                  0x080001bb   Thumb Code     0  startup_stm32f407xx.o(.text)
    DMA1_Stream1_IRQHandler                  0x080001bb   Thumb Code     0  startup_stm32f407xx.o(.text)
    DMA1_Stream2_IRQHandler                  0x080001bb   Thumb Code     0  startup_stm32f407xx.o(.text)
    DMA1_Stream3_IRQHandler                  0x080001bb   Thumb Code     0  startup_stm32f407xx.o(.text)
    DMA1_Stream4_IRQHandler                  0x080001bb   Thumb Code     0  startup_stm32f407xx.o(.text)
    DMA1_Stream5_IRQHandler                  0x080001bb   Thumb Code     0  startup_stm32f407xx.o(.text)
    DMA1_Stream6_IRQHandler                  0x080001bb   Thumb Code     0  startup_stm32f407xx.o(.text)
    DMA1_Stream7_IRQHandler                  0x080001bb   Thumb Code     0  startup_stm32f407xx.o(.text)
    DMA2_Stream1_IRQHandler                  0x080001bb   Thumb Code     0  startup_stm32f407xx.o(.text)
    DMA2_Stream2_IRQHandler                  0x080001bb   Thumb Code     0  startup_stm32f407xx.o(.text)
    DMA2_Stream3_IRQHandler                  0x080001bb   Thumb Code     0  startup_stm32f407xx.o(.text)
    DMA2_Stream4_IRQHandler                  0x080001bb   Thumb Code     0  startup_stm32f407xx.o(.text)
    DMA2_Stream5_IRQHandler                  0x080001bb   Thumb Code     0  startup_stm32f407xx.o(.text)
    DMA2_Stream6_IRQHandler                  0x080001bb   Thumb Code     0  startup_stm32f407xx.o(.text)
    DMA2_Stream7_IRQHandler                  0x080001bb   Thumb Code     0  startup_stm32f407xx.o(.text)
    ETH_IRQHandler                           0x080001bb   Thumb Code     0  startup_stm32f407xx.o(.text)
    ETH_WKUP_IRQHandler                      0x080001bb   Thumb Code     0  startup_stm32f407xx.o(.text)
    EXTI0_IRQHandler                         0x080001bb   Thumb Code     0  startup_stm32f407xx.o(.text)
    EXTI15_10_IRQHandler                     0x080001bb   Thumb Code     0  startup_stm32f407xx.o(.text)
    EXTI1_IRQHandler                         0x080001bb   Thumb Code     0  startup_stm32f407xx.o(.text)
    EXTI2_IRQHandler                         0x080001bb   Thumb Code     0  startup_stm32f407xx.o(.text)
    EXTI3_IRQHandler                         0x080001bb   Thumb Code     0  startup_stm32f407xx.o(.text)
    EXTI4_IRQHandler                         0x080001bb   Thumb Code     0  startup_stm32f407xx.o(.text)
    EXTI9_5_IRQHandler                       0x080001bb   Thumb Code     0  startup_stm32f407xx.o(.text)
    FLASH_IRQHandler                         0x080001bb   Thumb Code     0  startup_stm32f407xx.o(.text)
    FMC_IRQHandler                           0x080001bb   Thumb Code     0  startup_stm32f407xx.o(.text)
    FPU_IRQHandler                           0x080001bb   Thumb Code     0  startup_stm32f407xx.o(.text)
    HASH_RNG_IRQHandler                      0x080001bb   Thumb Code     0  startup_stm32f407xx.o(.text)
    I2C1_ER_IRQHandler                       0x080001bb   Thumb Code     0  startup_stm32f407xx.o(.text)
    I2C1_EV_IRQHandler                       0x080001bb   Thumb Code     0  startup_stm32f407xx.o(.text)
    I2C2_ER_IRQHandler                       0x080001bb   Thumb Code     0  startup_stm32f407xx.o(.text)
    I2C2_EV_IRQHandler                       0x080001bb   Thumb Code     0  startup_stm32f407xx.o(.text)
    I2C3_ER_IRQHandler                       0x080001bb   Thumb Code     0  startup_stm32f407xx.o(.text)
    I2C3_EV_IRQHandler                       0x080001bb   Thumb Code     0  startup_stm32f407xx.o(.text)
    OTG_FS_IRQHandler                        0x080001bb   Thumb Code     0  startup_stm32f407xx.o(.text)
    OTG_FS_WKUP_IRQHandler                   0x080001bb   Thumb Code     0  startup_stm32f407xx.o(.text)
    OTG_HS_EP1_IN_IRQHandler                 0x080001bb   Thumb Code     0  startup_stm32f407xx.o(.text)
    OTG_HS_EP1_OUT_IRQHandler                0x080001bb   Thumb Code     0  startup_stm32f407xx.o(.text)
    OTG_HS_IRQHandler                        0x080001bb   Thumb Code     0  startup_stm32f407xx.o(.text)
    OTG_HS_WKUP_IRQHandler                   0x080001bb   Thumb Code     0  startup_stm32f407xx.o(.text)
    PVD_IRQHandler                           0x080001bb   Thumb Code     0  startup_stm32f407xx.o(.text)
    RCC_IRQHandler                           0x080001bb   Thumb Code     0  startup_stm32f407xx.o(.text)
    RTC_Alarm_IRQHandler                     0x080001bb   Thumb Code     0  startup_stm32f407xx.o(.text)
    RTC_WKUP_IRQHandler                      0x080001bb   Thumb Code     0  startup_stm32f407xx.o(.text)
    SDIO_IRQHandler                          0x080001bb   Thumb Code     0  startup_stm32f407xx.o(.text)
    SPI1_IRQHandler                          0x080001bb   Thumb Code     0  startup_stm32f407xx.o(.text)
    SPI2_IRQHandler                          0x080001bb   Thumb Code     0  startup_stm32f407xx.o(.text)
    SPI3_IRQHandler                          0x080001bb   Thumb Code     0  startup_stm32f407xx.o(.text)
    TAMP_STAMP_IRQHandler                    0x080001bb   Thumb Code     0  startup_stm32f407xx.o(.text)
    TIM1_BRK_TIM9_IRQHandler                 0x080001bb   Thumb Code     0  startup_stm32f407xx.o(.text)
    TIM1_CC_IRQHandler                       0x080001bb   Thumb Code     0  startup_stm32f407xx.o(.text)
    TIM1_TRG_COM_TIM11_IRQHandler            0x080001bb   Thumb Code     0  startup_stm32f407xx.o(.text)
    TIM1_UP_TIM10_IRQHandler                 0x080001bb   Thumb Code     0  startup_stm32f407xx.o(.text)
    TIM2_IRQHandler                          0x080001bb   Thumb Code     0  startup_stm32f407xx.o(.text)
    TIM3_IRQHandler                          0x080001bb   Thumb Code     0  startup_stm32f407xx.o(.text)
    TIM4_IRQHandler                          0x080001bb   Thumb Code     0  startup_stm32f407xx.o(.text)
    TIM5_IRQHandler                          0x080001bb   Thumb Code     0  startup_stm32f407xx.o(.text)
    TIM6_DAC_IRQHandler                      0x080001bb   Thumb Code     0  startup_stm32f407xx.o(.text)
    TIM7_IRQHandler                          0x080001bb   Thumb Code     0  startup_stm32f407xx.o(.text)
    TIM8_BRK_TIM12_IRQHandler                0x080001bb   Thumb Code     0  startup_stm32f407xx.o(.text)
    TIM8_CC_IRQHandler                       0x080001bb   Thumb Code     0  startup_stm32f407xx.o(.text)
    TIM8_TRG_COM_TIM14_IRQHandler            0x080001bb   Thumb Code     0  startup_stm32f407xx.o(.text)
    TIM8_UP_TIM13_IRQHandler                 0x080001bb   Thumb Code     0  startup_stm32f407xx.o(.text)
    UART4_IRQHandler                         0x080001bb   Thumb Code     0  startup_stm32f407xx.o(.text)
    UART5_IRQHandler                         0x080001bb   Thumb Code     0  startup_stm32f407xx.o(.text)
    USART2_IRQHandler                        0x080001bb   Thumb Code     0  startup_stm32f407xx.o(.text)
    USART3_IRQHandler                        0x080001bb   Thumb Code     0  startup_stm32f407xx.o(.text)
    USART6_IRQHandler                        0x080001bb   Thumb Code     0  startup_stm32f407xx.o(.text)
    WWDG_IRQHandler                          0x080001bb   Thumb Code     0  startup_stm32f407xx.o(.text)
    __aeabi_uldivmod                         0x080001c5   Thumb Code    98  uldiv.o(.text)
    __aeabi_memcpy                           0x08000227   Thumb Code    36  memcpya.o(.text)
    __aeabi_memcpy4                          0x08000227   Thumb Code     0  memcpya.o(.text)
    __aeabi_memcpy8                          0x08000227   Thumb Code     0  memcpya.o(.text)
    __aeabi_memset                           0x0800024b   Thumb Code    14  memseta.o(.text)
    __aeabi_memset4                          0x0800024b   Thumb Code     0  memseta.o(.text)
    __aeabi_memset8                          0x0800024b   Thumb Code     0  memseta.o(.text)
    __aeabi_memclr                           0x08000259   Thumb Code     4  memseta.o(.text)
    __aeabi_memclr4                          0x08000259   Thumb Code     0  memseta.o(.text)
    __aeabi_memclr8                          0x08000259   Thumb Code     0  memseta.o(.text)
    _memset$wrapper                          0x0800025d   Thumb Code    18  memseta.o(.text)
    strlen                                   0x0800026f   Thumb Code    14  strlen.o(.text)
    __aeabi_dmul                             0x0800027d   Thumb Code   228  dmul.o(.text)
    __aeabi_ddiv                             0x08000361   Thumb Code   222  ddiv.o(.text)
    __aeabi_d2iz                             0x0800043f   Thumb Code    62  dfixi.o(.text)
    __aeabi_f2d                              0x0800047d   Thumb Code    38  f2d.o(.text)
    __aeabi_uidiv                            0x080004a3   Thumb Code     0  uidiv.o(.text)
    __aeabi_uidivmod                         0x080004a3   Thumb Code    44  uidiv.o(.text)
    __aeabi_llsl                             0x080004cf   Thumb Code    30  llshl.o(.text)
    _ll_shift_l                              0x080004cf   Thumb Code     0  llshl.o(.text)
    __aeabi_llsr                             0x080004ed   Thumb Code    32  llushr.o(.text)
    _ll_ushift_r                             0x080004ed   Thumb Code     0  llushr.o(.text)
    __I$use$fp                               0x0800050d   Thumb Code     0  iusefp.o(.text)
    _double_round                            0x0800050d   Thumb Code    30  depilogue.o(.text)
    _double_epilogue                         0x0800052b   Thumb Code   156  depilogue.o(.text)
    __aeabi_dadd                             0x080005c7   Thumb Code   322  dadd.o(.text)
    __aeabi_dsub                             0x08000709   Thumb Code     6  dadd.o(.text)
    __aeabi_drsub                            0x0800070f   Thumb Code     6  dadd.o(.text)
    __aeabi_d2ulz                            0x08000715   Thumb Code    48  dfixul.o(.text)
    __aeabi_cdrcmple                         0x08000745   Thumb Code    48  cdrcmple.o(.text)
    __fp_status                              0x08000775   Thumb Code     4  fpstat.o(.text)
    __ieee_status                            0x08000775   Thumb Code     0  fpstat.o(.text)
    __scatterload                            0x08000779   Thumb Code    28  init.o(.text)
    __scatterload_rt2                        0x08000779   Thumb Code     0  init.o(.text)
    __aeabi_lasr                             0x0800079d   Thumb Code    36  llsshr.o(.text)
    _ll_sshift_r                             0x0800079d   Thumb Code     0  llsshr.o(.text)
    arm_bitreversal_32                       0x080007c1   Thumb Code    68  arm_bitreversal2.o(.text.arm_bitreversal_32)
    arm_cfft_f32                             0x08000805   Thumb Code   224  arm_cfft_f32.o(.text.arm_cfft_f32)
    arm_cfft_init_f32                        0x080008e5   Thumb Code   180  arm_cfft_init_f32.o(.text.arm_cfft_init_f32)
    arm_cfft_radix8by2_f32                   0x08000999   Thumb Code   408  arm_cfft_f32.o(.text.arm_cfft_radix8by2_f32)
    arm_cfft_radix8by4_f32                   0x08000b31   Thumb Code  1020  arm_cfft_f32.o(.text.arm_cfft_radix8by4_f32)
    arm_radix8_butterfly_f32                 0x08000f2d   Thumb Code  1458  arm_cfft_radix8_f32.o(.text.arm_radix8_butterfly_f32)
    arm_rfft_fast_f32                        0x08001621   Thumb Code    70  arm_rfft_fast_f32.o(.text.arm_rfft_fast_f32)
    arm_rfft_fast_init_f32                   0x08001667   Thumb Code   144  arm_rfft_fast_init_f32.o(.text.arm_rfft_fast_init_f32)
    merge_rfft_f32                           0x080016f9   Thumb Code   180  arm_rfft_fast_f32.o(.text.merge_rfft_f32)
    stage_rfft_f32                           0x080017ad   Thumb Code   180  arm_rfft_fast_f32.o(.text.stage_rfft_f32)
    AD9851_Set_Frequency                     0x08001861   Thumb Code    36  bsp_ad9851.o(i.AD9851_Set_Frequency)
    AD9851_Setfq                             0x08001885   Thumb Code    26  bsp_ad9851.o(i.AD9851_Setfq)
    Auto_Frequency_Response_Measurement      0x08001aa5   Thumb Code   310  sweep_freq_response.o(i.Auto_Frequency_Response_Measurement)
    Basic_Measurement                        0x08001c25   Thumb Code   328  sweep_freq_response.o(i.Basic_Measurement)
    Basic_Measurement_Page_Init              0x08001d95   Thumb Code   334  sweep_freq_response.o(i.Basic_Measurement_Page_Init)
    Basic_Measurement_Page_Update            0x08001f7d   Thumb Code   454  sweep_freq_response.o(i.Basic_Measurement_Page_Update)
    BusFault_Handler                         0x0800218d   Thumb Code     2  stm32f4xx_it.o(i.BusFault_Handler)
    DMA2_Stream0_IRQHandler                  0x08002191   Thumb Code     6  stm32f4xx_it.o(i.DMA2_Stream0_IRQHandler)
    DebugMon_Handler                         0x08002241   Thumb Code     2  stm32f4xx_it.o(i.DebugMon_Handler)
    Error_Handler                            0x0800282d   Thumb Code     4  main.o(i.Error_Handler)
    FSMC_NORSRAM_Extended_Timing_Init        0x08002831   Thumb Code   214  stm32f4xx_ll_fsmc.o(i.FSMC_NORSRAM_Extended_Timing_Init)
    FSMC_NORSRAM_Init                        0x08002949   Thumb Code   394  stm32f4xx_ll_fsmc.o(i.FSMC_NORSRAM_Init)
    FSMC_NORSRAM_Timing_Init                 0x08002b11   Thumb Code   238  stm32f4xx_ll_fsmc.o(i.FSMC_NORSRAM_Timing_Init)
    HAL_ADCEx_InjectedConfigChannel          0x08002ce1   Thumb Code   780  stm32f4xx_hal_adc_ex.o(i.HAL_ADCEx_InjectedConfigChannel)
    HAL_ADC_ConfigChannel                    0x08003039   Thumb Code   396  stm32f4xx_hal_adc.o(i.HAL_ADC_ConfigChannel)
    HAL_ADC_ConvCpltCallback                 0x0800320d   Thumb Code    16  adc.o(i.HAL_ADC_ConvCpltCallback)
    HAL_ADC_ConvHalfCpltCallback             0x08003225   Thumb Code     2  stm32f4xx_hal_adc.o(i.HAL_ADC_ConvHalfCpltCallback)
    HAL_ADC_ErrorCallback                    0x08003227   Thumb Code     2  stm32f4xx_hal_adc.o(i.HAL_ADC_ErrorCallback)
    HAL_ADC_Init                             0x08003229   Thumb Code   470  stm32f4xx_hal_adc.o(i.HAL_ADC_Init)
    HAL_ADC_MspInit                          0x08003449   Thumb Code   134  adc.o(i.HAL_ADC_MspInit)
    HAL_ADC_Start_DMA                        0x080034e5   Thumb Code   362  stm32f4xx_hal_adc.o(i.HAL_ADC_Start_DMA)
    HAL_ADC_Stop_DMA                         0x080036ad   Thumb Code   140  stm32f4xx_hal_adc.o(i.HAL_ADC_Stop_DMA)
    HAL_DMA_Abort                            0x0800377d   Thumb Code   146  stm32f4xx_hal_dma.o(i.HAL_DMA_Abort)
    HAL_DMA_Abort_IT                         0x0800380f   Thumb Code    36  stm32f4xx_hal_dma.o(i.HAL_DMA_Abort_IT)
    HAL_DMA_IRQHandler                       0x08003835   Thumb Code   412  stm32f4xx_hal_dma.o(i.HAL_DMA_IRQHandler)
    HAL_DMA_Init                             0x080039d5   Thumb Code   666  stm32f4xx_hal_dma.o(i.HAL_DMA_Init)
    HAL_DMA_Start_IT                         0x08003cb5   Thumb Code   142  stm32f4xx_hal_dma.o(i.HAL_DMA_Start_IT)
    HAL_Delay                                0x08003d7d   Thumb Code    32  stm32f4xx_hal.o(i.HAL_Delay)
    HAL_GPIO_Init                            0x08003e49   Thumb Code   654  stm32f4xx_hal_gpio.o(i.HAL_GPIO_Init)
    HAL_GPIO_ReadPin                         0x08004145   Thumb Code    28  stm32f4xx_hal_gpio.o(i.HAL_GPIO_ReadPin)
    HAL_GPIO_WritePin                        0x0800419d   Thumb Code    46  stm32f4xx_hal_gpio.o(i.HAL_GPIO_WritePin)
    HAL_GetTick                              0x08004209   Thumb Code     6  stm32f4xx_hal.o(i.HAL_GetTick)
    HAL_IncTick                              0x08004215   Thumb Code    12  stm32f4xx_hal.o(i.HAL_IncTick)
    HAL_Init                                 0x08004225   Thumb Code    48  stm32f4xx_hal.o(i.HAL_Init)
    HAL_InitTick                             0x08004259   Thumb Code    54  stm32f4xx_hal.o(i.HAL_InitTick)
    HAL_MspInit                              0x08004299   Thumb Code    42  stm32f4xx_hal_msp.o(i.HAL_MspInit)
    HAL_NVIC_EnableIRQ                       0x080042c9   Thumb Code    40  stm32f4xx_hal_cortex.o(i.HAL_NVIC_EnableIRQ)
    HAL_NVIC_SetPriority                     0x0800432d   Thumb Code    94  stm32f4xx_hal_cortex.o(i.HAL_NVIC_SetPriority)
    HAL_NVIC_SetPriorityGrouping             0x080043cd   Thumb Code    58  stm32f4xx_hal_cortex.o(i.HAL_NVIC_SetPriorityGrouping)
    HAL_RCC_ClockConfig                      0x0800444d   Thumb Code   512  stm32f4xx_hal_rcc.o(i.HAL_RCC_ClockConfig)
    HAL_RCC_GetPCLK1Freq                     0x08004699   Thumb Code    20  stm32f4xx_hal_rcc.o(i.HAL_RCC_GetPCLK1Freq)
    HAL_RCC_GetPCLK2Freq                     0x080046b9   Thumb Code    20  stm32f4xx_hal_rcc.o(i.HAL_RCC_GetPCLK2Freq)
    HAL_RCC_GetSysClockFreq                  0x080046d9   Thumb Code    88  stm32f4xx_hal_rcc.o(i.HAL_RCC_GetSysClockFreq)
    HAL_RCC_OscConfig                        0x08004739   Thumb Code  1192  stm32f4xx_hal_rcc.o(i.HAL_RCC_OscConfig)
    HAL_SRAM_Init                            0x08004be1   Thumb Code    92  stm32f4xx_hal_sram.o(i.HAL_SRAM_Init)
    HAL_SRAM_MspInit                         0x08004c3d   Thumb Code     4  fsmc.o(i.HAL_SRAM_MspInit)
    HAL_SYSTICK_Config                       0x08004c41   Thumb Code    40  stm32f4xx_hal_cortex.o(i.HAL_SYSTICK_Config)
    HAL_TIMEx_MasterConfigSynchronization    0x08004c69   Thumb Code   242  stm32f4xx_hal_tim_ex.o(i.HAL_TIMEx_MasterConfigSynchronization)
    HAL_TIM_Base_Init                        0x08004db9   Thumb Code   296  stm32f4xx_hal_tim.o(i.HAL_TIM_Base_Init)
    HAL_TIM_Base_MspInit                     0x08004f4d   Thumb Code    30  tim.o(i.HAL_TIM_Base_MspInit)
    HAL_TIM_Base_Start                       0x08004f71   Thumb Code   190  stm32f4xx_hal_tim.o(i.HAL_TIM_Base_Start)
    HAL_TIM_Base_Stop                        0x08005099   Thumb Code   138  stm32f4xx_hal_tim.o(i.HAL_TIM_Base_Stop)
    HAL_TIM_ConfigClockSource                0x08005191   Thumb Code   930  stm32f4xx_hal_tim.o(i.HAL_TIM_ConfigClockSource)
    HAL_UARTEx_RxEventCallback               0x080055a1   Thumb Code     2  stm32f4xx_hal_uart.o(i.HAL_UARTEx_RxEventCallback)
    HAL_UART_ErrorCallback                   0x080055a3   Thumb Code     2  stm32f4xx_hal_uart.o(i.HAL_UART_ErrorCallback)
    HAL_UART_IRQHandler                      0x080055a5   Thumb Code   636  stm32f4xx_hal_uart.o(i.HAL_UART_IRQHandler)
    HAL_UART_Init                            0x08005825   Thumb Code   248  stm32f4xx_hal_uart.o(i.HAL_UART_Init)
    HAL_UART_MspInit                         0x08005971   Thumb Code   110  usart.o(i.HAL_UART_MspInit)
    HAL_UART_Receive_IT                      0x080059ed   Thumb Code    28  stm32f4xx_hal_uart.o(i.HAL_UART_Receive_IT)
    HAL_UART_RxCpltCallback                  0x08005a09   Thumb Code    40  usart.o(i.HAL_UART_RxCpltCallback)
    HAL_UART_Transmit                        0x08005a3d   Thumb Code   160  stm32f4xx_hal_uart.o(i.HAL_UART_Transmit)
    HAL_UART_TxCpltCallback                  0x08005add   Thumb Code     2  usart.o(i.HAL_UART_TxCpltCallback)
    HardFault_Handler                        0x08005adf   Thumb Code     2  stm32f4xx_it.o(i.HardFault_Handler)
    KEY_Scan                                 0x08005ae1   Thumb Code   134  key.o(i.KEY_Scan)
    LCD_Clear                                0x08005b71   Thumb Code    98  lcd.o(i.LCD_Clear)
    LCD_Display_Dir                          0x08005bd9   Thumb Code   258  lcd.o(i.LCD_Display_Dir)
    LCD_Display_Frequency                    0x08005ce1   Thumb Code   208  sweep_freq_response.o(i.LCD_Display_Frequency)
    LCD_Display_Title_Center                 0x08005e09   Thumb Code    72  sweep_freq_response.o(i.LCD_Display_Title_Center)
    LCD_DrawLine                             0x08005e59   Thumb Code   154  lcd.o(i.LCD_DrawLine)
    LCD_DrawPoint                            0x08005ef5   Thumb Code    24  lcd.o(i.LCD_DrawPoint)
    LCD_Fast_DrawPoint                       0x08005f11   Thumb Code   214  lcd.o(i.LCD_Fast_DrawPoint)
    LCD_Fill                                 0x08005fed   Thumb Code   134  lcd.o(i.LCD_Fill)
    LCD_Init                                 0x08006079   Thumb Code 13548  lcd.o(i.LCD_Init)
    LCD_RD_DATA                              0x08009565   Thumb Code    20  lcd.o(i.LCD_RD_DATA)
    LCD_ReadReg                              0x08009579   Thumb Code    24  lcd.o(i.LCD_ReadReg)
    LCD_Scan_Dir                             0x08009591   Thumb Code   514  lcd.o(i.LCD_Scan_Dir)
    LCD_SetCursor                            0x08009799   Thumb Code   214  lcd.o(i.LCD_SetCursor)
    LCD_ShowChar                             0x08009875   Thumb Code   190  lcd.o(i.LCD_ShowChar)
    LCD_ShowString                           0x08009949   Thumb Code    84  lcd.o(i.LCD_ShowString)
    LCD_WR_DATA                              0x0800999d   Thumb Code    24  lcd.o(i.LCD_WR_DATA)
    LCD_WR_REG                               0x080099b5   Thumb Code    24  lcd.o(i.LCD_WR_REG)
    LCD_WriteRAM_Prepare                     0x080099cd   Thumb Code    14  lcd.o(i.LCD_WriteRAM_Prepare)
    LCD_WriteReg                             0x080099e1   Thumb Code    22  lcd.o(i.LCD_WriteReg)
    MX_ADC1_Init                             0x080099f9   Thumb Code   228  adc.o(i.MX_ADC1_Init)
    MX_DMA_Init                              0x08009ae9   Thumb Code    40  dma.o(i.MX_DMA_Init)
    MX_FSMC_Init                             0x08009b15   Thumb Code   102  fsmc.o(i.MX_FSMC_Init)
    MX_GPIO_Init                             0x08009b85   Thumb Code   340  gpio.o(i.MX_GPIO_Init)
    MX_TIM2_Init                             0x08009cf9   Thumb Code   100  tim.o(i.MX_TIM2_Init)
    MX_USART1_UART_Init                      0x08009d61   Thumb Code    54  usart.o(i.MX_USART1_UART_Init)
    MemManage_Handler                        0x08009e4d   Thumb Code     2  stm32f4xx_it.o(i.MemManage_Handler)
    NMI_Handler                              0x08009e4f   Thumb Code     2  stm32f4xx_it.o(i.NMI_Handler)
    PendSV_Handler                           0x08009e51   Thumb Code     2  stm32f4xx_it.o(i.PendSV_Handler)
    Process_ADC_Data_F32                     0x08009e79   Thumb Code   304  sweep_freq_response.o(i.Process_ADC_Data_F32)
    SVC_Handler                              0x08009fd5   Thumb Code     2  stm32f4xx_it.o(i.SVC_Handler)
    SysTick_Handler                          0x08009fd7   Thumb Code     4  stm32f4xx_it.o(i.SysTick_Handler)
    SystemClock_Config                       0x08009fdd   Thumb Code   138  main.o(i.SystemClock_Config)
    SystemInit                               0x0800a071   Thumb Code    12  system_stm32f4xx.o(i.SystemInit)
    TIM_Base_SetConfig                       0x0800a081   Thumb Code   164  stm32f4xx_hal_tim.o(i.TIM_Base_SetConfig)
    TIM_ETR_SetConfig                        0x0800a151   Thumb Code    20  stm32f4xx_hal_tim.o(i.TIM_ETR_SetConfig)
    Tim2_Config_AutoFs                       0x0800a1bd   Thumb Code   206  tim.o(i.Tim2_Config_AutoFs)
    UART_Start_Receive_IT                    0x0800a571   Thumb Code    54  stm32f4xx_hal_uart.o(i.UART_Start_Receive_IT)
    USART1_IRQHandler                        0x0800a619   Thumb Code     6  stm32f4xx_it.o(i.USART1_IRQHandler)
    UsageFault_Handler                       0x0800a625   Thumb Code     2  stm32f4xx_it.o(i.UsageFault_Handler)
    __0printf                                0x0800a629   Thumb Code    22  printfa.o(i.__0printf)
    __1printf                                0x0800a629   Thumb Code     0  printfa.o(i.__0printf)
    __2printf                                0x0800a629   Thumb Code     0  printfa.o(i.__0printf)
    __c89printf                              0x0800a629   Thumb Code     0  printfa.o(i.__0printf)
    printf                                   0x0800a629   Thumb Code     0  printfa.o(i.__0printf)
    __0sprintf                               0x0800a649   Thumb Code    34  printfa.o(i.__0sprintf)
    __1sprintf                               0x0800a649   Thumb Code     0  printfa.o(i.__0sprintf)
    __2sprintf                               0x0800a649   Thumb Code     0  printfa.o(i.__0sprintf)
    __c89sprintf                             0x0800a649   Thumb Code     0  printfa.o(i.__0sprintf)
    sprintf                                  0x0800a649   Thumb Code     0  printfa.o(i.__0sprintf)
    __ARM_fpclassifyf                        0x0800a671   Thumb Code    38  fpclassifyf.o(i.__ARM_fpclassifyf)
    __hardfp_log10f                          0x0800a6b9   Thumb Code   332  log10f.o(i.__hardfp_log10f)
    __hardfp_powf                            0x0800a839   Thumb Code  1606  powf.o(i.__hardfp_powf)
    __mathlib_powf                           0x0800a839   Thumb Code     0  powf.o(i.__hardfp_powf)
    __hardfp_sinf                            0x0800ae9d   Thumb Code   344  sinf.o(i.__hardfp_sinf)
    __hardfp_sqrtf                           0x0800b02d   Thumb Code    58  sqrtf.o(i.__hardfp_sqrtf)
    __mathlib_flt_divzero                    0x0800b069   Thumb Code    14  funder.o(i.__mathlib_flt_divzero)
    __mathlib_flt_infnan                     0x0800b07d   Thumb Code     6  funder.o(i.__mathlib_flt_infnan)
    __mathlib_flt_infnan2                    0x0800b083   Thumb Code     6  funder.o(i.__mathlib_flt_infnan2)
    __mathlib_flt_invalid                    0x0800b089   Thumb Code    10  funder.o(i.__mathlib_flt_invalid)
    __mathlib_flt_overflow                   0x0800b099   Thumb Code    10  funder.o(i.__mathlib_flt_overflow)
    __mathlib_flt_underflow                  0x0800b0a9   Thumb Code    10  funder.o(i.__mathlib_flt_underflow)
    __mathlib_rredf2                         0x0800b0b9   Thumb Code   316  rredf.o(i.__mathlib_rredf2)
    __scatterload_copy                       0x0800b20d   Thumb Code    14  handlers.o(i.__scatterload_copy)
    __scatterload_null                       0x0800b21b   Thumb Code     2  handlers.o(i.__scatterload_null)
    __scatterload_zeroinit                   0x0800b21d   Thumb Code    14  handlers.o(i.__scatterload_zeroinit)
    __set_errno                              0x0800b22d   Thumb Code     6  errno.o(i.__set_errno)
    ad9851_wr_parallel                       0x0800bacd   Thumb Code    78  bsp_ad9851.o(i.ad9851_wr_parallel)
    ad9851_wr_serial                         0x0800bb21   Thumb Code   354  bsp_ad9851.o(i.ad9851_wr_serial)
    assert_failed                            0x0800bc99   Thumb Code     2  main.o(i.assert_failed)
    fputc                                    0x0800bc9d   Thumb Code    20  usart.o(i.fputc)
    main                                     0x0800bcb5   Thumb Code   102  main.o(i.main)
    plot_Frequency_Response_Point            0x0800bd35   Thumb Code   252  sweep_freq_response.o(i.plot_Frequency_Response_Point)
    spectrum_analysis                        0x0800be4d   Thumb Code   516  spectrum_analysis.o(i.spectrum_analysis)
    AHBPrescTable                            0x0800c138   Data          16  system_stm32f4xx.o(.constdata)
    APBPrescTable                            0x0800c148   Data           8  system_stm32f4xx.o(.constdata)
    asc2_1206                                0x0800c150   Data        1140  lcd.o(.constdata)
    asc2_1608                                0x0800c5c4   Data        1520  lcd.o(.constdata)
    asc2_2412                                0x0800cbb4   Data        3420  lcd.o(.constdata)
    armBitRevIndexTable1024                  0x0800db00   Data        3600  arm_common_tables.o(.rodata.armBitRevIndexTable1024)
    armBitRevIndexTable128                   0x0800e910   Data         416  arm_common_tables.o(.rodata.armBitRevIndexTable128)
    armBitRevIndexTable16                    0x0800eab0   Data          40  arm_common_tables.o(.rodata.armBitRevIndexTable16)
    armBitRevIndexTable2048                  0x0800ead8   Data        7616  arm_common_tables.o(.rodata.armBitRevIndexTable2048)
    armBitRevIndexTable256                   0x08010898   Data         880  arm_common_tables.o(.rodata.armBitRevIndexTable256)
    armBitRevIndexTable32                    0x08010c08   Data          96  arm_common_tables.o(.rodata.armBitRevIndexTable32)
    armBitRevIndexTable4096                  0x08010c68   Data        8064  arm_common_tables.o(.rodata.armBitRevIndexTable4096)
    armBitRevIndexTable512                   0x08012be8   Data         896  arm_common_tables.o(.rodata.armBitRevIndexTable512)
    armBitRevIndexTable64                    0x08012f68   Data         112  arm_common_tables.o(.rodata.armBitRevIndexTable64)
    arm_cfft_sR_f32_len1024                  0x08012fd8   Data          16  arm_const_structs.o(.rodata.arm_cfft_sR_f32_len1024)
    arm_cfft_sR_f32_len128                   0x08012fe8   Data          16  arm_const_structs.o(.rodata.arm_cfft_sR_f32_len128)
    arm_cfft_sR_f32_len16                    0x08012ff8   Data          16  arm_const_structs.o(.rodata.arm_cfft_sR_f32_len16)
    arm_cfft_sR_f32_len2048                  0x08013008   Data          16  arm_const_structs.o(.rodata.arm_cfft_sR_f32_len2048)
    arm_cfft_sR_f32_len256                   0x08013018   Data          16  arm_const_structs.o(.rodata.arm_cfft_sR_f32_len256)
    arm_cfft_sR_f32_len32                    0x08013028   Data          16  arm_const_structs.o(.rodata.arm_cfft_sR_f32_len32)
    arm_cfft_sR_f32_len4096                  0x08013038   Data          16  arm_const_structs.o(.rodata.arm_cfft_sR_f32_len4096)
    arm_cfft_sR_f32_len512                   0x08013048   Data          16  arm_const_structs.o(.rodata.arm_cfft_sR_f32_len512)
    arm_cfft_sR_f32_len64                    0x08013058   Data          16  arm_const_structs.o(.rodata.arm_cfft_sR_f32_len64)
    twiddleCoef_1024                         0x08013068   Data        8192  arm_common_tables.o(.rodata.twiddleCoef_1024)
    twiddleCoef_128                          0x08015068   Data        1024  arm_common_tables.o(.rodata.twiddleCoef_128)
    twiddleCoef_16                           0x08015468   Data         128  arm_common_tables.o(.rodata.twiddleCoef_16)
    twiddleCoef_2048                         0x080154e8   Data       16384  arm_common_tables.o(.rodata.twiddleCoef_2048)
    twiddleCoef_256                          0x080194e8   Data        2048  arm_common_tables.o(.rodata.twiddleCoef_256)
    twiddleCoef_32                           0x08019ce8   Data         256  arm_common_tables.o(.rodata.twiddleCoef_32)
    twiddleCoef_4096                         0x08019de8   Data       32768  arm_common_tables.o(.rodata.twiddleCoef_4096)
    twiddleCoef_512                          0x08021de8   Data        4096  arm_common_tables.o(.rodata.twiddleCoef_512)
    twiddleCoef_64                           0x08022de8   Data         512  arm_common_tables.o(.rodata.twiddleCoef_64)
    twiddleCoef_rfft_1024                    0x08022fe8   Data        4096  arm_common_tables.o(.rodata.twiddleCoef_rfft_1024)
    twiddleCoef_rfft_128                     0x08023fe8   Data         512  arm_common_tables.o(.rodata.twiddleCoef_rfft_128)
    twiddleCoef_rfft_2048                    0x080241e8   Data        8192  arm_common_tables.o(.rodata.twiddleCoef_rfft_2048)
    twiddleCoef_rfft_256                     0x080261e8   Data        1024  arm_common_tables.o(.rodata.twiddleCoef_rfft_256)
    twiddleCoef_rfft_32                      0x080265e8   Data         128  arm_common_tables.o(.rodata.twiddleCoef_rfft_32)
    twiddleCoef_rfft_4096                    0x08026668   Data       16384  arm_common_tables.o(.rodata.twiddleCoef_rfft_4096)
    twiddleCoef_rfft_512                     0x0802a668   Data        2048  arm_common_tables.o(.rodata.twiddleCoef_rfft_512)
    twiddleCoef_rfft_64                      0x0802ae68   Data         256  arm_common_tables.o(.rodata.twiddleCoef_rfft_64)
    Region$$Table$$Base                      0x0802af68   Number         0  anon$$obj.o(Region$$Table)
    Region$$Table$$Limit                     0x0802af88   Number         0  anon$$obj.o(Region$$Table)
    ADC_BufferReadyFlag                      0x20000000   Data           1  adc.o(.data)
    g_current_Fs                             0x2000000c   Data           4  tim.o(.data)
    uart_rx_buffer                           0x20000010   Data           1  usart.o(.data)
    uwTickFreq                               0x20000014   Data           1  stm32f4xx_hal.o(.data)
    uwTickPrio                               0x20000018   Data           4  stm32f4xx_hal.o(.data)
    uwTick                                   0x2000001c   Data           4  stm32f4xx_hal.o(.data)
    SystemCoreClock                          0x20000020   Data           4  system_stm32f4xx.o(.data)
    POINT_COLOR                              0x20000024   Data           2  lcd.o(.data)
    BACK_COLOR                               0x20000026   Data           2  lcd.o(.data)
    basic_measurement_flag                   0x20000038   Data           1  key.o(.data)
    sweep_freq_response_flag                 0x20000039   Data           1  key.o(.data)
    measure_r_out_flag                       0x2000003a   Data           1  key.o(.data)
    current_system_state                     0x2000003b   Data           1  key.o(.data)
    __stdout                                 0x20000048   Data           4  stdout.o(.data)
    adc_buffer                               0x20000050   Data       12288  adc.o(.bss)
    hadc1                                    0x20003050   Data          72  adc.o(.bss)
    hdma_adc1                                0x20003098   Data          96  adc.o(.bss)
    hsram1                                   0x200030f8   Data          80  fsmc.o(.bss)
    htim2                                    0x20003148   Data          72  tim.o(.bss)
    huart1                                   0x20003190   Data          72  usart.o(.bss)
    lcddev                                   0x200031d8   Data          14  lcd.o(.bss)
    __initial_sp                             0x2000b340   Data           0  startup_stm32f407xx.o(STACK)



==============================================================================

Memory Map of the image

  Image Entry point : 0x08000189

  Load Region LR_IROM1 (Base: 0x08000000, Size: 0x0002afd8, Max: 0x00100000, ABSOLUTE)

    Execution Region ER_IROM1 (Exec base: 0x08000000, Load base: 0x08000000, Size: 0x0002af88, Max: 0x00100000, ABSOLUTE)

    Exec Addr    Load Addr    Size         Type   Attr      Idx    E Section Name        Object

    0x08000000   0x08000000   0x00000188   Data   RO            3    RESET               startup_stm32f407xx.o
    0x08000188   0x08000188   0x00000000   Code   RO         4517  * .ARM.Collect$$$$00000000  mc_w.l(entry.o)
    0x08000188   0x08000188   0x00000004   Code   RO         4818    .ARM.Collect$$$$00000001  mc_w.l(entry2.o)
    0x0800018c   0x0800018c   0x00000004   Code   RO         4821    .ARM.Collect$$$$00000004  mc_w.l(entry5.o)
    0x08000190   0x08000190   0x00000000   Code   RO         4823    .ARM.Collect$$$$00000008  mc_w.l(entry7b.o)
    0x08000190   0x08000190   0x00000000   Code   RO         4825    .ARM.Collect$$$$0000000A  mc_w.l(entry8b.o)
    0x08000190   0x08000190   0x00000008   Code   RO         4826    .ARM.Collect$$$$0000000B  mc_w.l(entry9a.o)
    0x08000198   0x08000198   0x00000004   Code   RO         4833    .ARM.Collect$$$$0000000E  mc_w.l(entry12b.o)
    0x0800019c   0x0800019c   0x00000000   Code   RO         4828    .ARM.Collect$$$$0000000F  mc_w.l(entry10a.o)
    0x0800019c   0x0800019c   0x00000000   Code   RO         4830    .ARM.Collect$$$$00000011  mc_w.l(entry11a.o)
    0x0800019c   0x0800019c   0x00000004   Code   RO         4819    .ARM.Collect$$$$00002712  mc_w.l(entry2.o)
    0x080001a0   0x080001a0   0x00000024   Code   RO            4    .text               startup_stm32f407xx.o
    0x080001c4   0x080001c4   0x00000062   Code   RO         4520    .text               mc_w.l(uldiv.o)
    0x08000226   0x08000226   0x00000024   Code   RO         4522    .text               mc_w.l(memcpya.o)
    0x0800024a   0x0800024a   0x00000024   Code   RO         4524    .text               mc_w.l(memseta.o)
    0x0800026e   0x0800026e   0x0000000e   Code   RO         4526    .text               mc_w.l(strlen.o)
    0x0800027c   0x0800027c   0x000000e4   Code   RO         4791    .text               mf_w.l(dmul.o)
    0x08000360   0x08000360   0x000000de   Code   RO         4793    .text               mf_w.l(ddiv.o)
    0x0800043e   0x0800043e   0x0000003e   Code   RO         4795    .text               mf_w.l(dfixi.o)
    0x0800047c   0x0800047c   0x00000026   Code   RO         4797    .text               mf_w.l(f2d.o)
    0x080004a2   0x080004a2   0x0000002c   Code   RO         4835    .text               mc_w.l(uidiv.o)
    0x080004ce   0x080004ce   0x0000001e   Code   RO         4837    .text               mc_w.l(llshl.o)
    0x080004ec   0x080004ec   0x00000020   Code   RO         4839    .text               mc_w.l(llushr.o)
    0x0800050c   0x0800050c   0x00000000   Code   RO         4848    .text               mc_w.l(iusefp.o)
    0x0800050c   0x0800050c   0x000000ba   Code   RO         4849    .text               mf_w.l(depilogue.o)
    0x080005c6   0x080005c6   0x0000014e   Code   RO         4851    .text               mf_w.l(dadd.o)
    0x08000714   0x08000714   0x00000030   Code   RO         4853    .text               mf_w.l(dfixul.o)
    0x08000744   0x08000744   0x00000030   Code   RO         4855    .text               mf_w.l(cdrcmple.o)
    0x08000774   0x08000774   0x00000004   Code   RO         4857    .text               mf_w.l(fpstat.o)
    0x08000778   0x08000778   0x00000024   Code   RO         4859    .text               mc_w.l(init.o)
    0x0800079c   0x0800079c   0x00000024   Code   RO         4861    .text               mc_w.l(llsshr.o)
    0x080007c0   0x080007c0   0x00000044   Code   RO         4370    .text.arm_bitreversal_32  arm_cortexM4lf_math.lib(arm_bitreversal2.o)
    0x08000804   0x08000804   0x000000e0   Code   RO         4229    .text.arm_cfft_f32  arm_cortexM4lf_math.lib(arm_cfft_f32.o)
    0x080008e4   0x080008e4   0x000000b4   Code   RO         4239    .text.arm_cfft_init_f32  arm_cortexM4lf_math.lib(arm_cfft_init_f32.o)
    0x08000998   0x08000998   0x00000198   Code   RO         4225    .text.arm_cfft_radix8by2_f32  arm_cortexM4lf_math.lib(arm_cfft_f32.o)
    0x08000b30   0x08000b30   0x000003fc   Code   RO         4227    .text.arm_cfft_radix8by4_f32  arm_cortexM4lf_math.lib(arm_cfft_f32.o)
    0x08000f2c   0x08000f2c   0x000005b2   Code   RO         4382    .text.arm_radix8_butterfly_f32  arm_cortexM4lf_math.lib(arm_cfft_radix8_f32.o)
    0x080014de   0x080014de   0x0000002a   Code   RO         4205    .text.arm_rfft_1024_fast_init_f32  arm_cortexM4lf_math.lib(arm_rfft_fast_init_f32.o)
    0x08001508   0x08001508   0x00000026   Code   RO         4211    .text.arm_rfft_128_fast_init_f32  arm_cortexM4lf_math.lib(arm_rfft_fast_init_f32.o)
    0x0800152e   0x0800152e   0x0000002a   Code   RO         4203    .text.arm_rfft_2048_fast_init_f32  arm_cortexM4lf_math.lib(arm_rfft_fast_init_f32.o)
    0x08001558   0x08001558   0x00000028   Code   RO         4209    .text.arm_rfft_256_fast_init_f32  arm_cortexM4lf_math.lib(arm_rfft_fast_init_f32.o)
    0x08001580   0x08001580   0x00000026   Code   RO         4215    .text.arm_rfft_32_fast_init_f32  arm_cortexM4lf_math.lib(arm_rfft_fast_init_f32.o)
    0x080015a6   0x080015a6   0x0000002a   Code   RO         4201    .text.arm_rfft_4096_fast_init_f32  arm_cortexM4lf_math.lib(arm_rfft_fast_init_f32.o)
    0x080015d0   0x080015d0   0x0000002a   Code   RO         4207    .text.arm_rfft_512_fast_init_f32  arm_cortexM4lf_math.lib(arm_rfft_fast_init_f32.o)
    0x080015fa   0x080015fa   0x00000026   Code   RO         4213    .text.arm_rfft_64_fast_init_f32  arm_cortexM4lf_math.lib(arm_rfft_fast_init_f32.o)
    0x08001620   0x08001620   0x00000046   Code   RO         4189    .text.arm_rfft_fast_f32  arm_cortexM4lf_math.lib(arm_rfft_fast_f32.o)
    0x08001666   0x08001666   0x00000090   Code   RO         4199    .text.arm_rfft_fast_init_f32  arm_cortexM4lf_math.lib(arm_rfft_fast_init_f32.o)
    0x080016f6   0x080016f6   0x00000002   PAD
    0x080016f8   0x080016f8   0x000000b4   Code   RO         4187    .text.merge_rfft_f32  arm_cortexM4lf_math.lib(arm_rfft_fast_f32.o)
    0x080017ac   0x080017ac   0x000000b4   Code   RO         4185    .text.stage_rfft_f32  arm_cortexM4lf_math.lib(arm_rfft_fast_f32.o)
    0x08001860   0x08001860   0x00000024   Code   RO         3937    i.AD9851_Set_Frequency  bsp_ad9851.o
    0x08001884   0x08001884   0x0000001a   Code   RO         3938    i.AD9851_Setfq      bsp_ad9851.o
    0x0800189e   0x0800189e   0x0000006e   Code   RO          647    i.ADC_DMAConvCplt   stm32f4xx_hal_adc.o
    0x0800190c   0x0800190c   0x00000016   Code   RO          648    i.ADC_DMAError      stm32f4xx_hal_adc.o
    0x08001922   0x08001922   0x0000000a   Code   RO          649    i.ADC_DMAHalfConvCplt  stm32f4xx_hal_adc.o
    0x0800192c   0x0800192c   0x00000178   Code   RO          650    i.ADC_Init          stm32f4xx_hal_adc.o
    0x08001aa4   0x08001aa4   0x00000180   Code   RO         3996    i.Auto_Frequency_Response_Measurement  sweep_freq_response.o
    0x08001c24   0x08001c24   0x00000170   Code   RO         3997    i.Basic_Measurement  sweep_freq_response.o
    0x08001d94   0x08001d94   0x000001e8   Code   RO         3998    i.Basic_Measurement_Page_Init  sweep_freq_response.o
    0x08001f7c   0x08001f7c   0x00000210   Code   RO         3999    i.Basic_Measurement_Page_Update  sweep_freq_response.o
    0x0800218c   0x0800218c   0x00000002   Code   RO          535    i.BusFault_Handler  stm32f4xx_it.o
    0x0800218e   0x0800218e   0x00000002   PAD
    0x08002190   0x08002190   0x0000000c   Code   RO          536    i.DMA2_Stream0_IRQHandler  stm32f4xx_it.o
    0x0800219c   0x0800219c   0x00000028   Code   RO         1399    i.DMA_CalcBaseAndBitshift  stm32f4xx_hal_dma.o
    0x080021c4   0x080021c4   0x00000054   Code   RO         1400    i.DMA_CheckFifoParam  stm32f4xx_hal_dma.o
    0x08002218   0x08002218   0x00000028   Code   RO         1401    i.DMA_SetConfig     stm32f4xx_hal_dma.o
    0x08002240   0x08002240   0x00000002   Code   RO          537    i.DebugMon_Handler  stm32f4xx_it.o
    0x08002242   0x08002242   0x00000002   PAD
    0x08002244   0x08002244   0x00000274   Code   RO         4000    i.Display_3dB_Frequency  sweep_freq_response.o
    0x080024b8   0x080024b8   0x0000019c   Code   RO         4001    i.Display_Measurement_Statistics  sweep_freq_response.o
    0x08002654   0x08002654   0x000001d8   Code   RO         4002    i.Draw_Coordinate_System  sweep_freq_response.o
    0x0800282c   0x0800282c   0x00000004   Code   RO           47    i.Error_Handler     main.o
    0x08002830   0x08002830   0x00000118   Code   RO         2098    i.FSMC_NORSRAM_Extended_Timing_Init  stm32f4xx_ll_fsmc.o
    0x08002948   0x08002948   0x000001c8   Code   RO         2099    i.FSMC_NORSRAM_Init  stm32f4xx_ll_fsmc.o
    0x08002b10   0x08002b10   0x0000012c   Code   RO         2100    i.FSMC_NORSRAM_Timing_Init  stm32f4xx_ll_fsmc.o
    0x08002c3c   0x08002c3c   0x00000070   Code   RO         4003    i.Find_3dB_Frequency  sweep_freq_response.o
    0x08002cac   0x08002cac   0x00000034   Code   RO         4004    i.Force_Stop_All_Operations  sweep_freq_response.o
    0x08002ce0   0x08002ce0   0x00000358   Code   RO          820    i.HAL_ADCEx_InjectedConfigChannel  stm32f4xx_hal_adc_ex.o
    0x08003038   0x08003038   0x000001d4   Code   RO          652    i.HAL_ADC_ConfigChannel  stm32f4xx_hal_adc.o
    0x0800320c   0x0800320c   0x00000018   Code   RO          269    i.HAL_ADC_ConvCpltCallback  adc.o
    0x08003224   0x08003224   0x00000002   Code   RO          654    i.HAL_ADC_ConvHalfCpltCallback  stm32f4xx_hal_adc.o
    0x08003226   0x08003226   0x00000002   Code   RO          656    i.HAL_ADC_ErrorCallback  stm32f4xx_hal_adc.o
    0x08003228   0x08003228   0x00000220   Code   RO          661    i.HAL_ADC_Init      stm32f4xx_hal_adc.o
    0x08003448   0x08003448   0x0000009c   Code   RO          271    i.HAL_ADC_MspInit   adc.o
    0x080034e4   0x080034e4   0x000001c8   Code   RO          668    i.HAL_ADC_Start_DMA  stm32f4xx_hal_adc.o
    0x080036ac   0x080036ac   0x000000d0   Code   RO          671    i.HAL_ADC_Stop_DMA  stm32f4xx_hal_adc.o
    0x0800377c   0x0800377c   0x00000092   Code   RO         1402    i.HAL_DMA_Abort     stm32f4xx_hal_dma.o
    0x0800380e   0x0800380e   0x00000024   Code   RO         1403    i.HAL_DMA_Abort_IT  stm32f4xx_hal_dma.o
    0x08003832   0x08003832   0x00000002   PAD
    0x08003834   0x08003834   0x000001a0   Code   RO         1407    i.HAL_DMA_IRQHandler  stm32f4xx_hal_dma.o
    0x080039d4   0x080039d4   0x000002e0   Code   RO         1408    i.HAL_DMA_Init      stm32f4xx_hal_dma.o
    0x08003cb4   0x08003cb4   0x000000c8   Code   RO         1412    i.HAL_DMA_Start_IT  stm32f4xx_hal_dma.o
    0x08003d7c   0x08003d7c   0x00000024   Code   RO         1839    i.HAL_Delay         stm32f4xx_hal.o
    0x08003da0   0x08003da0   0x000000a8   Code   RO          343    i.HAL_FSMC_MspInit  fsmc.o
    0x08003e48   0x08003e48   0x000002fc   Code   RO         1295    i.HAL_GPIO_Init     stm32f4xx_hal_gpio.o
    0x08004144   0x08004144   0x00000058   Code   RO         1297    i.HAL_GPIO_ReadPin  stm32f4xx_hal_gpio.o
    0x0800419c   0x0800419c   0x0000006c   Code   RO         1299    i.HAL_GPIO_WritePin  stm32f4xx_hal_gpio.o
    0x08004208   0x08004208   0x0000000c   Code   RO         1845    i.HAL_GetTick       stm32f4xx_hal.o
    0x08004214   0x08004214   0x00000010   Code   RO         1851    i.HAL_IncTick       stm32f4xx_hal.o
    0x08004224   0x08004224   0x00000034   Code   RO         1852    i.HAL_Init          stm32f4xx_hal.o
    0x08004258   0x08004258   0x00000040   Code   RO         1853    i.HAL_InitTick      stm32f4xx_hal.o
    0x08004298   0x08004298   0x00000030   Code   RO          623    i.HAL_MspInit       stm32f4xx_hal_msp.o
    0x080042c8   0x080042c8   0x00000064   Code   RO         1687    i.HAL_NVIC_EnableIRQ  stm32f4xx_hal_cortex.o
    0x0800432c   0x0800432c   0x000000a0   Code   RO         1693    i.HAL_NVIC_SetPriority  stm32f4xx_hal_cortex.o
    0x080043cc   0x080043cc   0x00000080   Code   RO         1694    i.HAL_NVIC_SetPriorityGrouping  stm32f4xx_hal_cortex.o
    0x0800444c   0x0800444c   0x0000024c   Code   RO          926    i.HAL_RCC_ClockConfig  stm32f4xx_hal_rcc.o
    0x08004698   0x08004698   0x00000020   Code   RO          933    i.HAL_RCC_GetPCLK1Freq  stm32f4xx_hal_rcc.o
    0x080046b8   0x080046b8   0x00000020   Code   RO          934    i.HAL_RCC_GetPCLK2Freq  stm32f4xx_hal_rcc.o
    0x080046d8   0x080046d8   0x00000060   Code   RO          935    i.HAL_RCC_GetSysClockFreq  stm32f4xx_hal_rcc.o
    0x08004738   0x08004738   0x000004a8   Code   RO          938    i.HAL_RCC_OscConfig  stm32f4xx_hal_rcc.o
    0x08004be0   0x08004be0   0x0000005c   Code   RO         2220    i.HAL_SRAM_Init     stm32f4xx_hal_sram.o
    0x08004c3c   0x08004c3c   0x00000004   Code   RO          345    i.HAL_SRAM_MspInit  fsmc.o
    0x08004c40   0x08004c40   0x00000028   Code   RO         1698    i.HAL_SYSTICK_Config  stm32f4xx_hal_cortex.o
    0x08004c68   0x08004c68   0x00000150   Code   RO         3077    i.HAL_TIMEx_MasterConfigSynchronization  stm32f4xx_hal_tim_ex.o
    0x08004db8   0x08004db8   0x00000194   Code   RO         2353    i.HAL_TIM_Base_Init  stm32f4xx_hal_tim.o
    0x08004f4c   0x08004f4c   0x00000024   Code   RO          392    i.HAL_TIM_Base_MspInit  tim.o
    0x08004f70   0x08004f70   0x00000128   Code   RO         2356    i.HAL_TIM_Base_Start  stm32f4xx_hal_tim.o
    0x08005098   0x08005098   0x000000f8   Code   RO         2359    i.HAL_TIM_Base_Stop  stm32f4xx_hal_tim.o
    0x08005190   0x08005190   0x00000410   Code   RO         2362    i.HAL_TIM_ConfigClockSource  stm32f4xx_hal_tim.o
    0x080055a0   0x080055a0   0x00000002   Code   RO         3337    i.HAL_UARTEx_RxEventCallback  stm32f4xx_hal_uart.o
    0x080055a2   0x080055a2   0x00000002   Code   RO         3351    i.HAL_UART_ErrorCallback  stm32f4xx_hal_uart.o
    0x080055a4   0x080055a4   0x00000280   Code   RO         3354    i.HAL_UART_IRQHandler  stm32f4xx_hal_uart.o
    0x08005824   0x08005824   0x0000014c   Code   RO         3355    i.HAL_UART_Init     stm32f4xx_hal_uart.o
    0x08005970   0x08005970   0x0000007c   Code   RO          459    i.HAL_UART_MspInit  usart.o
    0x080059ec   0x080059ec   0x0000001c   Code   RO         3360    i.HAL_UART_Receive_IT  stm32f4xx_hal_uart.o
    0x08005a08   0x08005a08   0x00000034   Code   RO          460    i.HAL_UART_RxCpltCallback  usart.o
    0x08005a3c   0x08005a3c   0x000000a0   Code   RO         3363    i.HAL_UART_Transmit  stm32f4xx_hal_uart.o
    0x08005adc   0x08005adc   0x00000002   Code   RO          461    i.HAL_UART_TxCpltCallback  usart.o
    0x08005ade   0x08005ade   0x00000002   Code   RO          538    i.HardFault_Handler  stm32f4xx_it.o
    0x08005ae0   0x08005ae0   0x00000090   Code   RO         4119    i.KEY_Scan          key.o
    0x08005b70   0x08005b70   0x00000068   Code   RO         3727    i.LCD_Clear         lcd.o
    0x08005bd8   0x08005bd8   0x00000108   Code   RO         3731    i.LCD_Display_Dir   lcd.o
    0x08005ce0   0x08005ce0   0x00000128   Code   RO         4005    i.LCD_Display_Frequency  sweep_freq_response.o
    0x08005e08   0x08005e08   0x00000050   Code   RO         4006    i.LCD_Display_Title_Center  sweep_freq_response.o
    0x08005e58   0x08005e58   0x0000009a   Code   RO         3732    i.LCD_DrawLine      lcd.o
    0x08005ef2   0x08005ef2   0x00000002   PAD
    0x08005ef4   0x08005ef4   0x0000001c   Code   RO         3733    i.LCD_DrawPoint     lcd.o
    0x08005f10   0x08005f10   0x000000dc   Code   RO         3736    i.LCD_Fast_DrawPoint  lcd.o
    0x08005fec   0x08005fec   0x0000008c   Code   RO         3737    i.LCD_Fill          lcd.o
    0x08006078   0x08006078   0x000034ec   Code   RO         3738    i.LCD_Init          lcd.o
    0x08009564   0x08009564   0x00000014   Code   RO         3740    i.LCD_RD_DATA       lcd.o
    0x08009578   0x08009578   0x00000018   Code   RO         3742    i.LCD_ReadReg       lcd.o
    0x08009590   0x08009590   0x00000208   Code   RO         3743    i.LCD_Scan_Dir      lcd.o
    0x08009798   0x08009798   0x000000dc   Code   RO         3744    i.LCD_SetCursor     lcd.o
    0x08009874   0x08009874   0x000000d4   Code   RO         3746    i.LCD_ShowChar      lcd.o
    0x08009948   0x08009948   0x00000054   Code   RO         3748    i.LCD_ShowString    lcd.o
    0x0800999c   0x0800999c   0x00000018   Code   RO         3750    i.LCD_WR_DATA       lcd.o
    0x080099b4   0x080099b4   0x00000018   Code   RO         3751    i.LCD_WR_REG        lcd.o
    0x080099cc   0x080099cc   0x00000014   Code   RO         3753    i.LCD_WriteRAM_Prepare  lcd.o
    0x080099e0   0x080099e0   0x00000016   Code   RO         3754    i.LCD_WriteReg      lcd.o
    0x080099f6   0x080099f6   0x00000002   PAD
    0x080099f8   0x080099f8   0x000000f0   Code   RO          272    i.MX_ADC1_Init      adc.o
    0x08009ae8   0x08009ae8   0x0000002c   Code   RO          319    i.MX_DMA_Init       dma.o
    0x08009b14   0x08009b14   0x00000070   Code   RO          346    i.MX_FSMC_Init      fsmc.o
    0x08009b84   0x08009b84   0x00000174   Code   RO          245    i.MX_GPIO_Init      gpio.o
    0x08009cf8   0x08009cf8   0x00000068   Code   RO          393    i.MX_TIM2_Init      tim.o
    0x08009d60   0x08009d60   0x00000044   Code   RO          462    i.MX_USART1_UART_Init  usart.o
    0x08009da4   0x08009da4   0x000000a8   Code   RO         4007    i.Measure_Single_Point  sweep_freq_response.o
    0x08009e4c   0x08009e4c   0x00000002   Code   RO          539    i.MemManage_Handler  stm32f4xx_it.o
    0x08009e4e   0x08009e4e   0x00000002   Code   RO          540    i.NMI_Handler       stm32f4xx_it.o
    0x08009e50   0x08009e50   0x00000002   Code   RO          541    i.PendSV_Handler    stm32f4xx_it.o
    0x08009e52   0x08009e52   0x00000002   PAD
    0x08009e54   0x08009e54   0x00000024   Code   RO         4008    i.ProcessSampleData_F32  sweep_freq_response.o
    0x08009e78   0x08009e78   0x0000015c   Code   RO         4009    i.Process_ADC_Data_F32  sweep_freq_response.o
    0x08009fd4   0x08009fd4   0x00000002   Code   RO          542    i.SVC_Handler       stm32f4xx_it.o
    0x08009fd6   0x08009fd6   0x00000004   Code   RO          543    i.SysTick_Handler   stm32f4xx_it.o
    0x08009fda   0x08009fda   0x00000002   PAD
    0x08009fdc   0x08009fdc   0x00000094   Code   RO           48    i.SystemClock_Config  main.o
    0x0800a070   0x0800a070   0x00000010   Code   RO         3689    i.SystemInit        system_stm32f4xx.o
    0x0800a080   0x0800a080   0x000000d0   Code   RO         2446    i.TIM_Base_SetConfig  stm32f4xx_hal_tim.o
    0x0800a150   0x0800a150   0x00000014   Code   RO         2457    i.TIM_ETR_SetConfig  stm32f4xx_hal_tim.o
    0x0800a164   0x0800a164   0x00000010   Code   RO         2458    i.TIM_ITRx_SetConfig  stm32f4xx_hal_tim.o
    0x0800a174   0x0800a174   0x00000022   Code   RO         2464    i.TIM_TI1_ConfigInputStage  stm32f4xx_hal_tim.o
    0x0800a196   0x0800a196   0x00000024   Code   RO         2466    i.TIM_TI2_ConfigInputStage  stm32f4xx_hal_tim.o
    0x0800a1ba   0x0800a1ba   0x00000002   PAD
    0x0800a1bc   0x0800a1bc   0x000000f4   Code   RO          394    i.Tim2_Config_AutoFs  tim.o
    0x0800a2b0   0x0800a2b0   0x0000000e   Code   RO         3368    i.UART_DMAAbortOnError  stm32f4xx_hal_uart.o
    0x0800a2be   0x0800a2be   0x0000004e   Code   RO         3378    i.UART_EndRxTransfer  stm32f4xx_hal_uart.o
    0x0800a30c   0x0800a30c   0x000000c2   Code   RO         3380    i.UART_Receive_IT   stm32f4xx_hal_uart.o
    0x0800a3ce   0x0800a3ce   0x00000002   PAD
    0x0800a3d0   0x0800a3d0   0x000001a0   Code   RO         3381    i.UART_SetConfig    stm32f4xx_hal_uart.o
    0x0800a570   0x0800a570   0x00000036   Code   RO         3383    i.UART_Start_Receive_IT  stm32f4xx_hal_uart.o
    0x0800a5a6   0x0800a5a6   0x00000072   Code   RO         3384    i.UART_WaitOnFlagUntilTimeout  stm32f4xx_hal_uart.o
    0x0800a618   0x0800a618   0x0000000c   Code   RO          544    i.USART1_IRQHandler  stm32f4xx_it.o
    0x0800a624   0x0800a624   0x00000002   Code   RO          545    i.UsageFault_Handler  stm32f4xx_it.o
    0x0800a626   0x0800a626   0x00000002   PAD
    0x0800a628   0x0800a628   0x00000020   Code   RO         4763    i.__0printf         mc_w.l(printfa.o)
    0x0800a648   0x0800a648   0x00000028   Code   RO         4765    i.__0sprintf        mc_w.l(printfa.o)
    0x0800a670   0x0800a670   0x00000026   Code   RO         4799    i.__ARM_fpclassifyf  m_wm.l(fpclassifyf.o)
    0x0800a696   0x0800a696   0x00000020   Code   RO         1700    i.__NVIC_SetPriority  stm32f4xx_hal_cortex.o
    0x0800a6b6   0x0800a6b6   0x00000002   PAD
    0x0800a6b8   0x0800a6b8   0x00000180   Code   RO         4465    i.__hardfp_log10f   m_wm.l(log10f.o)
    0x0800a838   0x0800a838   0x00000664   Code   RO         4479    i.__hardfp_powf     m_wm.l(powf.o)
    0x0800ae9c   0x0800ae9c   0x00000190   Code   RO         4493    i.__hardfp_sinf     m_wm.l(sinf.o)
    0x0800b02c   0x0800b02c   0x0000003a   Code   RO         4505    i.__hardfp_sqrtf    m_wm.l(sqrtf.o)
    0x0800b066   0x0800b066   0x00000002   PAD
    0x0800b068   0x0800b068   0x00000014   Code   RO         4801    i.__mathlib_flt_divzero  m_wm.l(funder.o)
    0x0800b07c   0x0800b07c   0x00000006   Code   RO         4802    i.__mathlib_flt_infnan  m_wm.l(funder.o)
    0x0800b082   0x0800b082   0x00000006   Code   RO         4803    i.__mathlib_flt_infnan2  m_wm.l(funder.o)
    0x0800b088   0x0800b088   0x00000010   Code   RO         4804    i.__mathlib_flt_invalid  m_wm.l(funder.o)
    0x0800b098   0x0800b098   0x00000010   Code   RO         4805    i.__mathlib_flt_overflow  m_wm.l(funder.o)
    0x0800b0a8   0x0800b0a8   0x00000010   Code   RO         4807    i.__mathlib_flt_underflow  m_wm.l(funder.o)
    0x0800b0b8   0x0800b0b8   0x00000154   Code   RO         4815    i.__mathlib_rredf2  m_wm.l(rredf.o)
    0x0800b20c   0x0800b20c   0x0000000e   Code   RO         4865    i.__scatterload_copy  mc_w.l(handlers.o)
    0x0800b21a   0x0800b21a   0x00000002   Code   RO         4866    i.__scatterload_null  mc_w.l(handlers.o)
    0x0800b21c   0x0800b21c   0x0000000e   Code   RO         4867    i.__scatterload_zeroinit  mc_w.l(handlers.o)
    0x0800b22a   0x0800b22a   0x00000002   PAD
    0x0800b22c   0x0800b22c   0x0000000c   Code   RO         4843    i.__set_errno       mc_w.l(errno.o)
    0x0800b238   0x0800b238   0x00000184   Code   RO         4770    i._fp_digits        mc_w.l(printfa.o)
    0x0800b3bc   0x0800b3bc   0x000006b4   Code   RO         4771    i._printf_core      mc_w.l(printfa.o)
    0x0800ba70   0x0800ba70   0x00000024   Code   RO         4772    i._printf_post_padding  mc_w.l(printfa.o)
    0x0800ba94   0x0800ba94   0x0000002e   Code   RO         4773    i._printf_pre_padding  mc_w.l(printfa.o)
    0x0800bac2   0x0800bac2   0x0000000a   Code   RO         4775    i._sputc            mc_w.l(printfa.o)
    0x0800bacc   0x0800bacc   0x00000054   Code   RO         3941    i.ad9851_wr_parallel  bsp_ad9851.o
    0x0800bb20   0x0800bb20   0x00000178   Code   RO         3942    i.ad9851_wr_serial  bsp_ad9851.o
    0x0800bc98   0x0800bc98   0x00000002   Code   RO           49    i.assert_failed     main.o
    0x0800bc9a   0x0800bc9a   0x00000002   PAD
    0x0800bc9c   0x0800bc9c   0x00000018   Code   RO          465    i.fputc             usart.o
    0x0800bcb4   0x0800bcb4   0x00000080   Code   RO           50    i.main              main.o
    0x0800bd34   0x0800bd34   0x00000118   Code   RO         4012    i.plot_Frequency_Response_Point  sweep_freq_response.o
    0x0800be4c   0x0800be4c   0x00000214   Code   RO         4149    i.spectrum_analysis  spectrum_analysis.o
    0x0800c060   0x0800c060   0x000000d0   Code   RO          396    i.tim2_set_fs       tim.o
    0x0800c130   0x0800c130   0x00000008   Data   RO         1414    .constdata          stm32f4xx_hal_dma.o
    0x0800c138   0x0800c138   0x00000010   Data   RO         3690    .constdata          system_stm32f4xx.o
    0x0800c148   0x0800c148   0x00000008   Data   RO         3691    .constdata          system_stm32f4xx.o
    0x0800c150   0x0800c150   0x000017c0   Data   RO         3757    .constdata          lcd.o
    0x0800d910   0x0800d910   0x0000003c   Data   RO         4014    .constdata          sweep_freq_response.o
    0x0800d94c   0x0800d94c   0x00000040   Data   RO         4468    .constdata          m_wm.l(log10f.o)
    0x0800d98c   0x0800d98c   0x00000140   Data   RO         4482    .constdata          m_wm.l(powf.o)
    0x0800dacc   0x0800dacc   0x00000020   Data   RO         4816    .constdata          m_wm.l(rredf.o)
    0x0800daec   0x0800daec   0x00000013   Data   RO         4015    .conststring        sweep_freq_response.o
    0x0800daff   0x0800daff   0x00000001   PAD
    0x0800db00   0x0800db00   0x00000e10   Data   RO         4300    .rodata.armBitRevIndexTable1024  arm_cortexM4lf_math.lib(arm_common_tables.o)
    0x0800e910   0x0800e910   0x000001a0   Data   RO         4297    .rodata.armBitRevIndexTable128  arm_cortexM4lf_math.lib(arm_common_tables.o)
    0x0800eab0   0x0800eab0   0x00000028   Data   RO         4294    .rodata.armBitRevIndexTable16  arm_cortexM4lf_math.lib(arm_common_tables.o)
    0x0800ead8   0x0800ead8   0x00001dc0   Data   RO         4301    .rodata.armBitRevIndexTable2048  arm_cortexM4lf_math.lib(arm_common_tables.o)
    0x08010898   0x08010898   0x00000370   Data   RO         4298    .rodata.armBitRevIndexTable256  arm_cortexM4lf_math.lib(arm_common_tables.o)
    0x08010c08   0x08010c08   0x00000060   Data   RO         4295    .rodata.armBitRevIndexTable32  arm_cortexM4lf_math.lib(arm_common_tables.o)
    0x08010c68   0x08010c68   0x00001f80   Data   RO         4302    .rodata.armBitRevIndexTable4096  arm_cortexM4lf_math.lib(arm_common_tables.o)
    0x08012be8   0x08012be8   0x00000380   Data   RO         4299    .rodata.armBitRevIndexTable512  arm_cortexM4lf_math.lib(arm_common_tables.o)
    0x08012f68   0x08012f68   0x00000070   Data   RO         4296    .rodata.armBitRevIndexTable64  arm_cortexM4lf_math.lib(arm_common_tables.o)
    0x08012fd8   0x08012fd8   0x00000010   Data   RO         4406    .rodata.arm_cfft_sR_f32_len1024  arm_cortexM4lf_math.lib(arm_const_structs.o)
    0x08012fe8   0x08012fe8   0x00000010   Data   RO         4403    .rodata.arm_cfft_sR_f32_len128  arm_cortexM4lf_math.lib(arm_const_structs.o)
    0x08012ff8   0x08012ff8   0x00000010   Data   RO         4400    .rodata.arm_cfft_sR_f32_len16  arm_cortexM4lf_math.lib(arm_const_structs.o)
    0x08013008   0x08013008   0x00000010   Data   RO         4407    .rodata.arm_cfft_sR_f32_len2048  arm_cortexM4lf_math.lib(arm_const_structs.o)
    0x08013018   0x08013018   0x00000010   Data   RO         4404    .rodata.arm_cfft_sR_f32_len256  arm_cortexM4lf_math.lib(arm_const_structs.o)
    0x08013028   0x08013028   0x00000010   Data   RO         4401    .rodata.arm_cfft_sR_f32_len32  arm_cortexM4lf_math.lib(arm_const_structs.o)
    0x08013038   0x08013038   0x00000010   Data   RO         4408    .rodata.arm_cfft_sR_f32_len4096  arm_cortexM4lf_math.lib(arm_const_structs.o)
    0x08013048   0x08013048   0x00000010   Data   RO         4405    .rodata.arm_cfft_sR_f32_len512  arm_cortexM4lf_math.lib(arm_const_structs.o)
    0x08013058   0x08013058   0x00000010   Data   RO         4402    .rodata.arm_cfft_sR_f32_len64  arm_cortexM4lf_math.lib(arm_const_structs.o)
    0x08013068   0x08013068   0x00002000   Data   RO         4264    .rodata.twiddleCoef_1024  arm_cortexM4lf_math.lib(arm_common_tables.o)
    0x08015068   0x08015068   0x00000400   Data   RO         4261    .rodata.twiddleCoef_128  arm_cortexM4lf_math.lib(arm_common_tables.o)
    0x08015468   0x08015468   0x00000080   Data   RO         4258    .rodata.twiddleCoef_16  arm_cortexM4lf_math.lib(arm_common_tables.o)
    0x080154e8   0x080154e8   0x00004000   Data   RO         4265    .rodata.twiddleCoef_2048  arm_cortexM4lf_math.lib(arm_common_tables.o)
    0x080194e8   0x080194e8   0x00000800   Data   RO         4262    .rodata.twiddleCoef_256  arm_cortexM4lf_math.lib(arm_common_tables.o)
    0x08019ce8   0x08019ce8   0x00000100   Data   RO         4259    .rodata.twiddleCoef_32  arm_cortexM4lf_math.lib(arm_common_tables.o)
    0x08019de8   0x08019de8   0x00008000   Data   RO         4266    .rodata.twiddleCoef_4096  arm_cortexM4lf_math.lib(arm_common_tables.o)
    0x08021de8   0x08021de8   0x00001000   Data   RO         4263    .rodata.twiddleCoef_512  arm_cortexM4lf_math.lib(arm_common_tables.o)
    0x08022de8   0x08022de8   0x00000200   Data   RO         4260    .rodata.twiddleCoef_64  arm_cortexM4lf_math.lib(arm_common_tables.o)
    0x08022fe8   0x08022fe8   0x00001000   Data   RO         4325    .rodata.twiddleCoef_rfft_1024  arm_cortexM4lf_math.lib(arm_common_tables.o)
    0x08023fe8   0x08023fe8   0x00000200   Data   RO         4322    .rodata.twiddleCoef_rfft_128  arm_cortexM4lf_math.lib(arm_common_tables.o)
    0x080241e8   0x080241e8   0x00002000   Data   RO         4326    .rodata.twiddleCoef_rfft_2048  arm_cortexM4lf_math.lib(arm_common_tables.o)
    0x080261e8   0x080261e8   0x00000400   Data   RO         4323    .rodata.twiddleCoef_rfft_256  arm_cortexM4lf_math.lib(arm_common_tables.o)
    0x080265e8   0x080265e8   0x00000080   Data   RO         4320    .rodata.twiddleCoef_rfft_32  arm_cortexM4lf_math.lib(arm_common_tables.o)
    0x08026668   0x08026668   0x00004000   Data   RO         4327    .rodata.twiddleCoef_rfft_4096  arm_cortexM4lf_math.lib(arm_common_tables.o)
    0x0802a668   0x0802a668   0x00000800   Data   RO         4324    .rodata.twiddleCoef_rfft_512  arm_cortexM4lf_math.lib(arm_common_tables.o)
    0x0802ae68   0x0802ae68   0x00000100   Data   RO         4321    .rodata.twiddleCoef_rfft_64  arm_cortexM4lf_math.lib(arm_common_tables.o)
    0x0802af68   0x0802af68   0x00000020   Data   RO         4863    Region$$Table       anon$$obj.o


    Execution Region RW_IRAM1 (Exec base: 0x20000000, Load base: 0x0802af88, Size: 0x0000b340, Max: 0x0001c000, ABSOLUTE)

    Exec Addr    Load Addr    Size         Type   Attr      Idx    E Section Name        Object

    0x20000000   0x0802af88   0x00000001   Data   RW          275    .data               adc.o
    0x20000001   0x0802af89   0x00000003   PAD
    0x20000004   0x0802af8c   0x00000008   Data   RW          348    .data               fsmc.o
    0x2000000c   0x0802af94   0x00000004   Data   RW          398    .data               tim.o
    0x20000010   0x0802af98   0x00000001   Data   RW          467    .data               usart.o
    0x20000011   0x0802af99   0x00000003   PAD
    0x20000014   0x0802af9c   0x0000000c   Data   RW         1859    .data               stm32f4xx_hal.o
    0x20000020   0x0802afa8   0x00000004   Data   RW         3692    .data               system_stm32f4xx.o
    0x20000024   0x0802afac   0x00000004   Data   RW         3758    .data               lcd.o
    0x20000028   0x0802afb0   0x00000010   Data   RW         4017    .data               sweep_freq_response.o
    0x20000038   0x0802afc0   0x00000010   Data   RW         4120    .data               key.o
    0x20000048   0x0802afd0   0x00000004   Data   RW         4834    .data               mc_w.l(stdout.o)
    0x2000004c   0x0802afd4   0x00000004   Data   RW         4844    .data               mc_w.l(errno.o)
    0x20000050        -       0x00003000   Zero   RW          273    .bss                adc.o
    0x20003050        -       0x000000a8   Zero   RW          274    .bss                adc.o
    0x200030f8        -       0x00000050   Zero   RW          347    .bss                fsmc.o
    0x20003148        -       0x00000048   Zero   RW          397    .bss                tim.o
    0x20003190        -       0x00000048   Zero   RW          466    .bss                usart.o
    0x200031d8        -       0x0000000e   Zero   RW         3756    .bss                lcd.o
    0x200031e6   0x0802afd8   0x00000002   PAD
    0x200031e8        -       0x00006550   Zero   RW         4013    .bss                sweep_freq_response.o
    0x20009738        -       0x00001804   Zero   RW         4150    .bss                spectrum_analysis.o
    0x2000af3c   0x0802afd8   0x00000004   PAD
    0x2000af40        -       0x00000400   Zero   RW            1    STACK               startup_stm32f407xx.o


    Execution Region RW_IRAM2 (Exec base: 0x2001c000, Load base: 0x0802afd8, Size: 0x00000000, Max: 0x00004000, ABSOLUTE)

    **** No section assigned to this execution region ****


==============================================================================

Image component sizes


      Code (inc. data)   RO Data    RW Data    ZI Data      Debug   Object Name

       420         42          0          1      12456       2617   adc.o
         0          0          0          0          0       4500   armlib_lock_glue.o
       522         28          0          0          0       3418   bsp_ad9851.o
        44          4          0          0          0        790   dma.o
       284         34          0          8         80       2279   fsmc.o
       372         32          0          0          0       1211   gpio.o
       144         10          0         16          0       1213   key.o
     15628        140       6080          4         14      24100   lcd.o
       282         36          0          0          0     726216   main.o
       532         16          0          0       6148      19612   spectrum_analysis.o
        36          8        392          0       1024        844   startup_stm32f407xx.o
       180         28          0         12          0       9473   stm32f4xx_hal.o
      2198        376          0          0          0       8057   stm32f4xx_hal_adc.o
       856         76          0          0          0       1698   stm32f4xx_hal_adc_ex.o
       460        196          0          0          0      34019   stm32f4xx_hal_cortex.o
      1698        138          8          0          0       7590   stm32f4xx_hal_dma.o
       960        232          0          0          0       3083   stm32f4xx_hal_gpio.o
        48          6          0          0          0        874   stm32f4xx_hal_msp.o
      1940        184          0          0          0       5504   stm32f4xx_hal_rcc.o
        92          0          0          0          0       1244   stm32f4xx_hal_sram.o
      2302        478          0          0          0       8178   stm32f4xx_hal_tim.o
       336         94          0          0          0       1464   stm32f4xx_hal_tim_ex.o
      2034        160          0          0          0      11098   stm32f4xx_hal_uart.o
        44         12          0          0          0       5200   stm32f4xx_it.o
      1036        190          0          0          0       4407   stm32f4xx_ll_fsmc.o
      4652        842         79         16      25936      17806   sweep_freq_response.o
        16          4         24          4          0       1151   system_stm32f4xx.o
       592         66          0          4         72       3732   tim.o
       270         44          0          1         72       4685   usart.o

    ----------------------------------------------------------------------
     38002       3476       6616         72      45808     916063   Object Totals
         0          0         32          0          0          0   (incl. Generated)
        24          0          1          6          6          0   (incl. Padding)

    ----------------------------------------------------------------------

      Code (inc. data)   RO Data    RW Data    ZI Data      Debug   Library Member Name

        68          0          0          0          0       1792   arm_bitreversal2.o
      1652          0          0          0          0       7236   arm_cfft_f32.o
       180          0          0          0          0       1283   arm_cfft_init_f32.o
      1458          4          0          0          0       5452   arm_cfft_radix8_f32.o
         0          0     119768          0          0       6294   arm_common_tables.o
         0          0        144          0          0       4820   arm_const_structs.o
       430          0          0          0          0       3280   arm_rfft_fast_f32.o
       466          0          0          0          0       3844   arm_rfft_fast_init_f32.o
        38          0          0          0          0        116   fpclassifyf.o
        80         24          0          0          0        696   funder.o
       384         52         64          0          0        140   log10f.o
      1636        110        320          0          0        372   powf.o
       340         24         32          0          0        160   rredf.o
       400         56          0          0          0        212   sinf.o
        58          0          0          0          0        136   sqrtf.o
         0          0          0          0          0          0   entry.o
         0          0          0          0          0          0   entry10a.o
         0          0          0          0          0          0   entry11a.o
         4          0          0          0          0          0   entry12b.o
         8          4          0          0          0          0   entry2.o
         4          0          0          0          0          0   entry5.o
         0          0          0          0          0          0   entry7b.o
         0          0          0          0          0          0   entry8b.o
         8          4          0          0          0          0   entry9a.o
        12          6          0          4          0         68   errno.o
        30          0          0          0          0          0   handlers.o
        36          8          0          0          0         68   init.o
         0          0          0          0          0          0   iusefp.o
        30          0          0          0          0         68   llshl.o
        36          0          0          0          0         68   llsshr.o
        32          0          0          0          0         68   llushr.o
        36          0          0          0          0         68   memcpya.o
        36          0          0          0          0        108   memseta.o
      2268         96          0          0          0        616   printfa.o
         0          0          0          4          0          0   stdout.o
        14          0          0          0          0         68   strlen.o
        44          0          0          0          0         80   uidiv.o
        98          0          0          0          0         92   uldiv.o
        48          0          0          0          0         68   cdrcmple.o
       334          0          0          0          0        148   dadd.o
       222          0          0          0          0        100   ddiv.o
       186          0          0          0          0        176   depilogue.o
        62          0          0          0          0         80   dfixi.o
        48          0          0          0          0         68   dfixul.o
       228          0          0          0          0         96   dmul.o
        38          0          0          0          0         68   f2d.o
         4          0          0          0          0         68   fpstat.o

    ----------------------------------------------------------------------
     11062        388     120328          8          0      38077   Library Totals
         6          0          0          0          0          0   (incl. Padding)

    ----------------------------------------------------------------------

      Code (inc. data)   RO Data    RW Data    ZI Data      Debug   Library Name

      4254          4     119912          0          0      34001   arm_cortexM4lf_math.lib
      2936        266        416          0          0       1832   m_wm.l
      2696        118          0          8          0       1372   mc_w.l
      1170          0          0          0          0        872   mf_w.l

    ----------------------------------------------------------------------
     11062        388     120328          8          0      38077   Library Totals

    ----------------------------------------------------------------------

==============================================================================


      Code (inc. data)   RO Data    RW Data    ZI Data      Debug   

     49064       3864     126944         80      45808     939320   Grand Totals
     49064       3864     126944         80      45808     939320   ELF Image Totals
     49064       3864     126944         80          0          0   ROM Totals

==============================================================================

    Total RO  Size (Code + RO Data)               176008 ( 171.88kB)
    Total RW  Size (RW Data + ZI Data)             45888 (  44.81kB)
    Total ROM Size (Code + RO Data + RW Data)     176088 ( 171.96kB)

==============================================================================

