Component: ARM Compiler 5.06 update 7 (build 960) Tool: armlink [4d3601]

==============================================================================

Section Cross References

    startup_stm32f407xx.o(RESET) refers to startup_stm32f407xx.o(STACK) for __initial_sp
    startup_stm32f407xx.o(RESET) refers to startup_stm32f407xx.o(.text) for Reset_Handler
    startup_stm32f407xx.o(RESET) refers to stm32f4xx_it.o(i.NMI_Handler) for NMI_Handler
    startup_stm32f407xx.o(RESET) refers to stm32f4xx_it.o(i.HardFault_Handler) for HardFault_Handler
    startup_stm32f407xx.o(RESET) refers to stm32f4xx_it.o(i.MemManage_Handler) for MemManage_Handler
    startup_stm32f407xx.o(RESET) refers to stm32f4xx_it.o(i.BusFault_Handler) for BusFault_Handler
    startup_stm32f407xx.o(RESET) refers to stm32f4xx_it.o(i.UsageFault_Handler) for UsageFault_Handler
    startup_stm32f407xx.o(RESET) refers to stm32f4xx_it.o(i.SVC_Handler) for SVC_Handler
    startup_stm32f407xx.o(RESET) refers to stm32f4xx_it.o(i.DebugMon_Handler) for DebugMon_Handler
    startup_stm32f407xx.o(RESET) refers to stm32f4xx_it.o(i.PendSV_Handler) for PendSV_Handler
    startup_stm32f407xx.o(RESET) refers to stm32f4xx_it.o(i.SysTick_Handler) for SysTick_Handler
    startup_stm32f407xx.o(RESET) refers to stm32f4xx_it.o(i.USART1_IRQHandler) for USART1_IRQHandler
    startup_stm32f407xx.o(RESET) refers to stm32f4xx_it.o(i.DMA2_Stream0_IRQHandler) for DMA2_Stream0_IRQHandler
    startup_stm32f407xx.o(.text) refers to system_stm32f4xx.o(i.SystemInit) for SystemInit
    startup_stm32f407xx.o(.text) refers to entry.o(.ARM.Collect$$$$00000000) for __main
    main.o(i.SystemClock_Config) refers to memseta.o(.text) for __aeabi_memclr4
    main.o(i.SystemClock_Config) refers to stm32f4xx_hal_rcc.o(i.HAL_RCC_OscConfig) for HAL_RCC_OscConfig
    main.o(i.SystemClock_Config) refers to stm32f4xx_hal_rcc.o(i.HAL_RCC_ClockConfig) for HAL_RCC_ClockConfig
    main.o(i.main) refers to stm32f4xx_hal.o(i.HAL_Init) for HAL_Init
    main.o(i.main) refers to main.o(i.SystemClock_Config) for SystemClock_Config
    main.o(i.main) refers to gpio.o(i.MX_GPIO_Init) for MX_GPIO_Init
    main.o(i.main) refers to dma.o(i.MX_DMA_Init) for MX_DMA_Init
    main.o(i.main) refers to adc.o(i.MX_ADC1_Init) for MX_ADC1_Init
    main.o(i.main) refers to usart.o(i.MX_USART1_UART_Init) for MX_USART1_UART_Init
    main.o(i.main) refers to fsmc.o(i.MX_FSMC_Init) for MX_FSMC_Init
    main.o(i.main) refers to tim.o(i.MX_TIM2_Init) for MX_TIM2_Init
    main.o(i.main) refers to printfa.o(i.__0printf) for __2printf
    main.o(i.main) refers to lcd.o(i.LCD_Init) for LCD_Init
    main.o(i.main) refers to lcd.o(i.LCD_ShowString) for LCD_ShowString
    main.o(i.main) refers to bsp_ad9851.o(i.AD9851_Init) for AD9851_Init
    main.o(i.main) refers to key.o(i.KEY_Scan) for KEY_Scan
    main.o(i.main) refers to sweep_freq_response.o(i.Basic_Measurement) for Basic_Measurement
    main.o(i.main) refers to sweep_freq_response.o(i.Auto_Frequency_Response_Measurement) for Auto_Frequency_Response_Measurement
    main.o(i.main) refers to stm32f4xx_hal.o(i.HAL_Delay) for HAL_Delay
    main.o(i.main) refers to key.o(.data) for current_system_state
    gpio.o(i.MX_GPIO_Init) refers to memseta.o(.text) for __aeabi_memclr4
    gpio.o(i.MX_GPIO_Init) refers to stm32f4xx_hal_gpio.o(i.HAL_GPIO_WritePin) for HAL_GPIO_WritePin
    gpio.o(i.MX_GPIO_Init) refers to stm32f4xx_hal_gpio.o(i.HAL_GPIO_Init) for HAL_GPIO_Init
    adc.o(i.HAL_ADC_ConvCpltCallback) refers to adc.o(.data) for .data
    adc.o(i.HAL_ADC_MspDeInit) refers to stm32f4xx_hal_gpio.o(i.HAL_GPIO_DeInit) for HAL_GPIO_DeInit
    adc.o(i.HAL_ADC_MspDeInit) refers to stm32f4xx_hal_dma.o(i.HAL_DMA_DeInit) for HAL_DMA_DeInit
    adc.o(i.HAL_ADC_MspInit) refers to memseta.o(.text) for __aeabi_memclr4
    adc.o(i.HAL_ADC_MspInit) refers to stm32f4xx_hal_gpio.o(i.HAL_GPIO_Init) for HAL_GPIO_Init
    adc.o(i.HAL_ADC_MspInit) refers to stm32f4xx_hal_dma.o(i.HAL_DMA_Init) for HAL_DMA_Init
    adc.o(i.HAL_ADC_MspInit) refers to main.o(i.Error_Handler) for Error_Handler
    adc.o(i.HAL_ADC_MspInit) refers to adc.o(.bss) for .bss
    adc.o(i.MX_ADC1_Init) refers to memseta.o(.text) for __aeabi_memclr4
    adc.o(i.MX_ADC1_Init) refers to stm32f4xx_hal_adc.o(i.HAL_ADC_Init) for HAL_ADC_Init
    adc.o(i.MX_ADC1_Init) refers to main.o(i.Error_Handler) for Error_Handler
    adc.o(i.MX_ADC1_Init) refers to stm32f4xx_hal_adc.o(i.HAL_ADC_ConfigChannel) for HAL_ADC_ConfigChannel
    adc.o(i.MX_ADC1_Init) refers to stm32f4xx_hal_adc_ex.o(i.HAL_ADCEx_InjectedConfigChannel) for HAL_ADCEx_InjectedConfigChannel
    adc.o(i.MX_ADC1_Init) refers to adc.o(.bss) for .bss
    dma.o(i.MX_DMA_Init) refers to stm32f4xx_hal_cortex.o(i.HAL_NVIC_SetPriority) for HAL_NVIC_SetPriority
    dma.o(i.MX_DMA_Init) refers to stm32f4xx_hal_cortex.o(i.HAL_NVIC_EnableIRQ) for HAL_NVIC_EnableIRQ
    fsmc.o(i.HAL_FSMC_MspInit) refers to memseta.o(.text) for __aeabi_memclr4
[...]
    i.UART_WaitOnFlagUntilTimeout            0x0800ab76   Section        0  stm32f4xx_hal_uart.o(i.UART_WaitOnFlagUntilTimeout)
    UART_WaitOnFlagUntilTimeout              0x0800ab77   Thumb Code   114  stm32f4xx_hal_uart.o(i.UART_WaitOnFlagUntilTimeout)
    i.USART1_IRQHandler                      0x0800abe8   Section        0  stm32f4xx_it.o(i.USART1_IRQHandler)
    i.UsageFault_Handler                     0x0800abf4   Section        0  stm32f4xx_it.o(i.UsageFault_Handler)
    i.__0printf                              0x0800abf8   Section        0  printfa.o(i.__0printf)
    i.__0sprintf                             0x0800ac18   Section        0  printfa.o(i.__0sprintf)
    i.__ARM_fpclassifyf                      0x0800ac40   Section        0  fpclassifyf.o(i.__ARM_fpclassifyf)
    i.__NVIC_SetPriority                     0x0800ac66   Section        0  stm32f4xx_hal_cortex.o(i.__NVIC_SetPriority)
    __NVIC_SetPriority                       0x0800ac67   Thumb Code    32  stm32f4xx_hal_cortex.o(i.__NVIC_SetPriority)
    i.__hardfp_log10f                        0x0800ac88   Section        0  log10f.o(i.__hardfp_log10f)
    i.__hardfp_powf                          0x0800ae08   Section        0  powf.o(i.__hardfp_powf)
    i.__hardfp_sinf                          0x0800b46c   Section        0  sinf.o(i.__hardfp_sinf)
    i.__hardfp_sqrtf                         0x0800b5fc   Section        0  sqrtf.o(i.__hardfp_sqrtf)
    i.__mathlib_flt_divzero                  0x0800b638   Section        0  funder.o(i.__mathlib_flt_divzero)
    i.__mathlib_flt_infnan                   0x0800b64c   Section        0  funder.o(i.__mathlib_flt_infnan)
    i.__mathlib_flt_infnan2                  0x0800b652   Section        0  funder.o(i.__mathlib_flt_infnan2)
    i.__mathlib_flt_invalid                  0x0800b658   Section        0  funder.o(i.__mathlib_flt_invalid)
    i.__mathlib_flt_overflow                 0x0800b668   Section        0  funder.o(i.__mathlib_flt_overflow)
    i.__mathlib_flt_underflow                0x0800b678   Section        0  funder.o(i.__mathlib_flt_underflow)
    i.__mathlib_rredf2                       0x0800b688   Section        0  rredf.o(i.__mathlib_rredf2)
    i.__scatterload_copy                     0x0800b7dc   Section       14  handlers.o(i.__scatterload_copy)
    i.__scatterload_null                     0x0800b7ea   Section        2  handlers.o(i.__scatterload_null)
    i.__scatterload_zeroinit                 0x0800b7ec   Section       14  handlers.o(i.__scatterload_zeroinit)
    i.__set_errno                            0x0800b7fc   Section        0  errno.o(i.__set_errno)
    i._fp_digits                             0x0800b808   Section        0  printfa.o(i._fp_digits)
    _fp_digits                               0x0800b809   Thumb Code   366  printfa.o(i._fp_digits)
    i._printf_core                           0x0800b98c   Section        0  printfa.o(i._printf_core)
    _printf_core                             0x0800b98d   Thumb Code  1704  printfa.o(i._printf_core)
    i._printf_post_padding                   0x0800c040   Section        0  printfa.o(i._printf_post_padding)
    _printf_post_padding                     0x0800c041   Thumb Code    36  printfa.o(i._printf_post_padding)
    i._printf_pre_padding                    0x0800c064   Section        0  printfa.o(i._printf_pre_padding)
    _printf_pre_padding                      0x0800c065   Thumb Code    46  printfa.o(i._printf_pre_padding)
    i._sputc                                 0x0800c092   Section        0  printfa.o(i._sputc)
    _sputc                                   0x0800c093   Thumb Code    10  printfa.o(i._sputc)
    i.ad9851_reset_parallel                  0x0800c09c   Section        0  bsp_ad9851.o(i.ad9851_reset_parallel)
    i.ad9851_reset_serial                    0x0800c0dc   Section        0  bsp_ad9851.o(i.ad9851_reset_serial)
    i.ad9851_wr_parallel                     0x0800c158   Section        0  bsp_ad9851.o(i.ad9851_wr_parallel)
    i.ad9851_wr_serial                       0x0800c1ac   Section        0  bsp_ad9851.o(i.ad9851_wr_serial)
    i.assert_failed                          0x0800c324   Section        0  main.o(i.assert_failed)
    i.fputc                                  0x0800c328   Section        0  usart.o(i.fputc)
    i.main                                   0x0800c340   Section        0  main.o(i.main)
    i.plot_Frequency_Response_Point          0x0800c3c8   Section        0  sweep_freq_response.o(i.plot_Frequency_Response_Point)
    i.spectrum_analysis                      0x0800c4e0   Section        0  spectrum_analysis.o(i.spectrum_analysis)
    i.tim2_set_fs                            0x0800c6f8   Section        0  tim.o(i.tim2_set_fs)
    tim2_set_fs                              0x0800c6f9   Thumb Code   190  tim.o(i.tim2_set_fs)
    .constdata                               0x0800c7c8   Section        8  stm32f4xx_hal_dma.o(.constdata)
    flagBitshiftOffset                       0x0800c7c8   Data           8  stm32f4xx_hal_dma.o(.constdata)
    .constdata                               0x0800c7d0   Section       16  system_stm32f4xx.o(.constdata)
    .constdata                               0x0800c7e0   Section        8  system_stm32f4xx.o(.constdata)
    .constdata                               0x0800c7e8   Section     6080  lcd.o(.constdata)
    .constdata                               0x0800dfa8   Section       60  sweep_freq_response.o(.constdata)
    .constdata                               0x0800dfe4   Section       64  log10f.o(.constdata)
    logahi                                   0x0800dfe4   Data          32  log10f.o(.constdata)
    logalo                                   0x0800e004   Data          32  log10f.o(.constdata)
    .constdata                               0x0800e024   Section      320  powf.o(.constdata)
    table                                    0x0800e024   Data         128  powf.o(.constdata)
    powersof2to1over16top                    0x0800e0a4   Data          64  powf.o(.constdata)
    powersof2to1over16bot                    0x0800e0e4   Data          64  powf.o(.constdata)
    powersof2to1over16all                    0x0800e124   Data          64  powf.o(.constdata)
    .constdata                               0x0800e164   Section       32  rredf.o(.constdata)
    twooverpi                                0x0800e164   Data          32  rredf.o(.constdata)
    .conststring                             0x0800e184   Section       78  tim.o(.conststring)
    .conststring                             0x0800e1d4   Section      279  sweep_freq_response.o(.conststring)
    .bss                                     0x20000000   Section    12288  adc.o(.bss)
    .data                                    0x20003000   Section        1  adc.o(.data)
    .data                                    0x20003004   Section        8  fsmc.o(.data)
    FSMC_Initialized                         0x20003004   Data           4  fsmc.o(.data)
    FSMC_DeInitialized                       0x20003008   Data           4  fsmc.o(.data)
    .data                                    0x2000300c   Section        4  tim.o(.data)
    .data                                    0x20003010   Section        1  usart.o(.data)
    .data                                    0x20003014   Section       12  stm32f4xx_hal.o(.data)
    .data                                    0x20003020   Section        4  system_stm32f4xx.o(.data)
    .data                                    0x20003024   Section        4  lcd.o(.data)
    .data                                    0x20003028   Section       32  sweep_freq_response.o(.data)
    measurement_complete                     0x20003028   Data           1  sweep_freq_response.o(.data)
    current_point                            0x20003029   Data           1  sweep_freq_response.o(.data)
    r_out_measured                           0x2000302a   Data           1  sweep_freq_response.o(.data)
    first_refresh                            0x2000302b   Data           1  sweep_freq_response.o(.data)
    first_refresh                            0x2000302c   Data           1  sweep_freq_response.o(.data)
    r_out_value                              0x20003030   Data           4  sweep_freq_response.o(.data)
    current_fs                               0x20003034   Data           4  sweep_freq_response.o(.data)
    last_valid_result                        0x20003038   Data          16  sweep_freq_response.o(.data)
    .data                                    0x20003048   Section       16  key.o(.data)
    key0_last_state                          0x2000304c   Data           1  key.o(.data)
    key1_last_state                          0x2000304d   Data           1  key.o(.data)
    last_tick0                               0x20003050   Data           4  key.o(.data)
    last_tick1                               0x20003054   Data           4  key.o(.data)
    .data                                    0x20003058   Section        4  stdout.o(.data)
    .data                                    0x2000305c   Section        4  errno.o(.data)
    _errno                                   0x2000305c   Data           4  errno.o(.data)
    .bss                                     0x20003060   Section      168  adc.o(.bss)
    .bss                                     0x20003108   Section       80  fsmc.o(.bss)
    .bss                                     0x20003158   Section       72  tim.o(.bss)
    .bss                                     0x200031a0   Section       72  usart.o(.bss)
    .bss                                     0x200031e8   Section       14  lcd.o(.bss)
    .bss                                     0x200031f8   Section    25936  sweep_freq_response.o(.bss)
    v_out_with_load                          0x200031f8   Data         288  sweep_freq_response.o(.bss)
    adc_in_buffer                            0x20003318   Data        8192  sweep_freq_response.o(.bss)
    adc_ac_out_buffer                        0x20005318   Data        8192  sweep_freq_response.o(.bss)
    adc_dc_out_buffer                        0x20007318   Data        8192  sweep_freq_response.o(.bss)
    single_result                            0x20009318   Data          36  sweep_freq_response.o(.bss)
    data_at_1k                               0x2000933c   Data          36  sweep_freq_response.o(.bss)
    freq_response                            0x20009360   Data        1000  sweep_freq_response.o(.bss)
    .bss                                     0x20009748   Section    12292  spectrum_analysis.o(.bss)
    g_fft_workbuf                            0x20009748   Data        8192  spectrum_analysis.o(.bss)
    g_mag_buf                                0x2000b748   Data        4100  spectrum_analysis.o(.bss)
    STACK                                    0x2000c750   Section     1024  startup_stm32f407xx.o(STACK)

    Global Symbols

    Symbol Name                              Value     Ov Type        Size  Object(Section)

    BuildAttributes$$THM_ISAv4$E$P$D$K$B$S$7EM$VFPi3$EXTD16$VFPS$VFMA$PE$A:L22UL41UL21$X:L11$S22US41US21$IEEE1$IW$USESV6$~STKCKD$USESV7$~SHL$OTIME$ROPI$IEEEX$EBA8$MICROLIB$REQ8$PRES8$EABIv2 0x00000000   Number         0  anon$$obj.o ABSOLUTE
    __ARM_use_no_argv                        0x00000000   Number         0  main.o ABSOLUTE
    _printf_a                                0x00000000   Number         0  stubs.o ABSOLUTE
    _printf_c                                0x00000000   Number         0  stubs.o ABSOLUTE
    _printf_charcount                        0x00000000   Number         0  stubs.o ABSOLUTE
    _printf_d                                0x00000000   Number         0  stubs.o ABSOLUTE
    _printf_e                                0x00000000   Number         0  stubs.o ABSOLUTE
    _printf_f                                0x00000000   Number         0  stubs.o ABSOLUTE
    _printf_flags                            0x00000000   Number         0  stubs.o ABSOLUTE
    _printf_fp_dec                           0x00000000   Number         0  stubs.o ABSOLUTE
    _printf_fp_hex                           0x00000000   Number         0  stubs.o ABSOLUTE
    _printf_g                                0x00000000   Number         0  stubs.o ABSOLUTE
    _printf_i                                0x00000000   Number         0  stubs.o ABSOLUTE
    _printf_int_dec                          0x00000000   Number         0  stubs.o ABSOLUTE
    _printf_l                                0x00000000   Number         0  stubs.o ABSOLUTE
    _printf_lc                               0x00000000   Number         0  stubs.o ABSOLUTE
    _printf_ll                               0x00000000   Number         0  stubs.o ABSOLUTE
    _printf_lld                              0x00000000   Number         0  stubs.o ABSOLUTE
    _printf_lli                              0x00000000   Number         0  stubs.o ABSOLUTE
    _printf_llo                              0x00000000   Number         0  stubs.o ABSOLUTE
    _printf_llu                              0x00000000   Number         0  stubs.o ABSOLUTE
    _printf_llx                              0x00000000   Number         0  stubs.o ABSOLUTE
    _printf_longlong_dec                     0x00000000   Number         0  stubs.o ABSOLUTE
    _printf_longlong_hex                     0x00000000   Number         0  stubs.o ABSOLUTE
    _printf_longlong_oct                     0x00000000   Number         0  stubs.o ABSOLUTE
    _printf_ls                               0x00000000   Number         0  stubs.o ABSOLUTE
    _printf_mbtowc                           0x00000000   Number         0  stubs.o ABSOLUTE
    _printf_n                                0x00000000   Number         0  stubs.o ABSOLUTE
    _printf_o                                0x00000000   Number         0  stubs.o ABSOLUTE
    _printf_p                                0x00000000   Number         0  stubs.o ABSOLUTE
    _printf_percent                          0x00000000   Number         0  stubs.o ABSOLUTE
    _printf_pre_padding                      0x00000000   Number         0  stubs.o ABSOLUTE
    _printf_return_value                     0x00000000   Number         0  stubs.o ABSOLUTE
    _printf_s                                0x00000000   Number         0  stubs.o ABSOLUTE
    _printf_sizespec                         0x00000000   Number         0  stubs.o ABSOLUTE
    _printf_str                              0x00000000   Number         0  stubs.o ABSOLUTE
    _printf_truncate_signed                  0x00000000   Number         0  stubs.o ABSOLUTE
    _printf_truncate_unsigned                0x00000000   Number         0  stubs.o ABSOLUTE
    _printf_u                                0x00000000   Number         0  stubs.o ABSOLUTE
    _printf_wc                               0x00000000   Number         0  stubs.o ABSOLUTE
    _printf_wctomb                           0x00000000   Number         0  stubs.o ABSOLUTE
    _printf_widthprec                        0x00000000   Number         0  stubs.o ABSOLUTE
    _printf_x                                0x00000000   Number         0  stubs.o ABSOLUTE
    __arm_fini_                               - Undefined Weak Reference
    __cpp_initialize__aeabi_                  - Undefined Weak Reference
    __cxa_finalize                            - Undefined Weak Reference
    _clock_init                               - Undefined Weak Reference
    _microlib_exit                            - Undefined Weak Reference
    __Vectors_Size                           0x00000188   Number         0  startup_stm32f407xx.o ABSOLUTE
    __Vectors                                0x08000000   Data           4  startup_stm32f407xx.o(RESET)
    __Vectors_End                            0x08000188   Data           0  startup_stm32f407xx.o(RESET)
    __main                                   0x08000189   Thumb Code     0  entry.o(.ARM.Collect$$$$00000000)
    _main_stk                                0x08000189   Thumb Code     0  entry2.o(.ARM.Collect$$$$00000001)
    _main_scatterload                        0x0800018d   Thumb Code     0  entry5.o(.ARM.Collect$$$$00000004)
    __main_after_scatterload                 0x08000191   Thumb Code     0  entry5.o(.ARM.Collect$$$$00000004)
    _main_clock                              0x08000191   Thumb Code     0  entry7b.o(.ARM.Collect$$$$00000008)
    _main_cpp_init                           0x08000191   Thumb Code     0  entry8b.o(.ARM.Collect$$$$0000000A)
    _main_init                               0x08000191   Thumb Code     0  entry9a.o(.ARM.Collect$$$$0000000B)
    __rt_lib_shutdown_fini                   0x08000199   Thumb Code     0  entry12b.o(.ARM.Collect$$$$0000000E)
    __rt_final_cpp                           0x0800019d   Thumb Code     0  entry10a.o(.ARM.Collect$$$$0000000F)
    __rt_final_exit                          0x0800019d   Thumb Code     0  entry11a.o(.ARM.Collect$$$$00000011)
    Reset_Handler                            0x080001a1   Thumb Code     8  startup_stm32f407xx.o(.text)
    ADC_IRQHandler                           0x080001bb   Thumb Code     0  startup_stm32f407xx.o(.text)
    CAN1_RX0_IRQHandler                      0x080001bb   Thumb Code     0  startup_stm32f407xx.o(.text)
    CAN1_RX1_IRQHandler                      0x080001bb   Thumb Code     0  startup_stm32f407xx.o(.text)
    CAN1_SCE_IRQHandler                      0x080001bb   Thumb Code     0  startup_stm32f407xx.o(.text)
    CAN1_TX_IRQHandler                       0x080001bb   Thumb Code     0  startup_stm32f407xx.o(.text)
    CAN2_RX0_IRQHandler                      0x080001bb   Thumb Code     0  startup_stm32f407xx.o(.text)
    CAN2_RX1_IRQHandler                      0x080001bb   Thumb Code     0  startup_stm32f407xx.o(.text)
    CAN2_SCE_IRQHandler                      0x080001bb   Thumb Code     0  startup_stm32f407xx.o(.text)
    CAN2_TX_IRQHandler                       0x080001bb   Thumb Code     0  startup_stm32f407xx.o(.text)
    DCMI_IRQHandler                          0x080001bb   Thumb Code     0  startup_stm32f407xx.o(.text)
    DMA1_Stream0_IRQHandler                  0x080001bb   Thumb Code     0  startup_stm32f407xx.o(.text)
    DMA1_Stream1_IRQHandler                  0x080001bb   Thumb Code     0  startup_stm32f407xx.o(.text)
    DMA1_Stream2_IRQHandler                  0x080001bb   Thumb Code     0  startup_stm32f407xx.o(.text)
    DMA1_Stream3_IRQHandler                  0x080001bb   Thumb Code     0  startup_stm32f407xx.o(.text)
    DMA1_Stream4_IRQHandler                  0x080001bb   Thumb Code     0  startup_stm32f407xx.o(.text)
    DMA1_Stream5_IRQHandler                  0x080001bb   Thumb Code     0  startup_stm32f407xx.o(.text)
    DMA1_Stream6_IRQHandler                  0x080001bb   Thumb Code     0  startup_stm32f407xx.o(.text)
    DMA1_Stream7_IRQHandler                  0x080001bb   Thumb Code     0  startup_stm32f407xx.o(.text)
    DMA2_Stream1_IRQHandler                  0x080001bb   Thumb Code     0  startup_stm32f407xx.o(.text)
    DMA2_Stream2_IRQHandler                  0x080001bb   Thumb Code     0  startup_stm32f407xx.o(.text)
    DMA2_Stream3_IRQHandler                  0x080001bb   Thumb Code     0  startup_stm32f407xx.o(.text)
    DMA2_Stream4_IRQHandler                  0x080001bb   Thumb Code     0  startup_stm32f407xx.o(.text)
    DMA2_Stream5_IRQHandler                  0x080001bb   Thumb Code     0  startup_stm32f407xx.o(.text)
    DMA2_Stream6_IRQHandler                  0x080001bb   Thumb Code     0  startup_stm32f407xx.o(.text)
    DMA2_Stream7_IRQHandler                  0x080001bb   Thumb Code     0  startup_stm32f407xx.o(.text)
    ETH_IRQHandler                           0x080001bb   Thumb Code     0  startup_stm32f407xx.o(.text)
    ETH_WKUP_IRQHandler                      0x080001bb   Thumb Code     0  startup_stm32f407xx.o(.text)
    EXTI0_IRQHandler                         0x080001bb   Thumb Code     0  startup_stm32f407xx.o(.text)
    EXTI15_10_IRQHandler                     0x080001bb   Thumb Code     0  startup_stm32f407xx.o(.text)
    EXTI1_IRQHandler                         0x080001bb   Thumb Code     0  startup_stm32f407xx.o(.text)
    EXTI2_IRQHandler                         0x080001bb   Thumb Code     0  startup_stm32f407xx.o(.text)
    EXTI3_IRQHandler                         0x080001bb   Thumb Code     0  startup_stm32f407xx.o(.text)
    EXTI4_IRQHandler                         0x080001bb   Thumb Code     0  startup_stm32f407xx.o(.text)
    EXTI9_5_IRQHandler                       0x080001bb   Thumb Code     0  startup_stm32f407xx.o(.text)
    FLASH_IRQHandler                         0x080001bb   Thumb Code     0  startup_stm32f407xx.o(.text)
    FMC_IRQHandler                           0x080001bb   Thumb Code     0  startup_stm32f407xx.o(.text)
    FPU_IRQHandler                           0x080001bb   Thumb Code     0  startup_stm32f407xx.o(.text)
    HASH_RNG_IRQHandler                      0x080001bb   Thumb Code     0  startup_stm32f407xx.o(.text)
    I2C1_ER_IRQHandler                       0x080001bb   Thumb Code     0  startup_stm32f407xx.o(.text)
    I2C1_EV_IRQHandler                       0x080001bb   Thumb Code     0  startup_stm32f407xx.o(.text)
    I2C2_ER_IRQHandler                       0x080001bb   Thumb Code     0  startup_stm32f407xx.o(.text)
    I2C2_EV_IRQHandler                       0x080001bb   Thumb Code     0  startup_stm32f407xx.o(.text)
    I2C3_ER_IRQHandler                       0x080001bb   Thumb Code     0  startup_stm32f407xx.o(.text)
    I2C3_EV_IRQHandler                       0x080001bb   Thumb Code     0  startup_stm32f407xx.o(.text)
    OTG_FS_IRQHandler                        0x080001bb   Thumb Code     0  startup_stm32f407xx.o(.text)
    OTG_FS_WKUP_IRQHandler                   0x080001bb   Thumb Code     0  startup_stm32f407xx.o(.text)
    OTG_HS_EP1_IN_IRQHandler                 0x080001bb   Thumb Code     0  startup_stm32f407xx.o(.text)
    OTG_HS_EP1_OUT_IRQHandler                0x080001bb   Thumb Code     0  startup_stm32f407xx.o(.text)
    OTG_HS_IRQHandler                        0x080001bb   Thumb Code     0  startup_stm32f407xx.o(.text)
    OTG_HS_WKUP_IRQHandler                   0x080001bb   Thumb Code     0  startup_stm32f407xx.o(.text)
    PVD_IRQHandler                           0x080001bb   Thumb Code     0  startup_stm32f407xx.o(.text)
    RCC_IRQHandler                           0x080001bb   Thumb Code     0  startup_stm32f407xx.o(.text)
    RTC_Alarm_IRQHandler                     0x080001bb   Thumb Code     0  startup_stm32f407xx.o(.text)
    RTC_WKUP_IRQHandler                      0x080001bb   Thumb Code     0  startup_stm32f407xx.o(.text)
    SDIO_IRQHandler                          0x080001bb   Thumb Code     0  startup_stm32f407xx.o(.text)
    SPI1_IRQHandler                          0x080001bb   Thumb Code     0  startup_stm32f407xx.o(.text)
    SPI2_IRQHandler                          0x080001bb   Thumb Code     0  startup_stm32f407xx.o(.text)
    SPI3_IRQHandler                          0x080001bb   Thumb Code     0  startup_stm32f407xx.o(.text)
    TAMP_STAMP_IRQHandler                    0x080001bb   Thumb Code     0  startup_stm32f407xx.o(.text)
    TIM1_BRK_TIM9_IRQHandler                 0x080001bb   Thumb Code     0  startup_stm32f407xx.o(.text)
    TIM1_CC_IRQHandler                       0x080001bb   Thumb Code     0  startup_stm32f407xx.o(.text)
    TIM1_TRG_COM_TIM11_IRQHandler            0x080001bb   Thumb Code     0  startup_stm32f407xx.o(.text)
    TIM1_UP_TIM10_IRQHandler                 0x080001bb   Thumb Code     0  startup_stm32f407xx.o(.text)
    TIM2_IRQHandler                          0x080001bb   Thumb Code     0  startup_stm32f407xx.o(.text)
    TIM3_IRQHandler                          0x080001bb   Thumb Code     0  startup_stm32f407xx.o(.text)
    TIM4_IRQHandler                          0x080001bb   Thumb Code     0  startup_stm32f407xx.o(.text)
    TIM5_IRQHandler                          0x080001bb   Thumb Code     0  startup_stm32f407xx.o(.text)
    TIM6_DAC_IRQHandler                      0x080001bb   Thumb Code     0  startup_stm32f407xx.o(.text)
    TIM7_IRQHandler                          0x080001bb   Thumb Code     0  startup_stm32f407xx.o(.text)
    TIM8_BRK_TIM12_IRQHandler                0x080001bb   Thumb Code     0  startup_stm32f407xx.o(.text)
    TIM8_CC_IRQHandler                       0x080001bb   Thumb Code     0  startup_stm32f407xx.o(.text)
    TIM8_TRG_COM_TIM14_IRQHandler            0x080001bb   Thumb Code     0  startup_stm32f407xx.o(.text)
    TIM8_UP_TIM13_IRQHandler                 0x080001bb   Thumb Code     0  startup_stm32f407xx.o(.text)
    UART4_IRQHandler                         0x080001bb   Thumb Code     0  startup_stm32f407xx.o(.text)
    UART5_IRQHandler                         0x080001bb   Thumb Code     0  startup_stm32f407xx.o(.text)
    USART2_IRQHandler                        0x080001bb   Thumb Code     0  startup_stm32f407xx.o(.text)
    USART3_IRQHandler                        0x080001bb   Thumb Code     0  startup_stm32f407xx.o(.text)
    USART6_IRQHandler                        0x080001bb   Thumb Code     0  startup_stm32f407xx.o(.text)
    WWDG_IRQHandler                          0x080001bb   Thumb Code     0  startup_stm32f407xx.o(.text)
    __aeabi_uldivmod                         0x080001c5   Thumb Code    98  uldiv.o(.text)
    __aeabi_memcpy                           0x08000227   Thumb Code    36  memcpya.o(.text)
    __aeabi_memcpy4                          0x08000227   Thumb Code     0  memcpya.o(.text)
    __aeabi_memcpy8                          0x08000227   Thumb Code     0  memcpya.o(.text)
    __aeabi_memset                           0x0800024b   Thumb Code    14  memseta.o(.text)
    __aeabi_memset4                          0x0800024b   Thumb Code     0  memseta.o(.text)
    __aeabi_memset8                          0x0800024b   Thumb Code     0  memseta.o(.text)
    __aeabi_memclr                           0x08000259   Thumb Code     4  memseta.o(.text)
    __aeabi_memclr4                          0x08000259   Thumb Code     0  memseta.o(.text)
    __aeabi_memclr8                          0x08000259   Thumb Code     0  memseta.o(.text)
    _memset$wrapper                          0x0800025d   Thumb Code    18  memseta.o(.text)
    strlen                                   0x0800026f   Thumb Code    14  strlen.o(.text)
    __aeabi_dmul                             0x0800027d   Thumb Code   228  dmul.o(.text)
    __aeabi_ddiv                             0x08000361   Thumb Code   222  ddiv.o(.text)
    __aeabi_d2iz                             0x0800043f   Thumb Code    62  dfixi.o(.text)
    __aeabi_f2d                              0x0800047d   Thumb Code    38  f2d.o(.text)
    __aeabi_uidiv                            0x080004a3   Thumb Code     0  uidiv.o(.text)
    __aeabi_uidivmod                         0x080004a3   Thumb Code    44  uidiv.o(.text)
    __aeabi_llsl                             0x080004cf   Thumb Code    30  llshl.o(.text)
    _ll_shift_l                              0x080004cf   Thumb Code     0  llshl.o(.text)
    __aeabi_llsr                             0x080004ed   Thumb Code    32  llushr.o(.text)
    _ll_ushift_r                             0x080004ed   Thumb Code     0  llushr.o(.text)
    __I$use$fp                               0x0800050d   Thumb Code     0  iusefp.o(.text)
    _double_round                            0x0800050d   Thumb Code    30  depilogue.o(.text)
    _double_epilogue                         0x0800052b   Thumb Code   156  depilogue.o(.text)
    __aeabi_dadd                             0x080005c7   Thumb Code   322  dadd.o(.text)
    __aeabi_dsub                             0x08000709   Thumb Code     6  dadd.o(.text)
    __aeabi_drsub                            0x0800070f   Thumb Code     6  dadd.o(.text)
    __aeabi_d2ulz                            0x08000715   Thumb Code    48  dfixul.o(.text)
    __aeabi_cdrcmple                         0x08000745   Thumb Code    48  cdrcmple.o(.text)
    __fp_status                              0x08000775   Thumb Code     4  fpstat.o(.text)
    __ieee_status                            0x08000775   Thumb Code     0  fpstat.o(.text)
    __scatterload                            0x08000779   Thumb Code    28  init.o(.text)
    __scatterload_rt2                        0x08000779   Thumb Code     0  init.o(.text)
    __aeabi_lasr                             0x0800079d   Thumb Code    36  llsshr.o(.text)
    _ll_sshift_r                             0x0800079d   Thumb Code     0  llsshr.o(.text)
    __decompress                             0x080007c1   Thumb Code     0  __dczerorl2.o(.text)
    __decompress1                            0x080007c1   Thumb Code    86  __dczerorl2.o(.text)
    arm_bitreversal_32                       0x08000819   Thumb Code    68  arm_bitreversal2.o(.text.arm_bitreversal_32)
    arm_cfft_f32                             0x0800085d   Thumb Code   224  arm_cfft_f32.o(.text.arm_cfft_f32)
    arm_cfft_init_f32                        0x0800093d   Thumb Code   180  arm_cfft_init_f32.o(.text.arm_cfft_init_f32)
    arm_cfft_radix8by2_f32                   0x080009f1   Thumb Code   408  arm_cfft_f32.o(.text.arm_cfft_radix8by2_f32)
    arm_cfft_radix8by4_f32                   0x08000b89   Thumb Code  1020  arm_cfft_f32.o(.text.arm_cfft_radix8by4_f32)
    arm_radix8_butterfly_f32                 0x08000f85   Thumb Code  1458  arm_cfft_radix8_f32.o(.text.arm_radix8_butterfly_f32)
    arm_rfft_fast_f32                        0x08001679   Thumb Code    70  arm_rfft_fast_f32.o(.text.arm_rfft_fast_f32)
    arm_rfft_fast_init_f32                   0x080016bf   Thumb Code   144  arm_rfft_fast_init_f32.o(.text.arm_rfft_fast_init_f32)
    merge_rfft_f32                           0x08001751   Thumb Code   180  arm_rfft_fast_f32.o(.text.merge_rfft_f32)
    stage_rfft_f32                           0x08001805   Thumb Code   180  arm_rfft_fast_f32.o(.text.stage_rfft_f32)
    AD9851_Init                              0x080018b9   Thumb Code    82  bsp_ad9851.o(i.AD9851_Init)
    AD9851_Set_Frequency                     0x08001919   Thumb Code    56  bsp_ad9851.o(i.AD9851_Set_Frequency)
    AD9851_Setfq                             0x08001951   Thumb Code    26  bsp_ad9851.o(i.AD9851_Setfq)
    Auto_Frequency_Response_Measurement      0x08001b71   Thumb Code   574  sweep_freq_response.o(i.Auto_Frequency_Response_Measurement)
    Basic_Measurement                        0x08001f5d   Thumb Code   328  sweep_freq_response.o(i.Basic_Measurement)
    Basic_Measurement_Page_Init              0x080020cd   Thumb Code   334  sweep_freq_response.o(i.Basic_Measurement_Page_Init)
    Basic_Measurement_Page_Update            0x080022b5   Thumb Code   454  sweep_freq_response.o(i.Basic_Measurement_Page_Update)
    BusFault_Handler                         0x080024c5   Thumb Code     2  stm32f4xx_it.o(i.BusFault_Handler)
    DMA2_Stream0_IRQHandler                  0x080024c9   Thumb Code     6  stm32f4xx_it.o(i.DMA2_Stream0_IRQHandler)
    DebugMon_Handler                         0x08002579   Thumb Code     2  stm32f4xx_it.o(i.DebugMon_Handler)
    Error_Handler                            0x08002c25   Thumb Code     4  main.o(i.Error_Handler)
    FSMC_NORSRAM_Extended_Timing_Init        0x08002c29   Thumb Code   214  stm32f4xx_ll_fsmc.o(i.FSMC_NORSRAM_Extended_Timing_Init)
    FSMC_NORSRAM_Init                        0x08002d41   Thumb Code   394  stm32f4xx_ll_fsmc.o(i.FSMC_NORSRAM_Init)
    FSMC_NORSRAM_Timing_Init                 0x08002f09   Thumb Code   238  stm32f4xx_ll_fsmc.o(i.FSMC_NORSRAM_Timing_Init)
    HAL_ADCEx_InjectedConfigChannel          0x080030d9   Thumb Code   780  stm32f4xx_hal_adc_ex.o(i.HAL_ADCEx_InjectedConfigChannel)
    HAL_ADC_ConfigChannel                    0x08003431   Thumb Code   396  stm32f4xx_hal_adc.o(i.HAL_ADC_ConfigChannel)
    HAL_ADC_ConvCpltCallback                 0x08003605   Thumb Code    16  adc.o(i.HAL_ADC_ConvCpltCallback)
    HAL_ADC_ConvHalfCpltCallback             0x0800361d   Thumb Code     2  stm32f4xx_hal_adc.o(i.HAL_ADC_ConvHalfCpltCallback)
    HAL_ADC_ErrorCallback                    0x0800361f   Thumb Code     2  stm32f4xx_hal_adc.o(i.HAL_ADC_ErrorCallback)
    HAL_ADC_Init                             0x08003621   Thumb Code   470  stm32f4xx_hal_adc.o(i.HAL_ADC_Init)
    HAL_ADC_MspInit                          0x08003841   Thumb Code   134  adc.o(i.HAL_ADC_MspInit)
    HAL_ADC_Start_DMA                        0x080038dd   Thumb Code   362  stm32f4xx_hal_adc.o(i.HAL_ADC_Start_DMA)
    HAL_ADC_Stop_DMA                         0x08003aa5   Thumb Code   140  stm32f4xx_hal_adc.o(i.HAL_ADC_Stop_DMA)
    HAL_DMA_Abort                            0x08003b75   Thumb Code   146  stm32f4xx_hal_dma.o(i.HAL_DMA_Abort)
    HAL_DMA_Abort_IT                         0x08003c07   Thumb Code    36  stm32f4xx_hal_dma.o(i.HAL_DMA_Abort_IT)
    HAL_DMA_IRQHandler                       0x08003c2d   Thumb Code   412  stm32f4xx_hal_dma.o(i.HAL_DMA_IRQHandler)
    HAL_DMA_Init                             0x08003dcd   Thumb Code   666  stm32f4xx_hal_dma.o(i.HAL_DMA_Init)
    HAL_DMA_Start_IT                         0x080040ad   Thumb Code   142  stm32f4xx_hal_dma.o(i.HAL_DMA_Start_IT)
    HAL_Delay                                0x08004175   Thumb Code    32  stm32f4xx_hal.o(i.HAL_Delay)
    HAL_GPIO_Init                            0x08004241   Thumb Code   654  stm32f4xx_hal_gpio.o(i.HAL_GPIO_Init)
    HAL_GPIO_ReadPin                         0x0800453d   Thumb Code    28  stm32f4xx_hal_gpio.o(i.HAL_GPIO_ReadPin)
    HAL_GPIO_WritePin                        0x08004595   Thumb Code    46  stm32f4xx_hal_gpio.o(i.HAL_GPIO_WritePin)
    HAL_GetTick                              0x08004601   Thumb Code     6  stm32f4xx_hal.o(i.HAL_GetTick)
    HAL_IncTick                              0x0800460d   Thumb Code    12  stm32f4xx_hal.o(i.HAL_IncTick)
    HAL_Init                                 0x0800461d   Thumb Code    48  stm32f4xx_hal.o(i.HAL_Init)
    HAL_InitTick                             0x08004651   Thumb Code    54  stm32f4xx_hal.o(i.HAL_InitTick)
    HAL_MspInit                              0x08004691   Thumb Code    42  stm32f4xx_hal_msp.o(i.HAL_MspInit)
    HAL_NVIC_EnableIRQ                       0x080046c1   Thumb Code    40  stm32f4xx_hal_cortex.o(i.HAL_NVIC_EnableIRQ)
    HAL_NVIC_SetPriority                     0x08004725   Thumb Code    94  stm32f4xx_hal_cortex.o(i.HAL_NVIC_SetPriority)
    HAL_NVIC_SetPriorityGrouping             0x080047c5   Thumb Code    58  stm32f4xx_hal_cortex.o(i.HAL_NVIC_SetPriorityGrouping)
    HAL_RCC_ClockConfig                      0x08004845   Thumb Code   512  stm32f4xx_hal_rcc.o(i.HAL_RCC_ClockConfig)
    HAL_RCC_GetPCLK1Freq                     0x08004a91   Thumb Code    20  stm32f4xx_hal_rcc.o(i.HAL_RCC_GetPCLK1Freq)
    HAL_RCC_GetPCLK2Freq                     0x08004ab1   Thumb Code    20  stm32f4xx_hal_rcc.o(i.HAL_RCC_GetPCLK2Freq)
    HAL_RCC_GetSysClockFreq                  0x08004ad1   Thumb Code    88  stm32f4xx_hal_rcc.o(i.HAL_RCC_GetSysClockFreq)
    HAL_RCC_OscConfig                        0x08004b31   Thumb Code  1192  stm32f4xx_hal_rcc.o(i.HAL_RCC_OscConfig)
    HAL_SRAM_Init                            0x08004fd9   Thumb Code    92  stm32f4xx_hal_sram.o(i.HAL_SRAM_Init)
    HAL_SRAM_MspInit                         0x08005035   Thumb Code     4  fsmc.o(i.HAL_SRAM_MspInit)
    HAL_SYSTICK_Config                       0x08005039   Thumb Code    40  stm32f4xx_hal_cortex.o(i.HAL_SYSTICK_Config)
    HAL_TIMEx_MasterConfigSynchronization    0x08005061   Thumb Code   242  stm32f4xx_hal_tim_ex.o(i.HAL_TIMEx_MasterConfigSynchronization)
    HAL_TIM_Base_Init                        0x080051b1   Thumb Code   296  stm32f4xx_hal_tim.o(i.HAL_TIM_Base_Init)
    HAL_TIM_Base_MspInit                     0x08005345   Thumb Code    30  tim.o(i.HAL_TIM_Base_MspInit)
    HAL_TIM_Base_Start                       0x08005369   Thumb Code   190  stm32f4xx_hal_tim.o(i.HAL_TIM_Base_Start)
    HAL_TIM_Base_Stop                        0x08005491   Thumb Code   138  stm32f4xx_hal_tim.o(i.HAL_TIM_Base_Stop)
    HAL_TIM_ConfigClockSource                0x08005589   Thumb Code   930  stm32f4xx_hal_tim.o(i.HAL_TIM_ConfigClockSource)
    HAL_UARTEx_RxEventCallback               0x08005999   Thumb Code     2  stm32f4xx_hal_uart.o(i.HAL_UARTEx_RxEventCallback)
    HAL_UART_ErrorCallback                   0x0800599b   Thumb Code     2  stm32f4xx_hal_uart.o(i.HAL_UART_ErrorCallback)
    HAL_UART_IRQHandler                      0x0800599d   Thumb Code   636  stm32f4xx_hal_uart.o(i.HAL_UART_IRQHandler)
    HAL_UART_Init                            0x08005c1d   Thumb Code   248  stm32f4xx_hal_uart.o(i.HAL_UART_Init)
    HAL_UART_MspInit                         0x08005d69   Thumb Code   110  usart.o(i.HAL_UART_MspInit)
    HAL_UART_Receive_IT                      0x08005de5   Thumb Code    28  stm32f4xx_hal_uart.o(i.HAL_UART_Receive_IT)
    HAL_UART_RxCpltCallback                  0x08005e01   Thumb Code    40  usart.o(i.HAL_UART_RxCpltCallback)
    HAL_UART_Transmit                        0x08005e35   Thumb Code   160  stm32f4xx_hal_uart.o(i.HAL_UART_Transmit)
    HAL_UART_TxCpltCallback                  0x08005ed5   Thumb Code     2  usart.o(i.HAL_UART_TxCpltCallback)
    HardFault_Handler                        0x08005ed7   Thumb Code     2  stm32f4xx_it.o(i.HardFault_Handler)
    KEY_Scan                                 0x08005ed9   Thumb Code   134  key.o(i.KEY_Scan)
    LCD_Clear                                0x08005f69   Thumb Code    98  lcd.o(i.LCD_Clear)
    LCD_Display_Dir                          0x08005fd1   Thumb Code   258  lcd.o(i.LCD_Display_Dir)
    LCD_Display_Frequency                    0x080060d9   Thumb Code   208  sweep_freq_response.o(i.LCD_Display_Frequency)
    LCD_Display_Title_Center                 0x08006201   Thumb Code    72  sweep_freq_response.o(i.LCD_Display_Title_Center)
    LCD_DrawLine                             0x08006251   Thumb Code   154  lcd.o(i.LCD_DrawLine)
    LCD_DrawPoint                            0x080062ed   Thumb Code    24  lcd.o(i.LCD_DrawPoint)
    LCD_Fast_DrawPoint                       0x08006309   Thumb Code   214  lcd.o(i.LCD_Fast_DrawPoint)
    LCD_Fill                                 0x080063e5   Thumb Code   134  lcd.o(i.LCD_Fill)
    LCD_Init                                 0x08006471   Thumb Code 13548  lcd.o(i.LCD_Init)
    LCD_RD_DATA                              0x0800995d   Thumb Code    20  lcd.o(i.LCD_RD_DATA)
    LCD_ReadReg                              0x08009971   Thumb Code    24  lcd.o(i.LCD_ReadReg)
    LCD_Scan_Dir                             0x08009989   Thumb Code   514  lcd.o(i.LCD_Scan_Dir)
    LCD_SetCursor                            0x08009b91   Thumb Code   214  lcd.o(i.LCD_SetCursor)
    LCD_ShowChar                             0x08009c6d   Thumb Code   190  lcd.o(i.LCD_ShowChar)
    LCD_ShowString                           0x08009d41   Thumb Code    84  lcd.o(i.LCD_ShowString)
    LCD_WR_DATA                              0x08009d95   Thumb Code    24  lcd.o(i.LCD_WR_DATA)
    LCD_WR_REG                               0x08009dad   Thumb Code    24  lcd.o(i.LCD_WR_REG)
    LCD_WriteRAM_Prepare                     0x08009dc5   Thumb Code    14  lcd.o(i.LCD_WriteRAM_Prepare)
    LCD_WriteReg                             0x08009dd9   Thumb Code    22  lcd.o(i.LCD_WriteReg)
    MX_ADC1_Init                             0x08009df1   Thumb Code   228  adc.o(i.MX_ADC1_Init)
    MX_DMA_Init                              0x08009ee1   Thumb Code    40  dma.o(i.MX_DMA_Init)
    MX_FSMC_Init                             0x08009f0d   Thumb Code   102  fsmc.o(i.MX_FSMC_Init)
    MX_GPIO_Init                             0x08009f7d   Thumb Code   340  gpio.o(i.MX_GPIO_Init)
    MX_TIM2_Init                             0x0800a0f1   Thumb Code   100  tim.o(i.MX_TIM2_Init)
    MX_USART1_UART_Init                      0x0800a159   Thumb Code    54  usart.o(i.MX_USART1_UART_Init)
    MemManage_Handler                        0x0800a325   Thumb Code     2  stm32f4xx_it.o(i.MemManage_Handler)
    NMI_Handler                              0x0800a327   Thumb Code     2  stm32f4xx_it.o(i.NMI_Handler)
    PendSV_Handler                           0x0800a329   Thumb Code     2  stm32f4xx_it.o(i.PendSV_Handler)
    Process_ADC_Data_F32                     0x0800a3ed   Thumb Code   268  sweep_freq_response.o(i.Process_ADC_Data_F32)
    SVC_Handler                              0x0800a529   Thumb Code     2  stm32f4xx_it.o(i.SVC_Handler)
    SysTick_Handler                          0x0800a52b   Thumb Code     4  stm32f4xx_it.o(i.SysTick_Handler)
    SystemClock_Config                       0x0800a531   Thumb Code   138  main.o(i.SystemClock_Config)
    SystemInit                               0x0800a5c5   Thumb Code    12  system_stm32f4xx.o(i.SystemInit)
    TIM_Base_SetConfig                       0x0800a5d5   Thumb Code   164  stm32f4xx_hal_tim.o(i.TIM_Base_SetConfig)
    TIM_ETR_SetConfig                        0x0800a6a5   Thumb Code    20  stm32f4xx_hal_tim.o(i.TIM_ETR_SetConfig)
    Tim2_Config_AutoFs                       0x0800a711   Thumb Code   314  tim.o(i.Tim2_Config_AutoFs)
    UART_Start_Receive_IT                    0x0800ab41   Thumb Code    54  stm32f4xx_hal_uart.o(i.UART_Start_Receive_IT)
    USART1_IRQHandler                        0x0800abe9   Thumb Code     6  stm32f4xx_it.o(i.USART1_IRQHandler)
    UsageFault_Handler                       0x0800abf5   Thumb Code     2  stm32f4xx_it.o(i.UsageFault_Handler)
    __0printf                                0x0800abf9   Thumb Code    22  printfa.o(i.__0printf)
    __1printf                                0x0800abf9   Thumb Code     0  printfa.o(i.__0printf)
    __2printf                                0x0800abf9   Thumb Code     0  printfa.o(i.__0printf)
    __c89printf                              0x0800abf9   Thumb Code     0  printfa.o(i.__0printf)
    printf                                   0x0800abf9   Thumb Code     0  printfa.o(i.__0printf)
    __0sprintf                               0x0800ac19   Thumb Code    34  printfa.o(i.__0sprintf)
    __1sprintf                               0x0800ac19   Thumb Code     0  printfa.o(i.__0sprintf)
    __2sprintf                               0x0800ac19   Thumb Code     0  printfa.o(i.__0sprintf)
    __c89sprintf                             0x0800ac19   Thumb Code     0  printfa.o(i.__0sprintf)
    sprintf                                  0x0800ac19   Thumb Code     0  printfa.o(i.__0sprintf)
    __ARM_fpclassifyf                        0x0800ac41   Thumb Code    38  fpclassifyf.o(i.__ARM_fpclassifyf)
    __hardfp_log10f                          0x0800ac89   Thumb Code   332  log10f.o(i.__hardfp_log10f)
    __hardfp_powf                            0x0800ae09   Thumb Code  1606  powf.o(i.__hardfp_powf)
    __mathlib_powf                           0x0800ae09   Thumb Code     0  powf.o(i.__hardfp_powf)
    __hardfp_sinf                            0x0800b46d   Thumb Code   344  sinf.o(i.__hardfp_sinf)
    __hardfp_sqrtf                           0x0800b5fd   Thumb Code    58  sqrtf.o(i.__hardfp_sqrtf)
    __mathlib_flt_divzero                    0x0800b639   Thumb Code    14  funder.o(i.__mathlib_flt_divzero)
    __mathlib_flt_infnan                     0x0800b64d   Thumb Code     6  funder.o(i.__mathlib_flt_infnan)
    __mathlib_flt_infnan2                    0x0800b653   Thumb Code     6  funder.o(i.__mathlib_flt_infnan2)
    __mathlib_flt_invalid                    0x0800b659   Thumb Code    10  funder.o(i.__mathlib_flt_invalid)
    __mathlib_flt_overflow                   0x0800b669   Thumb Code    10  funder.o(i.__mathlib_flt_overflow)
    __mathlib_flt_underflow                  0x0800b679   Thumb Code    10  funder.o(i.__mathlib_flt_underflow)
    __mathlib_rredf2                         0x0800b689   Thumb Code   316  rredf.o(i.__mathlib_rredf2)
    __scatterload_copy                       0x0800b7dd   Thumb Code    14  handlers.o(i.__scatterload_copy)
    __scatterload_null                       0x0800b7eb   Thumb Code     2  handlers.o(i.__scatterload_null)
    __scatterload_zeroinit                   0x0800b7ed   Thumb Code    14  handlers.o(i.__scatterload_zeroinit)
    __set_errno                              0x0800b7fd   Thumb Code     6  errno.o(i.__set_errno)
    ad9851_reset_parallel                    0x0800c09d   Thumb Code    58  bsp_ad9851.o(i.ad9851_reset_parallel)
    ad9851_reset_serial                      0x0800c0dd   Thumb Code   118  bsp_ad9851.o(i.ad9851_reset_serial)
    ad9851_wr_parallel                       0x0800c159   Thumb Code    78  bsp_ad9851.o(i.ad9851_wr_parallel)
    ad9851_wr_serial                         0x0800c1ad   Thumb Code   354  bsp_ad9851.o(i.ad9851_wr_serial)
    assert_failed                            0x0800c325   Thumb Code     2  main.o(i.assert_failed)
    fputc                                    0x0800c329   Thumb Code    20  usart.o(i.fputc)
    main                                     0x0800c341   Thumb Code   110  main.o(i.main)
    plot_Frequency_Response_Point            0x0800c3c9   Thumb Code   252  sweep_freq_response.o(i.plot_Frequency_Response_Point)
    spectrum_analysis                        0x0800c4e1   Thumb Code   520  spectrum_analysis.o(i.spectrum_analysis)
    AHBPrescTable                            0x0800c7d0   Data          16  system_stm32f4xx.o(.constdata)
    APBPrescTable                            0x0800c7e0   Data           8  system_stm32f4xx.o(.constdata)
    asc2_1206                                0x0800c7e8   Data        1140  lcd.o(.constdata)
    asc2_1608                                0x0800cc5c   Data        1520  lcd.o(.constdata)
    asc2_2412                                0x0800d24c   Data        3420  lcd.o(.constdata)
    armBitRevIndexTable1024                  0x0800e2ec   Data        3600  arm_common_tables.o(.rodata.armBitRevIndexTable1024)
    armBitRevIndexTable128                   0x0800f0fc   Data         416  arm_common_tables.o(.rodata.armBitRevIndexTable128)
    armBitRevIndexTable16                    0x0800f29c   Data          40  arm_common_tables.o(.rodata.armBitRevIndexTable16)
    armBitRevIndexTable2048                  0x0800f2c4   Data        7616  arm_common_tables.o(.rodata.armBitRevIndexTable2048)
    armBitRevIndexTable256                   0x08011084   Data         880  arm_common_tables.o(.rodata.armBitRevIndexTable256)
    armBitRevIndexTable32                    0x080113f4   Data          96  arm_common_tables.o(.rodata.armBitRevIndexTable32)
    armBitRevIndexTable4096                  0x08011454   Data        8064  arm_common_tables.o(.rodata.armBitRevIndexTable4096)
    armBitRevIndexTable512                   0x080133d4   Data         896  arm_common_tables.o(.rodata.armBitRevIndexTable512)
    armBitRevIndexTable64                    0x08013754   Data         112  arm_common_tables.o(.rodata.armBitRevIndexTable64)
    arm_cfft_sR_f32_len1024                  0x080137c4   Data          16  arm_const_structs.o(.rodata.arm_cfft_sR_f32_len1024)
    arm_cfft_sR_f32_len128                   0x080137d4   Data          16  arm_const_structs.o(.rodata.arm_cfft_sR_f32_len128)
    arm_cfft_sR_f32_len16                    0x080137e4   Data          16  arm_const_structs.o(.rodata.arm_cfft_sR_f32_len16)
    arm_cfft_sR_f32_len2048                  0x080137f4   Data          16  arm_const_structs.o(.rodata.arm_cfft_sR_f32_len2048)
    arm_cfft_sR_f32_len256                   0x08013804   Data          16  arm_const_structs.o(.rodata.arm_cfft_sR_f32_len256)
    arm_cfft_sR_f32_len32                    0x08013814   Data          16  arm_const_structs.o(.rodata.arm_cfft_sR_f32_len32)
    arm_cfft_sR_f32_len4096                  0x08013824   Data          16  arm_const_structs.o(.rodata.arm_cfft_sR_f32_len4096)
    arm_cfft_sR_f32_len512                   0x08013834   Data          16  arm_const_structs.o(.rodata.arm_cfft_sR_f32_len512)
    arm_cfft_sR_f32_len64                    0x08013844   Data          16  arm_const_structs.o(.rodata.arm_cfft_sR_f32_len64)
    twiddleCoef_1024                         0x08013854   Data        8192  arm_common_tables.o(.rodata.twiddleCoef_1024)
    twiddleCoef_128                          0x08015854   Data        1024  arm_common_tables.o(.rodata.twiddleCoef_128)
    twiddleCoef_16                           0x08015c54   Data         128  arm_common_tables.o(.rodata.twiddleCoef_16)
    twiddleCoef_2048                         0x08015cd4   Data       16384  arm_common_tables.o(.rodata.twiddleCoef_2048)
    twiddleCoef_256                          0x08019cd4   Data        2048  arm_common_tables.o(.rodata.twiddleCoef_256)
    twiddleCoef_32                           0x0801a4d4   Data         256  arm_common_tables.o(.rodata.twiddleCoef_32)
    twiddleCoef_4096                         0x0801a5d4   Data       32768  arm_common_tables.o(.rodata.twiddleCoef_4096)
    twiddleCoef_512                          0x080225d4   Data        4096  arm_common_tables.o(.rodata.twiddleCoef_512)
    twiddleCoef_64                           0x080235d4   Data         512  arm_common_tables.o(.rodata.twiddleCoef_64)
    twiddleCoef_rfft_1024                    0x080237d4   Data        4096  arm_common_tables.o(.rodata.twiddleCoef_rfft_1024)
    twiddleCoef_rfft_128                     0x080247d4   Data         512  arm_common_tables.o(.rodata.twiddleCoef_rfft_128)
    twiddleCoef_rfft_2048                    0x080249d4   Data        8192  arm_common_tables.o(.rodata.twiddleCoef_rfft_2048)
    twiddleCoef_rfft_256                     0x080269d4   Data        1024  arm_common_tables.o(.rodata.twiddleCoef_rfft_256)
    twiddleCoef_rfft_32                      0x08026dd4   Data         128  arm_common_tables.o(.rodata.twiddleCoef_rfft_32)
    twiddleCoef_rfft_4096                    0x08026e54   Data       16384  arm_common_tables.o(.rodata.twiddleCoef_rfft_4096)
    twiddleCoef_rfft_512                     0x0802ae54   Data        2048  arm_common_tables.o(.rodata.twiddleCoef_rfft_512)
    twiddleCoef_rfft_64                      0x0802b654   Data         256  arm_common_tables.o(.rodata.twiddleCoef_rfft_64)
    Region$$Table$$Base                      0x0802b754   Number         0  anon$$obj.o(Region$$Table)
    Region$$Table$$Limit                     0x0802b774   Number         0  anon$$obj.o(Region$$Table)
    adc_buffer                               0x20000000   Data       12288  adc.o(.bss)
    ADC_BufferReadyFlag                      0x20003000   Data           1  adc.o(.data)
    g_current_Fs                             0x2000300c   Data           4  tim.o(.data)
    uart_rx_buffer                           0x20003010   Data           1  usart.o(.data)
    uwTickFreq                               0x20003014   Data           1  stm32f4xx_hal.o(.data)
    uwTickPrio                               0x20003018   Data           4  stm32f4xx_hal.o(.data)
    uwTick                                   0x2000301c   Data           4  stm32f4xx_hal.o(.data)
    SystemCoreClock                          0x20003020   Data           4  system_stm32f4xx.o(.data)
    POINT_COLOR                              0x20003024   Data           2  lcd.o(.data)
    BACK_COLOR                               0x20003026   Data           2  lcd.o(.data)
    basic_measurement_flag                   0x20003048   Data           1  key.o(.data)
    sweep_freq_response_flag                 0x20003049   Data           1  key.o(.data)
    measure_r_out_flag                       0x2000304a   Data           1  key.o(.data)
    current_system_state                     0x2000304b   Data           1  key.o(.data)
    __stdout                                 0x20003058   Data           4  stdout.o(.data)
    hadc1                                    0x20003060   Data          72  adc.o(.bss)
    hdma_adc1                                0x200030a8   Data          96  adc.o(.bss)
    hsram1                                   0x20003108   Data          80  fsmc.o(.bss)
    htim2                                    0x20003158   Data          72  tim.o(.bss)
    huart1                                   0x200031a0   Data          72  usart.o(.bss)
    lcddev                                   0x200031e8   Data          14  lcd.o(.bss)
    __initial_sp                             0x2000cb50   Data           0  startup_stm32f407xx.o(STACK)



==============================================================================

Memory Map of the image

  Image Entry point : 0x08000189

  Load Region LR_IROM1 (Base: 0x08000000, Size: 0x0002e7d4, Max: 0x00100000, ABSOLUTE, COMPRESSED[0x0002b7f0])

    Execution Region ER_IROM1 (Exec base: 0x08000000, Load base: 0x08000000, Size: 0x0002b774, Max: 0x00100000, ABSOLUTE)

    Exec Addr    Load Addr    Size         Type   Attr      Idx    E Section Name        Object

    0x08000000   0x08000000   0x00000188   Data   RO            3    RESET               startup_stm32f407xx.o
    0x08000188   0x08000188   0x00000000   Code   RO         4530  * .ARM.Collect$$$$00000000  mc_w.l(entry.o)
    0x08000188   0x08000188   0x00000004   Code   RO         4831    .ARM.Collect$$$$00000001  mc_w.l(entry2.o)
    0x0800018c   0x0800018c   0x00000004   Code   RO         4834    .ARM.Collect$$$$00000004  mc_w.l(entry5.o)
    0x08000190   0x08000190   0x00000000   Code   RO         4836    .ARM.Collect$$$$00000008  mc_w.l(entry7b.o)
    0x08000190   0x08000190   0x00000000   Code   RO         4838    .ARM.Collect$$$$0000000A  mc_w.l(entry8b.o)
    0x08000190   0x08000190   0x00000008   Code   RO         4839    .ARM.Collect$$$$0000000B  mc_w.l(entry9a.o)
    0x08000198   0x08000198   0x00000004   Code   RO         4846    .ARM.Collect$$$$0000000E  mc_w.l(entry12b.o)
    0x0800019c   0x0800019c   0x00000000   Code   RO         4841    .ARM.Collect$$$$0000000F  mc_w.l(entry10a.o)
    0x0800019c   0x0800019c   0x00000000   Code   RO         4843    .ARM.Collect$$$$00000011  mc_w.l(entry11a.o)
    0x0800019c   0x0800019c   0x00000004   Code   RO         4832    .ARM.Collect$$$$00002712  mc_w.l(entry2.o)
    0x080001a0   0x080001a0   0x00000024   Code   RO            4    .text               startup_stm32f407xx.o
    0x080001c4   0x080001c4   0x00000062   Code   RO         4533    .text               mc_w.l(uldiv.o)
    0x08000226   0x08000226   0x00000024   Code   RO         4535    .text               mc_w.l(memcpya.o)
    0x0800024a   0x0800024a   0x00000024   Code   RO         4537    .text               mc_w.l(memseta.o)
    0x0800026e   0x0800026e   0x0000000e   Code   RO         4539    .text               mc_w.l(strlen.o)
    0x0800027c   0x0800027c   0x000000e4   Code   RO         4804    .text               mf_w.l(dmul.o)
    0x08000360   0x08000360   0x000000de   Code   RO         4806    .text               mf_w.l(ddiv.o)
    0x0800043e   0x0800043e   0x0000003e   Code   RO         4808    .text               mf_w.l(dfixi.o)
    0x0800047c   0x0800047c   0x00000026   Code   RO         4810    .text               mf_w.l(f2d.o)
    0x080004a2   0x080004a2   0x0000002c   Code   RO         4848    .text               mc_w.l(uidiv.o)
    0x080004ce   0x080004ce   0x0000001e   Code   RO         4850    .text               mc_w.l(llshl.o)
    0x080004ec   0x080004ec   0x00000020   Code   RO         4852    .text               mc_w.l(llushr.o)
    0x0800050c   0x0800050c   0x00000000   Code   RO         4861    .text               mc_w.l(iusefp.o)
    0x0800050c   0x0800050c   0x000000ba   Code   RO         4862    .text               mf_w.l(depilogue.o)
    0x080005c6   0x080005c6   0x0000014e   Code   RO         4864    .text               mf_w.l(dadd.o)
    0x08000714   0x08000714   0x00000030   Code   RO         4866    .text               mf_w.l(dfixul.o)
    0x08000744   0x08000744   0x00000030   Code   RO         4868    .text               mf_w.l(cdrcmple.o)
    0x08000774   0x08000774   0x00000004   Code   RO         4870    .text               mf_w.l(fpstat.o)
    0x08000778   0x08000778   0x00000024   Code   RO         4872    .text               mc_w.l(init.o)
    0x0800079c   0x0800079c   0x00000024   Code   RO         4874    .text               mc_w.l(llsshr.o)
    0x080007c0   0x080007c0   0x00000056   Code   RO         4884    .text               mc_w.l(__dczerorl2.o)
    0x08000816   0x08000816   0x00000002   PAD
    0x08000818   0x08000818   0x00000044   Code   RO         4383    .text.arm_bitreversal_32  arm_cortexM4lf_math.lib(arm_bitreversal2.o)
    0x0800085c   0x0800085c   0x000000e0   Code   RO         4242    .text.arm_cfft_f32  arm_cortexM4lf_math.lib(arm_cfft_f32.o)
    0x0800093c   0x0800093c   0x000000b4   Code   RO         4252    .text.arm_cfft_init_f32  arm_cortexM4lf_math.lib(arm_cfft_init_f32.o)
    0x080009f0   0x080009f0   0x00000198   Code   RO         4238    .text.arm_cfft_radix8by2_f32  arm_cortexM4lf_math.lib(arm_cfft_f32.o)
    0x08000b88   0x08000b88   0x000003fc   Code   RO         4240    .text.arm_cfft_radix8by4_f32  arm_cortexM4lf_math.lib(arm_cfft_f32.o)
    0x08000f84   0x08000f84   0x000005b2   Code   RO         4395    .text.arm_radix8_butterfly_f32  arm_cortexM4lf_math.lib(arm_cfft_radix8_f32.o)
    0x08001536   0x08001536   0x0000002a   Code   RO         4218    .text.arm_rfft_1024_fast_init_f32  arm_cortexM4lf_math.lib(arm_rfft_fast_init_f32.o)
    0x08001560   0x08001560   0x00000026   Code   RO         4224    .text.arm_rfft_128_fast_init_f32  arm_cortexM4lf_math.lib(arm_rfft_fast_init_f32.o)
    0x08001586   0x08001586   0x0000002a   Code   RO         4216    .text.arm_rfft_2048_fast_init_f32  arm_cortexM4lf_math.lib(arm_rfft_fast_init_f32.o)
    0x080015b0   0x080015b0   0x00000028   Code   RO         4222    .text.arm_rfft_256_fast_init_f32  arm_cortexM4lf_math.lib(arm_rfft_fast_init_f32.o)
    0x080015d8   0x080015d8   0x00000026   Code   RO         4228    .text.arm_rfft_32_fast_init_f32  arm_cortexM4lf_math.lib(arm_rfft_fast_init_f32.o)
    0x080015fe   0x080015fe   0x0000002a   Code   RO         4214    .text.arm_rfft_4096_fast_init_f32  arm_cortexM4lf_math.lib(arm_rfft_fast_init_f32.o)
    0x08001628   0x08001628   0x0000002a   Code   RO         4220    .text.arm_rfft_512_fast_init_f32  arm_cortexM4lf_math.lib(arm_rfft_fast_init_f32.o)
    0x08001652   0x08001652   0x00000026   Code   RO         4226    .text.arm_rfft_64_fast_init_f32  arm_cortexM4lf_math.lib(arm_rfft_fast_init_f32.o)
    0x08001678   0x08001678   0x00000046   Code   RO         4202    .text.arm_rfft_fast_f32  arm_cortexM4lf_math.lib(arm_rfft_fast_f32.o)
    0x080016be   0x080016be   0x00000090   Code   RO         4212    .text.arm_rfft_fast_init_f32  arm_cortexM4lf_math.lib(arm_rfft_fast_init_f32.o)
    0x0800174e   0x0800174e   0x00000002   PAD
    0x08001750   0x08001750   0x000000b4   Code   RO         4200    .text.merge_rfft_f32  arm_cortexM4lf_math.lib(arm_rfft_fast_f32.o)
    0x08001804   0x08001804   0x000000b4   Code   RO         4198    .text.stage_rfft_f32  arm_cortexM4lf_math.lib(arm_rfft_fast_f32.o)
    0x080018b8   0x080018b8   0x00000060   Code   RO         3940    i.AD9851_Init       bsp_ad9851.o
    0x08001918   0x08001918   0x00000038   Code   RO         3941    i.AD9851_Set_Frequency  bsp_ad9851.o
    0x08001950   0x08001950   0x0000001a   Code   RO         3942    i.AD9851_Setfq      bsp_ad9851.o
    0x0800196a   0x0800196a   0x0000006e   Code   RO          651    i.ADC_DMAConvCplt   stm32f4xx_hal_adc.o
    0x080019d8   0x080019d8   0x00000016   Code   RO          652    i.ADC_DMAError      stm32f4xx_hal_adc.o
    0x080019ee   0x080019ee   0x0000000a   Code   RO          653    i.ADC_DMAHalfConvCplt  stm32f4xx_hal_adc.o
    0x080019f8   0x080019f8   0x00000178   Code   RO          654    i.ADC_Init          stm32f4xx_hal_adc.o
    0x08001b70   0x08001b70   0x000003ec   Code   RO         4000    i.Auto_Frequency_Response_Measurement  sweep_freq_response.o
    0x08001f5c   0x08001f5c   0x00000170   Code   RO         4001    i.Basic_Measurement  sweep_freq_response.o
    0x080020cc   0x080020cc   0x000001e8   Code   RO         4002    i.Basic_Measurement_Page_Init  sweep_freq_response.o
    0x080022b4   0x080022b4   0x00000210   Code   RO         4003    i.Basic_Measurement_Page_Update  sweep_freq_response.o
    0x080024c4   0x080024c4   0x00000002   Code   RO          539    i.BusFault_Handler  stm32f4xx_it.o
    0x080024c6   0x080024c6   0x00000002   PAD
    0x080024c8   0x080024c8   0x0000000c   Code   RO          540    i.DMA2_Stream0_IRQHandler  stm32f4xx_it.o
    0x080024d4   0x080024d4   0x00000028   Code   RO         1403    i.DMA_CalcBaseAndBitshift  stm32f4xx_hal_dma.o
    0x080024fc   0x080024fc   0x00000054   Code   RO         1404    i.DMA_CheckFifoParam  stm32f4xx_hal_dma.o
    0x08002550   0x08002550   0x00000028   Code   RO         1405    i.DMA_SetConfig     stm32f4xx_hal_dma.o
    0x08002578   0x08002578   0x00000002   Code   RO          541    i.DebugMon_Handler  stm32f4xx_it.o
    0x0800257a   0x0800257a   0x00000002   PAD
    0x0800257c   0x0800257c   0x000000c0   Code   RO         4004    i.DemuxADCData      sweep_freq_response.o
    0x0800263c   0x0800263c   0x00000274   Code   RO         4005    i.Display_3dB_Frequency  sweep_freq_response.o
    0x080028b0   0x080028b0   0x0000019c   Code   RO         4006    i.Display_Measurement_Statistics  sweep_freq_response.o
    0x08002a4c   0x08002a4c   0x000001d8   Code   RO         4007    i.Draw_Coordinate_System  sweep_freq_response.o
    0x08002c24   0x08002c24   0x00000004   Code   RO           47    i.Error_Handler     main.o
    0x08002c28   0x08002c28   0x00000118   Code   RO         2102    i.FSMC_NORSRAM_Extended_Timing_Init  stm32f4xx_ll_fsmc.o
    0x08002d40   0x08002d40   0x000001c8   Code   RO         2103    i.FSMC_NORSRAM_Init  stm32f4xx_ll_fsmc.o
    0x08002f08   0x08002f08   0x0000012c   Code   RO         2104    i.FSMC_NORSRAM_Timing_Init  stm32f4xx_ll_fsmc.o
    0x08003034   0x08003034   0x00000070   Code   RO         4008    i.Find_3dB_Frequency  sweep_freq_response.o
    0x080030a4   0x080030a4   0x00000034   Code   RO         4009    i.Force_Stop_All_Operations  sweep_freq_response.o
    0x080030d8   0x080030d8   0x00000358   Code   RO          824    i.HAL_ADCEx_InjectedConfigChannel  stm32f4xx_hal_adc_ex.o
    0x08003430   0x08003430   0x000001d4   Code   RO          656    i.HAL_ADC_ConfigChannel  stm32f4xx_hal_adc.o
    0x08003604   0x08003604   0x00000018   Code   RO          273    i.HAL_ADC_ConvCpltCallback  adc.o
    0x0800361c   0x0800361c   0x00000002   Code   RO          658    i.HAL_ADC_ConvHalfCpltCallback  stm32f4xx_hal_adc.o
    0x0800361e   0x0800361e   0x00000002   Code   RO          660    i.HAL_ADC_ErrorCallback  stm32f4xx_hal_adc.o
    0x08003620   0x08003620   0x00000220   Code   RO          665    i.HAL_ADC_Init      stm32f4xx_hal_adc.o
    0x08003840   0x08003840   0x0000009c   Code   RO          275    i.HAL_ADC_MspInit   adc.o
    0x080038dc   0x080038dc   0x000001c8   Code   RO          672    i.HAL_ADC_Start_DMA  stm32f4xx_hal_adc.o
    0x08003aa4   0x08003aa4   0x000000d0   Code   RO          675    i.HAL_ADC_Stop_DMA  stm32f4xx_hal_adc.o
    0x08003b74   0x08003b74   0x00000092   Code   RO         1406    i.HAL_DMA_Abort     stm32f4xx_hal_dma.o
    0x08003c06   0x08003c06   0x00000024   Code   RO         1407    i.HAL_DMA_Abort_IT  stm32f4xx_hal_dma.o
    0x08003c2a   0x08003c2a   0x00000002   PAD
    0x08003c2c   0x08003c2c   0x000001a0   Code   RO         1411    i.HAL_DMA_IRQHandler  stm32f4xx_hal_dma.o
    0x08003dcc   0x08003dcc   0x000002e0   Code   RO         1412    i.HAL_DMA_Init      stm32f4xx_hal_dma.o
    0x080040ac   0x080040ac   0x000000c8   Code   RO         1416    i.HAL_DMA_Start_IT  stm32f4xx_hal_dma.o
    0x08004174   0x08004174   0x00000024   Code   RO         1843    i.HAL_Delay         stm32f4xx_hal.o
    0x08004198   0x08004198   0x000000a8   Code   RO          350    i.HAL_FSMC_MspInit  fsmc.o
    0x08004240   0x08004240   0x000002fc   Code   RO         1299    i.HAL_GPIO_Init     stm32f4xx_hal_gpio.o
    0x0800453c   0x0800453c   0x00000058   Code   RO         1301    i.HAL_GPIO_ReadPin  stm32f4xx_hal_gpio.o
    0x08004594   0x08004594   0x0000006c   Code   RO         1303    i.HAL_GPIO_WritePin  stm32f4xx_hal_gpio.o
    0x08004600   0x08004600   0x0000000c   Code   RO         1849    i.HAL_GetTick       stm32f4xx_hal.o
    0x0800460c   0x0800460c   0x00000010   Code   RO         1855    i.HAL_IncTick       stm32f4xx_hal.o
    0x0800461c   0x0800461c   0x00000034   Code   RO         1856    i.HAL_Init          stm32f4xx_hal.o
    0x08004650   0x08004650   0x00000040   Code   RO         1857    i.HAL_InitTick      stm32f4xx_hal.o
    0x08004690   0x08004690   0x00000030   Code   RO          627    i.HAL_MspInit       stm32f4xx_hal_msp.o
    0x080046c0   0x080046c0   0x00000064   Code   RO         1691    i.HAL_NVIC_EnableIRQ  stm32f4xx_hal_cortex.o
    0x08004724   0x08004724   0x000000a0   Code   RO         1697    i.HAL_NVIC_SetPriority  stm32f4xx_hal_cortex.o
    0x080047c4   0x080047c4   0x00000080   Code   RO         1698    i.HAL_NVIC_SetPriorityGrouping  stm32f4xx_hal_cortex.o
    0x08004844   0x08004844   0x0000024c   Code   RO          930    i.HAL_RCC_ClockConfig  stm32f4xx_hal_rcc.o
    0x08004a90   0x08004a90   0x00000020   Code   RO          937    i.HAL_RCC_GetPCLK1Freq  stm32f4xx_hal_rcc.o
    0x08004ab0   0x08004ab0   0x00000020   Code   RO          938    i.HAL_RCC_GetPCLK2Freq  stm32f4xx_hal_rcc.o
    0x08004ad0   0x08004ad0   0x00000060   Code   RO          939    i.HAL_RCC_GetSysClockFreq  stm32f4xx_hal_rcc.o
    0x08004b30   0x08004b30   0x000004a8   Code   RO          942    i.HAL_RCC_OscConfig  stm32f4xx_hal_rcc.o
    0x08004fd8   0x08004fd8   0x0000005c   Code   RO         2224    i.HAL_SRAM_Init     stm32f4xx_hal_sram.o
    0x08005034   0x08005034   0x00000004   Code   RO          352    i.HAL_SRAM_MspInit  fsmc.o
    0x08005038   0x08005038   0x00000028   Code   RO         1702    i.HAL_SYSTICK_Config  stm32f4xx_hal_cortex.o
    0x08005060   0x08005060   0x00000150   Code   RO         3081    i.HAL_TIMEx_MasterConfigSynchronization  stm32f4xx_hal_tim_ex.o
    0x080051b0   0x080051b0   0x00000194   Code   RO         2357    i.HAL_TIM_Base_Init  stm32f4xx_hal_tim.o
    0x08005344   0x08005344   0x00000024   Code   RO          399    i.HAL_TIM_Base_MspInit  tim.o
    0x08005368   0x08005368   0x00000128   Code   RO         2360    i.HAL_TIM_Base_Start  stm32f4xx_hal_tim.o
    0x08005490   0x08005490   0x000000f8   Code   RO         2363    i.HAL_TIM_Base_Stop  stm32f4xx_hal_tim.o
    0x08005588   0x08005588   0x00000410   Code   RO         2366    i.HAL_TIM_ConfigClockSource  stm32f4xx_hal_tim.o
    0x08005998   0x08005998   0x00000002   Code   RO         3341    i.HAL_UARTEx_RxEventCallback  stm32f4xx_hal_uart.o
    0x0800599a   0x0800599a   0x00000002   Code   RO         3355    i.HAL_UART_ErrorCallback  stm32f4xx_hal_uart.o
    0x0800599c   0x0800599c   0x00000280   Code   RO         3358    i.HAL_UART_IRQHandler  stm32f4xx_hal_uart.o
    0x08005c1c   0x08005c1c   0x0000014c   Code   RO         3359    i.HAL_UART_Init     stm32f4xx_hal_uart.o
    0x08005d68   0x08005d68   0x0000007c   Code   RO          467    i.HAL_UART_MspInit  usart.o
    0x08005de4   0x08005de4   0x0000001c   Code   RO         3364    i.HAL_UART_Receive_IT  stm32f4xx_hal_uart.o
    0x08005e00   0x08005e00   0x00000034   Code   RO          468    i.HAL_UART_RxCpltCallback  usart.o
    0x08005e34   0x08005e34   0x000000a0   Code   RO         3367    i.HAL_UART_Transmit  stm32f4xx_hal_uart.o
    0x08005ed4   0x08005ed4   0x00000002   Code   RO          469    i.HAL_UART_TxCpltCallback  usart.o
    0x08005ed6   0x08005ed6   0x00000002   Code   RO          542    i.HardFault_Handler  stm32f4xx_it.o
    0x08005ed8   0x08005ed8   0x00000090   Code   RO         4132    i.KEY_Scan          key.o
    0x08005f68   0x08005f68   0x00000068   Code   RO         3731    i.LCD_Clear         lcd.o
    0x08005fd0   0x08005fd0   0x00000108   Code   RO         3735    i.LCD_Display_Dir   lcd.o
    0x080060d8   0x080060d8   0x00000128   Code   RO         4010    i.LCD_Display_Frequency  sweep_freq_response.o
    0x08006200   0x08006200   0x00000050   Code   RO         4011    i.LCD_Display_Title_Center  sweep_freq_response.o
    0x08006250   0x08006250   0x0000009a   Code   RO         3736    i.LCD_DrawLine      lcd.o
    0x080062ea   0x080062ea   0x00000002   PAD
    0x080062ec   0x080062ec   0x0000001c   Code   RO         3737    i.LCD_DrawPoint     lcd.o
    0x08006308   0x08006308   0x000000dc   Code   RO         3740    i.LCD_Fast_DrawPoint  lcd.o
    0x080063e4   0x080063e4   0x0000008c   Code   RO         3741    i.LCD_Fill          lcd.o
    0x08006470   0x08006470   0x000034ec   Code   RO         3742    i.LCD_Init          lcd.o
    0x0800995c   0x0800995c   0x00000014   Code   RO         3744    i.LCD_RD_DATA       lcd.o
    0x08009970   0x08009970   0x00000018   Code   RO         3746    i.LCD_ReadReg       lcd.o
    0x08009988   0x08009988   0x00000208   Code   RO         3747    i.LCD_Scan_Dir      lcd.o
    0x08009b90   0x08009b90   0x000000dc   Code   RO         3748    i.LCD_SetCursor     lcd.o
    0x08009c6c   0x08009c6c   0x000000d4   Code   RO         3750    i.LCD_ShowChar      lcd.o
    0x08009d40   0x08009d40   0x00000054   Code   RO         3752    i.LCD_ShowString    lcd.o
    0x08009d94   0x08009d94   0x00000018   Code   RO         3754    i.LCD_WR_DATA       lcd.o
    0x08009dac   0x08009dac   0x00000018   Code   RO         3755    i.LCD_WR_REG        lcd.o
    0x08009dc4   0x08009dc4   0x00000014   Code   RO         3757    i.LCD_WriteRAM_Prepare  lcd.o
    0x08009dd8   0x08009dd8   0x00000016   Code   RO         3758    i.LCD_WriteReg      lcd.o
    0x08009dee   0x08009dee   0x00000002   PAD
    0x08009df0   0x08009df0   0x000000f0   Code   RO          276    i.MX_ADC1_Init      adc.o
    0x08009ee0   0x08009ee0   0x0000002c   Code   RO          326    i.MX_DMA_Init       dma.o
    0x08009f0c   0x08009f0c   0x00000070   Code   RO          353    i.MX_FSMC_Init      fsmc.o
    0x08009f7c   0x08009f7c   0x00000174   Code   RO          249    i.MX_GPIO_Init      gpio.o
    0x0800a0f0   0x0800a0f0   0x00000068   Code   RO          400    i.MX_TIM2_Init      tim.o
    0x0800a158   0x0800a158   0x00000044   Code   RO          470    i.MX_USART1_UART_Init  usart.o
    0x0800a19c   0x0800a19c   0x00000188   Code   RO         4012    i.Measure_Single_Point  sweep_freq_response.o
    0x0800a324   0x0800a324   0x00000002   Code   RO          543    i.MemManage_Handler  stm32f4xx_it.o
    0x0800a326   0x0800a326   0x00000002   Code   RO          544    i.NMI_Handler       stm32f4xx_it.o
    0x0800a328   0x0800a328   0x00000002   Code   RO          545    i.PendSV_Handler    stm32f4xx_it.o
    0x0800a32a   0x0800a32a   0x00000002   PAD
    0x0800a32c   0x0800a32c   0x000000c0   Code   RO         4013    i.ProcessSampleData_F32  sweep_freq_response.o
    0x0800a3ec   0x0800a3ec   0x0000013c   Code   RO         4014    i.Process_ADC_Data_F32  sweep_freq_response.o
    0x0800a528   0x0800a528   0x00000002   Code   RO          546    i.SVC_Handler       stm32f4xx_it.o
    0x0800a52a   0x0800a52a   0x00000004   Code   RO          547    i.SysTick_Handler   stm32f4xx_it.o
    0x0800a52e   0x0800a52e   0x00000002   PAD
    0x0800a530   0x0800a530   0x00000094   Code   RO           48    i.SystemClock_Config  main.o
    0x0800a5c4   0x0800a5c4   0x00000010   Code   RO         3693    i.SystemInit        system_stm32f4xx.o
    0x0800a5d4   0x0800a5d4   0x000000d0   Code   RO         2450    i.TIM_Base_SetConfig  stm32f4xx_hal_tim.o
    0x0800a6a4   0x0800a6a4   0x00000014   Code   RO         2461    i.TIM_ETR_SetConfig  stm32f4xx_hal_tim.o
    0x0800a6b8   0x0800a6b8   0x00000010   Code   RO         2462    i.TIM_ITRx_SetConfig  stm32f4xx_hal_tim.o
    0x0800a6c8   0x0800a6c8   0x00000022   Code   RO         2468    i.TIM_TI1_ConfigInputStage  stm32f4xx_hal_tim.o
    0x0800a6ea   0x0800a6ea   0x00000024   Code   RO         2470    i.TIM_TI2_ConfigInputStage  stm32f4xx_hal_tim.o
    0x0800a70e   0x0800a70e   0x00000002   PAD
    0x0800a710   0x0800a710   0x00000170   Code   RO          401    i.Tim2_Config_AutoFs  tim.o
    0x0800a880   0x0800a880   0x0000000e   Code   RO         3372    i.UART_DMAAbortOnError  stm32f4xx_hal_uart.o
    0x0800a88e   0x0800a88e   0x0000004e   Code   RO         3382    i.UART_EndRxTransfer  stm32f4xx_hal_uart.o
    0x0800a8dc   0x0800a8dc   0x000000c2   Code   RO         3384    i.UART_Receive_IT   stm32f4xx_hal_uart.o
    0x0800a99e   0x0800a99e   0x00000002   PAD
    0x0800a9a0   0x0800a9a0   0x000001a0   Code   RO         3385    i.UART_SetConfig    stm32f4xx_hal_uart.o
    0x0800ab40   0x0800ab40   0x00000036   Code   RO         3387    i.UART_Start_Receive_IT  stm32f4xx_hal_uart.o
    0x0800ab76   0x0800ab76   0x00000072   Code   RO         3388    i.UART_WaitOnFlagUntilTimeout  stm32f4xx_hal_uart.o
    0x0800abe8   0x0800abe8   0x0000000c   Code   RO          548    i.USART1_IRQHandler  stm32f4xx_it.o
    0x0800abf4   0x0800abf4   0x00000002   Code   RO          549    i.UsageFault_Handler  stm32f4xx_it.o
    0x0800abf6   0x0800abf6   0x00000002   PAD
    0x0800abf8   0x0800abf8   0x00000020   Code   RO         4776    i.__0printf         mc_w.l(printfa.o)
    0x0800ac18   0x0800ac18   0x00000028   Code   RO         4778    i.__0sprintf        mc_w.l(printfa.o)
    0x0800ac40   0x0800ac40   0x00000026   Code   RO         4812    i.__ARM_fpclassifyf  m_wm.l(fpclassifyf.o)
    0x0800ac66   0x0800ac66   0x00000020   Code   RO         1704    i.__NVIC_SetPriority  stm32f4xx_hal_cortex.o
    0x0800ac86   0x0800ac86   0x00000002   PAD
    0x0800ac88   0x0800ac88   0x00000180   Code   RO         4478    i.__hardfp_log10f   m_wm.l(log10f.o)
    0x0800ae08   0x0800ae08   0x00000664   Code   RO         4492    i.__hardfp_powf     m_wm.l(powf.o)
    0x0800b46c   0x0800b46c   0x00000190   Code   RO         4506    i.__hardfp_sinf     m_wm.l(sinf.o)
    0x0800b5fc   0x0800b5fc   0x0000003a   Code   RO         4518    i.__hardfp_sqrtf    m_wm.l(sqrtf.o)
    0x0800b636   0x0800b636   0x00000002   PAD
    0x0800b638   0x0800b638   0x00000014   Code   RO         4814    i.__mathlib_flt_divzero  m_wm.l(funder.o)
    0x0800b64c   0x0800b64c   0x00000006   Code   RO         4815    i.__mathlib_flt_infnan  m_wm.l(funder.o)
    0x0800b652   0x0800b652   0x00000006   Code   RO         4816    i.__mathlib_flt_infnan2  m_wm.l(funder.o)
    0x0800b658   0x0800b658   0x00000010   Code   RO         4817    i.__mathlib_flt_invalid  m_wm.l(funder.o)
    0x0800b668   0x0800b668   0x00000010   Code   RO         4818    i.__mathlib_flt_overflow  m_wm.l(funder.o)
    0x0800b678   0x0800b678   0x00000010   Code   RO         4820    i.__mathlib_flt_underflow  m_wm.l(funder.o)
    0x0800b688   0x0800b688   0x00000154   Code   RO         4828    i.__mathlib_rredf2  m_wm.l(rredf.o)
    0x0800b7dc   0x0800b7dc   0x0000000e   Code   RO         4878    i.__scatterload_copy  mc_w.l(handlers.o)
    0x0800b7ea   0x0800b7ea   0x00000002   Code   RO         4879    i.__scatterload_null  mc_w.l(handlers.o)
    0x0800b7ec   0x0800b7ec   0x0000000e   Code   RO         4880    i.__scatterload_zeroinit  mc_w.l(handlers.o)
    0x0800b7fa   0x0800b7fa   0x00000002   PAD
    0x0800b7fc   0x0800b7fc   0x0000000c   Code   RO         4856    i.__set_errno       mc_w.l(errno.o)
    0x0800b808   0x0800b808   0x00000184   Code   RO         4783    i._fp_digits        mc_w.l(printfa.o)
    0x0800b98c   0x0800b98c   0x000006b4   Code   RO         4784    i._printf_core      mc_w.l(printfa.o)
    0x0800c040   0x0800c040   0x00000024   Code   RO         4785    i._printf_post_padding  mc_w.l(printfa.o)
    0x0800c064   0x0800c064   0x0000002e   Code   RO         4786    i._printf_pre_padding  mc_w.l(printfa.o)
    0x0800c092   0x0800c092   0x0000000a   Code   RO         4788    i._sputc            mc_w.l(printfa.o)
    0x0800c09c   0x0800c09c   0x00000040   Code   RO         3943    i.ad9851_reset_parallel  bsp_ad9851.o
    0x0800c0dc   0x0800c0dc   0x0000007c   Code   RO         3944    i.ad9851_reset_serial  bsp_ad9851.o
    0x0800c158   0x0800c158   0x00000054   Code   RO         3945    i.ad9851_wr_parallel  bsp_ad9851.o
    0x0800c1ac   0x0800c1ac   0x00000178   Code   RO         3946    i.ad9851_wr_serial  bsp_ad9851.o
    0x0800c324   0x0800c324   0x00000002   Code   RO           49    i.assert_failed     main.o
    0x0800c326   0x0800c326   0x00000002   PAD
    0x0800c328   0x0800c328   0x00000018   Code   RO          473    i.fputc             usart.o
    0x0800c340   0x0800c340   0x00000088   Code   RO           50    i.main              main.o
    0x0800c3c8   0x0800c3c8   0x00000118   Code   RO         4017    i.plot_Frequency_Response_Point  sweep_freq_response.o
    0x0800c4e0   0x0800c4e0   0x00000218   Code   RO         4162    i.spectrum_analysis  spectrum_analysis.o
    0x0800c6f8   0x0800c6f8   0x000000d0   Code   RO          403    i.tim2_set_fs       tim.o
    0x0800c7c8   0x0800c7c8   0x00000008   Data   RO         1418    .constdata          stm32f4xx_hal_dma.o
    0x0800c7d0   0x0800c7d0   0x00000010   Data   RO         3694    .constdata          system_stm32f4xx.o
    0x0800c7e0   0x0800c7e0   0x00000008   Data   RO         3695    .constdata          system_stm32f4xx.o
    0x0800c7e8   0x0800c7e8   0x000017c0   Data   RO         3761    .constdata          lcd.o
    0x0800dfa8   0x0800dfa8   0x0000003c   Data   RO         4019    .constdata          sweep_freq_response.o
    0x0800dfe4   0x0800dfe4   0x00000040   Data   RO         4481    .constdata          m_wm.l(log10f.o)
    0x0800e024   0x0800e024   0x00000140   Data   RO         4495    .constdata          m_wm.l(powf.o)
    0x0800e164   0x0800e164   0x00000020   Data   RO         4829    .constdata          m_wm.l(rredf.o)
    0x0800e184   0x0800e184   0x0000004e   Data   RO          405    .conststring        tim.o
    0x0800e1d2   0x0800e1d2   0x00000002   PAD
    0x0800e1d4   0x0800e1d4   0x00000117   Data   RO         4020    .conststring        sweep_freq_response.o
    0x0800e2eb   0x0800e2eb   0x00000001   PAD
    0x0800e2ec   0x0800e2ec   0x00000e10   Data   RO         4313    .rodata.armBitRevIndexTable1024  arm_cortexM4lf_math.lib(arm_common_tables.o)
    0x0800f0fc   0x0800f0fc   0x000001a0   Data   RO         4310    .rodata.armBitRevIndexTable128  arm_cortexM4lf_math.lib(arm_common_tables.o)
    0x0800f29c   0x0800f29c   0x00000028   Data   RO         4307    .rodata.armBitRevIndexTable16  arm_cortexM4lf_math.lib(arm_common_tables.o)
    0x0800f2c4   0x0800f2c4   0x00001dc0   Data   RO         4314    .rodata.armBitRevIndexTable2048  arm_cortexM4lf_math.lib(arm_common_tables.o)
    0x08011084   0x08011084   0x00000370   Data   RO         4311    .rodata.armBitRevIndexTable256  arm_cortexM4lf_math.lib(arm_common_tables.o)
    0x080113f4   0x080113f4   0x00000060   Data   RO         4308    .rodata.armBitRevIndexTable32  arm_cortexM4lf_math.lib(arm_common_tables.o)
    0x08011454   0x08011454   0x00001f80   Data   RO         4315    .rodata.armBitRevIndexTable4096  arm_cortexM4lf_math.lib(arm_common_tables.o)
    0x080133d4   0x080133d4   0x00000380   Data   RO         4312    .rodata.armBitRevIndexTable512  arm_cortexM4lf_math.lib(arm_common_tables.o)
    0x08013754   0x08013754   0x00000070   Data   RO         4309    .rodata.armBitRevIndexTable64  arm_cortexM4lf_math.lib(arm_common_tables.o)
    0x080137c4   0x080137c4   0x00000010   Data   RO         4419    .rodata.arm_cfft_sR_f32_len1024  arm_cortexM4lf_math.lib(arm_const_structs.o)
    0x080137d4   0x080137d4   0x00000010   Data   RO         4416    .rodata.arm_cfft_sR_f32_len128  arm_cortexM4lf_math.lib(arm_const_structs.o)
    0x080137e4   0x080137e4   0x00000010   Data   RO         4413    .rodata.arm_cfft_sR_f32_len16  arm_cortexM4lf_math.lib(arm_const_structs.o)
    0x080137f4   0x080137f4   0x00000010   Data   RO         4420    .rodata.arm_cfft_sR_f32_len2048  arm_cortexM4lf_math.lib(arm_const_structs.o)
    0x08013804   0x08013804   0x00000010   Data   RO         4417    .rodata.arm_cfft_sR_f32_len256  arm_cortexM4lf_math.lib(arm_const_structs.o)
    0x08013814   0x08013814   0x00000010   Data   RO         4414    .rodata.arm_cfft_sR_f32_len32  arm_cortexM4lf_math.lib(arm_const_structs.o)
    0x08013824   0x08013824   0x00000010   Data   RO         4421    .rodata.arm_cfft_sR_f32_len4096  arm_cortexM4lf_math.lib(arm_const_structs.o)
    0x08013834   0x08013834   0x00000010   Data   RO         4418    .rodata.arm_cfft_sR_f32_len512  arm_cortexM4lf_math.lib(arm_const_structs.o)
    0x08013844   0x08013844   0x00000010   Data   RO         4415    .rodata.arm_cfft_sR_f32_len64  arm_cortexM4lf_math.lib(arm_const_structs.o)
    0x08013854   0x08013854   0x00002000   Data   RO         4277    .rodata.twiddleCoef_1024  arm_cortexM4lf_math.lib(arm_common_tables.o)
    0x08015854   0x08015854   0x00000400   Data   RO         4274    .rodata.twiddleCoef_128  arm_cortexM4lf_math.lib(arm_common_tables.o)
    0x08015c54   0x08015c54   0x00000080   Data   RO         4271    .rodata.twiddleCoef_16  arm_cortexM4lf_math.lib(arm_common_tables.o)
    0x08015cd4   0x08015cd4   0x00004000   Data   RO         4278    .rodata.twiddleCoef_2048  arm_cortexM4lf_math.lib(arm_common_tables.o)
    0x08019cd4   0x08019cd4   0x00000800   Data   RO         4275    .rodata.twiddleCoef_256  arm_cortexM4lf_math.lib(arm_common_tables.o)
    0x0801a4d4   0x0801a4d4   0x00000100   Data   RO         4272    .rodata.twiddleCoef_32  arm_cortexM4lf_math.lib(arm_common_tables.o)
    0x0801a5d4   0x0801a5d4   0x00008000   Data   RO         4279    .rodata.twiddleCoef_4096  arm_cortexM4lf_math.lib(arm_common_tables.o)
    0x080225d4   0x080225d4   0x00001000   Data   RO         4276    .rodata.twiddleCoef_512  arm_cortexM4lf_math.lib(arm_common_tables.o)
    0x080235d4   0x080235d4   0x00000200   Data   RO         4273    .rodata.twiddleCoef_64  arm_cortexM4lf_math.lib(arm_common_tables.o)
    0x080237d4   0x080237d4   0x00001000   Data   RO         4338    .rodata.twiddleCoef_rfft_1024  arm_cortexM4lf_math.lib(arm_common_tables.o)
    0x080247d4   0x080247d4   0x00000200   Data   RO         4335    .rodata.twiddleCoef_rfft_128  arm_cortexM4lf_math.lib(arm_common_tables.o)
    0x080249d4   0x080249d4   0x00002000   Data   RO         4339    .rodata.twiddleCoef_rfft_2048  arm_cortexM4lf_math.lib(arm_common_tables.o)
    0x080269d4   0x080269d4   0x00000400   Data   RO         4336    .rodata.twiddleCoef_rfft_256  arm_cortexM4lf_math.lib(arm_common_tables.o)
    0x08026dd4   0x08026dd4   0x00000080   Data   RO         4333    .rodata.twiddleCoef_rfft_32  arm_cortexM4lf_math.lib(arm_common_tables.o)
    0x08026e54   0x08026e54   0x00004000   Data   RO         4340    .rodata.twiddleCoef_rfft_4096  arm_cortexM4lf_math.lib(arm_common_tables.o)
    0x0802ae54   0x0802ae54   0x00000800   Data   RO         4337    .rodata.twiddleCoef_rfft_512  arm_cortexM4lf_math.lib(arm_common_tables.o)
    0x0802b654   0x0802b654   0x00000100   Data   RO         4334    .rodata.twiddleCoef_rfft_64  arm_cortexM4lf_math.lib(arm_common_tables.o)
    0x0802b754   0x0802b754   0x00000020   Data   RO         4876    Region$$Table       anon$$obj.o


    Execution Region RW_IRAM1 (Exec base: 0x20000000, Load base: 0x0802b774, Size: 0x0000cb50, Max: 0x0001c000, ABSOLUTE, COMPRESSED[0x0000007c])

    Exec Addr    Load Addr    Size         Type   Attr      Idx    E Section Name        Object

    0x20000000   COMPRESSED   0x00003000   Data   RW          277    .bss                adc.o
    0x20003000   COMPRESSED   0x00000001   Data   RW          279    .data               adc.o
    0x20003001   COMPRESSED   0x00000003   PAD
    0x20003004   COMPRESSED   0x00000008   Data   RW          355    .data               fsmc.o
    0x2000300c   COMPRESSED   0x00000004   Data   RW          406    .data               tim.o
    0x20003010   COMPRESSED   0x00000001   Data   RW          475    .data               usart.o
    0x20003011   COMPRESSED   0x00000003   PAD
    0x20003014   COMPRESSED   0x0000000c   Data   RW         1863    .data               stm32f4xx_hal.o
    0x20003020   COMPRESSED   0x00000004   Data   RW         3696    .data               system_stm32f4xx.o
    0x20003024   COMPRESSED   0x00000004   Data   RW         3762    .data               lcd.o
    0x20003028   COMPRESSED   0x00000020   Data   RW         4022    .data               sweep_freq_response.o
    0x20003048   COMPRESSED   0x00000010   Data   RW         4133    .data               key.o
    0x20003058   COMPRESSED   0x00000004   Data   RW         4847    .data               mc_w.l(stdout.o)
    0x2000305c   COMPRESSED   0x00000004   Data   RW         4857    .data               mc_w.l(errno.o)
    0x20003060        -       0x000000a8   Zero   RW          278    .bss                adc.o
    0x20003108        -       0x00000050   Zero   RW          354    .bss                fsmc.o
    0x20003158        -       0x00000048   Zero   RW          404    .bss                tim.o
    0x200031a0        -       0x00000048   Zero   RW          474    .bss                usart.o
    0x200031e8        -       0x0000000e   Zero   RW         3760    .bss                lcd.o
    0x200031f6   COMPRESSED   0x00000002   PAD
    0x200031f8        -       0x00006550   Zero   RW         4018    .bss                sweep_freq_response.o
    0x20009748        -       0x00003004   Zero   RW         4163    .bss                spectrum_analysis.o
    0x2000c74c   COMPRESSED   0x00000004   PAD
    0x2000c750        -       0x00000400   Zero   RW            1    STACK               startup_stm32f407xx.o


    Execution Region RW_IRAM2 (Exec base: 0x2001c000, Load base: 0x0802b7f0, Size: 0x00000000, Max: 0x00004000, ABSOLUTE)

    **** No section assigned to this execution region ****


==============================================================================

Image component sizes


      Code (inc. data)   RO Data    RW Data    ZI Data      Debug   Object Name

       420         42          0      12289        168       2681   adc.o
         0          0          0          0          0       4500   armlib_lock_glue.o
       826         54          0          0          0       5250   bsp_ad9851.o
        44          4          0          0          0        790   dma.o
       284         34          0          8         80       2279   fsmc.o
       372         32          0          0          0       1211   gpio.o
       144         10          0         16          0       1213   key.o
     15628        140       6080          4         14      24100   lcd.o
       290         36          0          0          0     726096   main.o
       536         16          0          0      12292      19692   spectrum_analysis.o
        36          8        392          0       1024        844   startup_stm32f407xx.o
       180         28          0         12          0       9473   stm32f4xx_hal.o
      2198        376          0          0          0       8057   stm32f4xx_hal_adc.o
       856         76          0          0          0       1698   stm32f4xx_hal_adc_ex.o
       460        196          0          0          0      34019   stm32f4xx_hal_cortex.o
      1698        138          8          0          0       7590   stm32f4xx_hal_dma.o
       960        232          0          0          0       3083   stm32f4xx_hal_gpio.o
        48          6          0          0          0        874   stm32f4xx_hal_msp.o
      1940        184          0          0          0       5504   stm32f4xx_hal_rcc.o
        92          0          0          0          0       1244   stm32f4xx_hal_sram.o
      2302        478          0          0          0       8178   stm32f4xx_hal_tim.o
       336         94          0          0          0       1464   stm32f4xx_hal_tim_ex.o
      2034        160          0          0          0      11098   stm32f4xx_hal_uart.o
        44         12          0          0          0       5200   stm32f4xx_it.o
      1036        190          0          0          0       4407   stm32f4xx_ll_fsmc.o
      5812       1260        339         32      25936      21090   sweep_freq_response.o
        16          4         24          4          0       1151   system_stm32f4xx.o
       716         82         78          4         72       3904   tim.o
       270         44          0          1         72       3445   usart.o

    ----------------------------------------------------------------------
     39602       3936       6956      12376      39664     920135   Object Totals
         0          0         32          0          0          0   (incl. Generated)
        24          0          3          6          6          0   (incl. Padding)

    ----------------------------------------------------------------------

      Code (inc. data)   RO Data    RW Data    ZI Data      Debug   Library Member Name

        68          0          0          0          0       1792   arm_bitreversal2.o
      1652          0          0          0          0       7236   arm_cfft_f32.o
       180          0          0          0          0       1283   arm_cfft_init_f32.o
      1458          4          0          0          0       5452   arm_cfft_radix8_f32.o
         0          0     119768          0          0       6294   arm_common_tables.o
         0          0        144          0          0       4820   arm_const_structs.o
       430          0          0          0          0       3280   arm_rfft_fast_f32.o
       466          0          0          0          0       3844   arm_rfft_fast_init_f32.o
        38          0          0          0          0        116   fpclassifyf.o
        80         24          0          0          0        696   funder.o
       384         52         64          0          0        140   log10f.o
      1636        110        320          0          0        372   powf.o
       340         24         32          0          0        160   rredf.o
       400         56          0          0          0        212   sinf.o
        58          0          0          0          0        136   sqrtf.o
        86          0          0          0          0          0   __dczerorl2.o
         0          0          0          0          0          0   entry.o
         0          0          0          0          0          0   entry10a.o
         0          0          0          0          0          0   entry11a.o
         4          0          0          0          0          0   entry12b.o
         8          4          0          0          0          0   entry2.o
         4          0          0          0          0          0   entry5.o
         0          0          0          0          0          0   entry7b.o
         0          0          0          0          0          0   entry8b.o
         8          4          0          0          0          0   entry9a.o
        12          6          0          4          0         68   errno.o
        30          0          0          0          0          0   handlers.o
        36          8          0          0          0         68   init.o
         0          0          0          0          0          0   iusefp.o
        30          0          0          0          0         68   llshl.o
        36          0          0          0          0         68   llsshr.o
        32          0          0          0          0         68   llushr.o
        36          0          0          0          0         68   memcpya.o
        36          0          0          0          0        108   memseta.o
      2268         96          0          0          0        616   printfa.o
         0          0          0          4          0          0   stdout.o
        14          0          0          0          0         68   strlen.o
        44          0          0          0          0         80   uidiv.o
        98          0          0          0          0         92   uldiv.o
        48          0          0          0          0         68   cdrcmple.o
       334          0          0          0          0        148   dadd.o
       222          0          0          0          0        100   ddiv.o
       186          0          0          0          0        176   depilogue.o
        62          0          0          0          0         80   dfixi.o
        48          0          0          0          0         68   dfixul.o
       228          0          0          0          0         96   dmul.o
        38          0          0          0          0         68   f2d.o
         4          0          0          0          0         68   fpstat.o

    ----------------------------------------------------------------------
     11150        388     120328          8          0      38077   Library Totals
         8          0          0          0          0          0   (incl. Padding)

    ----------------------------------------------------------------------

      Code (inc. data)   RO Data    RW Data    ZI Data      Debug   Library Name

      4254          4     119912          0          0      34001   arm_cortexM4lf_math.lib
      2936        266        416          0          0       1832   m_wm.l
      2782        118          0          8          0       1372   mc_w.l
      1170          0          0          0          0        872   mf_w.l

    ----------------------------------------------------------------------
     11150        388     120328          8          0      38077   Library Totals

    ----------------------------------------------------------------------

==============================================================================


      Code (inc. data)   RO Data    RW Data    ZI Data      Debug   

     50752       4324     127284      12384      39664     943072   Grand Totals
     50752       4324     127284        124      39664     943072   ELF Image Totals (compressed)
     50752       4324     127284        124          0          0   ROM Totals

==============================================================================

    Total RO  Size (Code + RO Data)               178036 ( 173.86kB)
    Total RW  Size (RW Data + ZI Data)             52048 (  50.83kB)
    Total ROM Size (Code + RO Data + RW Data)     178160 ( 173.98kB)

==============================================================================

